
> sites-landing@0.0.1 build /private/tmp/libx-gnu-grep-update-formal-940/sites/landing
> astro build

06:33:31 [vite] Re-optimizing dependencies because vite config has changed
06:33:31 [content] Syncing content
06:33:31 [content] Synced content
06:33:31 [types] Generated 215ms
06:33:31 [build] output: "static"
06:33:31 [build] mode: "static"
06:33:31 [build] directory: /private/tmp/libx-gnu-grep-update-formal-940/sites/landing/dist/
06:33:31 [build] Collecting build info...
06:33:31 [build] ✓ Completed in 232ms.
06:33:31 [build] Building static entrypoints...
06:33:32 [vite] ✓ built in 961ms
06:33:32 [build] ✓ Completed in 983ms.

 building client (vite) 
06:33:32 [vite] transforming...
06:33:32 [vite] ✓ 11 modules transformed.
06:33:32 [vite] rendering chunks...
06:33:32 [vite] computing gzip size...
06:33:32 [vite] dist/assets/Banner.astro_astro_type_script_index_0_lang.JXV-v118.js            0.32 kB │ gzip: 0.24 kB
06:33:32 [vite] dist/assets/ThemeToggle.astro_astro_type_script_index_0_lang.BDHHZQnD.js       0.69 kB │ gzip: 0.36 kB
06:33:32 [vite] dist/assets/SidebarPersister.astro_astro_type_script_index_0_lang.1HBmR04Y.js  0.79 kB │ gzip: 0.46 kB
06:33:32 [vite] dist/assets/Sidebar.astro_astro_type_script_index_0_lang.Dr4m1BH4.js           0.90 kB │ gzip: 0.38 kB
06:33:32 [vite] dist/assets/Navigation.astro_astro_type_script_index_0_lang.BxRkvq3w.js        0.97 kB │ gzip: 0.44 kB
06:33:32 [vite] dist/assets/TableOfContents.astro_astro_type_script_index_0_lang.ClgIWJ3a.js   1.05 kB │ gzip: 0.54 kB
06:33:32 [vite] dist/assets/Search.astro_astro_type_script_index_0_lang.DfbPoSz4.js            1.70 kB │ gzip: 0.91 kB
06:33:32 [vite] dist/assets/search-client.8T0gqxS2.js                                          1.97 kB │ gzip: 1.02 kB
06:33:32 [vite] dist/assets/GroupSidebar.astro_astro_type_script_index_0_lang.CHMaUHWQ.js      2.33 kB │ gzip: 1.05 kB
06:33:32 [vite] ✓ built in 67ms

 generating static routes 
06:33:32 ▶ src/pages/404.astro
06:33:32   └─ /404.html (+977ms) 
06:33:33 ▶ src/pages/[lang]/index.astro
06:33:33   ├─ /en/index.html (+8ms) 
06:33:33   ├─ /ja/index.html (+6ms) 
06:33:33   ├─ /zh-Hans/index.html (+6ms) 
06:33:33   ├─ /zh-Hant/index.html (+6ms) 
06:33:33   ├─ /es/index.html (+5ms) 
06:33:33   ├─ /pt-BR/index.html (+6ms) 
06:33:33   ├─ /ko/index.html (+5ms) 
06:33:33   ├─ /de/index.html (+7ms) 
06:33:33   ├─ /fr/index.html (+5ms) 
06:33:33   ├─ /ru/index.html (+5ms) 
06:33:33   ├─ /ar/index.html (+5ms) 
06:33:33   ├─ /id/index.html (+5ms) 
06:33:33   ├─ /tr/index.html (+5ms) 
06:33:33   ├─ /hi/index.html (+5ms) 
06:33:33   └─ /vi/index.html (+5ms) 
06:33:33 ▶ src/pages/index.astro
06:33:33   └─ /index.html (+0ms) 
06:33:33 ✓ Completed in 1.07s.

06:33:33 [build] 16 page(s) built in 2.36s
06:33:33 [build] Complete!
