01-introduction 3
02-invoking 3
03-command-line-options 3
04-generic-program-information 3
05-matching-control 10
06-general-output-control 14
07-output-line-prefix-control 9
08-context-line-control 14
09-file-directory-selection 18
10-other-options 7
11-environment-variables 25
12-exit-status 2
13-grep-programs 13
14-regular-expressions 2
15-fundamental-structure 15
16-character-classes-bracket-expressions 28
17-special-backslash-expressions 14
18-anchoring 2
19-back-references-subexpressions 3
20-basic-extended-regular-expressions 7
21-problematic-regular-expressions 28
22-character-encoding 4
23-non-ascii-non-printable 4
24-usage 24
