
> libx@ build:selective /private/tmp/libx-diffutils-update-formal-938
> node scripts/build-selective.js --projects\=gnu-diffutils\,landing

【情報】gnu-diffutils をビルドしています...

> apps-gnu-diffutils@0.0.1 prebuild /private/tmp/libx-diffutils-update-formal-938/apps/gnu-diffutils
> libx-docs-prepare --projects=gnu-diffutils

【情報】選択的サイドバー生成を開始します...
【情報】指定されたプロジェクト: gnu-diffutils
【情報】プロジェクト gnu-diffutils の処理を開始します...
  - en/v3-12 のサイドバーを生成中...
  - JSONファイルを保存しました: /private/tmp/libx-diffutils-update-formal-938/apps/gnu-diffutils/public/sidebar.prepared-7157/sidebar-en-v3-12.json
  - ja/v3-12 のサイドバーを生成中...
  - JSONファイルを保存しました: /private/tmp/libx-diffutils-update-formal-938/apps/gnu-diffutils/public/sidebar.prepared-7157/sidebar-ja-v3-12.json
【情報】選択的サイドバー生成が完了しました
【情報】処理したプロジェクト: gnu-diffutils
検索索引 v3-12/en: 63ページ、124469 bytes
検索索引 v3-12/ja: 62ページ、117479 bytes
検索索引生成: 2件、138ms

> apps-gnu-diffutils@0.0.1 build /private/tmp/libx-diffutils-update-formal-938/apps/gnu-diffutils
> astro build

05:57:14 [content] Syncing content
05:57:14 [content] Synced content
05:57:14 [types] Generated 243ms
05:57:14 [build] output: "static"
05:57:14 [build] mode: "static"
05:57:14 [build] directory: /private/tmp/libx-diffutils-update-formal-938/apps/gnu-diffutils/dist/
05:57:14 [build] Collecting build info...
05:57:14 [build] ✓ Completed in 259ms.
05:57:14 [build] Building static entrypoints...
05:57:15 [vite] ✓ built in 1.09s
05:57:15 [build] ✓ Completed in 1.11s.

 building client (vite) 
05:57:15 [vite] transforming...
05:57:15 [vite] ✓ 14 modules transformed.
05:57:15 [vite] rendering chunks...
05:57:15 [vite] computing gzip size...
05:57:15 [vite] dist/assets/DocLayout.astro_astro_type_script_index_0_lang.SnA9FtQP.js         0.06 kB │ gzip: 0.08 kB
05:57:15 [vite] dist/assets/MainLayout.astro_astro_type_script_index_0_lang.B1BawXRQ.js        0.16 kB │ gzip: 0.15 kB
05:57:15 [vite] dist/assets/Banner.astro_astro_type_script_index_0_lang.JXV-v118.js            0.32 kB │ gzip: 0.24 kB
05:57:15 [vite] dist/assets/ThemeToggle.astro_astro_type_script_index_0_lang.BDHHZQnD.js       0.69 kB │ gzip: 0.36 kB
05:57:15 [vite] dist/assets/VersionDiff.astro_astro_type_script_index_0_lang.DQPfIGNm.js       0.69 kB │ gzip: 0.47 kB
05:57:15 [vite] dist/assets/SidebarPersister.astro_astro_type_script_index_0_lang.1HBmR04Y.js  0.79 kB │ gzip: 0.46 kB
05:57:15 [vite] dist/assets/Sidebar.astro_astro_type_script_index_0_lang.Dr4m1BH4.js           0.90 kB │ gzip: 0.38 kB
05:57:15 [vite] dist/assets/Navigation.astro_astro_type_script_index_0_lang.BxRkvq3w.js        0.97 kB │ gzip: 0.44 kB
05:57:15 [vite] dist/assets/TableOfContents.astro_astro_type_script_index_0_lang.ClgIWJ3a.js   1.05 kB │ gzip: 0.54 kB
05:57:15 [vite] dist/assets/Search.astro_astro_type_script_index_0_lang.M1MkIwDb.js            1.71 kB │ gzip: 0.93 kB
05:57:15 [vite] dist/assets/search-client.8T0gqxS2.js                                          1.97 kB │ gzip: 1.02 kB
05:57:15 [vite] dist/assets/GroupSidebar.astro_astro_type_script_index_0_lang.CHMaUHWQ.js      2.33 kB │ gzip: 1.05 kB
05:57:15 [vite] ✓ built in 34ms

 generating static routes 
05:57:15 ▶ src/pages/404.astro
05:57:15   └─ /404.html (+23ms) 
05:57:15 ▶ src/pages/[version]/[lang]/index.astro
05:57:15   ├─ /v3-12/en/index.html (+9ms) 
05:57:15   └─ /v3-12/ja/index.html (+6ms) 
05:57:15 ▶ src/pages/[version]/index.astro
05:57:15   └─ /v3-12/index.html (+1ms) 
05:57:15 ▶ src/pages/index.astro
05:57:15   └─ /index.html (+2ms) 
05:57:15 ▶ src/pages/[version]/[lang]/[...slug].astro
05:57:15   ├─ /v3-12/en/01-guide/01-overview/index.html (+12ms) 
05:57:15   ├─ /v3-12/en/01-guide/02-comparison/index.html (+6ms) 
05:57:15   ├─ /v3-12/en/01-guide/03-hunks/index.html (+5ms) 
05:57:15   ├─ /v3-12/en/01-guide/05-blank-lines/index.html (+6ms) 
05:57:15   ├─ /v3-12/en/01-guide/04-white-space/index.html (+6ms) 
05:57:15   ├─ /v3-12/en/01-guide/07-case-folding/index.html (+6ms) 
05:57:15   ├─ /v3-12/en/01-guide/08-brief/index.html (+5ms) 
05:57:15   ├─ /v3-12/en/01-guide/06-specified-lines/index.html (+5ms) 
05:57:15   ├─ /v3-12/en/01-guide/09-binary/index.html (+6ms) 
05:57:15   ├─ /v3-12/en/01-guide/10-mutating-files/index.html (+5ms) 
05:57:15   ├─ /v3-12/en/01-guide/11-output-formats/index.html (+5ms) 
05:57:15   ├─ /v3-12/en/01-guide/12-sample-diff-input/index.html (+6ms) 
05:57:15   ├─ /v3-12/en/01-guide/13-context/index.html (+7ms) 
05:57:15   ├─ /v3-12/en/01-guide/15-example-context/index.html (+5ms) 
05:57:15   ├─ /v3-12/en/01-guide/16-less-context/index.html (+5ms) 
05:57:15   ├─ /v3-12/en/01-guide/14-context-format/index.html (+5ms) 
05:57:15   ├─ /v3-12/en/01-guide/17-detailed-context/index.html (+5ms) 
05:57:15   ├─ /v3-12/en/01-guide/19-example-unified/index.html (+5ms) 
05:57:15   ├─ /v3-12/en/01-guide/18-unified-format/index.html (+5ms) 
05:57:15   ├─ /v3-12/en/01-guide/20-detailed-unified/index.html (+5ms) 
05:57:15   ├─ /v3-12/en/01-guide/21-sections/index.html (+6ms) 
05:57:15   ├─ /v3-12/en/01-guide/22-specified-headings/index.html (+5ms) 
05:57:15   ├─ /v3-12/en/01-guide/23-c-function-headings/index.html (+5ms) 
05:57:15   ├─ /v3-12/en/01-guide/24-alternate-names/index.html (+5ms) 
05:57:15   ├─ /v3-12/en/01-guide/25-side-by-side/index.html (+5ms) 
05:57:15   ├─ /v3-12/en/01-guide/26-side-by-side-format/index.html (+5ms) 
05:57:15   ├─ /v3-12/en/01-guide/27-example-side-by-side/index.html (+5ms) 
05:57:15   ├─ /v3-12/en/01-guide/28-normal/index.html (+5ms) 
05:57:15   ├─ /v3-12/en/01-guide/29-example-normal/index.html (+5ms) 
05:57:16   ├─ /v3-12/en/01-guide/30-detailed-normal/index.html (+5ms) 
05:57:16   ├─ /v3-12/en/01-guide/31-scripts/index.html (+4ms) 
05:57:16   ├─ /v3-12/en/01-guide/32-ed-scripts/index.html (+5ms) 
05:57:16   ├─ /v3-12/en/01-guide/33-example-ed/index.html (+5ms) 
05:57:16   ├─ /v3-12/en/01-guide/34-detailed-ed/index.html (+4ms) 
05:57:16   ├─ /v3-12/en/01-guide/35-forward-ed/index.html (+4ms) 
05:57:16   ├─ /v3-12/en/01-guide/36-rcs/index.html (+5ms) 
05:57:16   ├─ /v3-12/en/01-guide/38-line-group-formats/index.html (+5ms) 
05:57:16   ├─ /v3-12/en/01-guide/37-if-then-else/index.html (+5ms) 
05:57:16   ├─ /v3-12/en/01-guide/40-example-if-then-else/index.html (+5ms) 
05:57:16   ├─ /v3-12/en/01-guide/39-line-formats/index.html (+5ms) 
05:57:16   ├─ /v3-12/en/01-guide/41-detailed-if-then-else/index.html (+6ms) 
05:57:16   ├─ /v3-12/en/01-guide/42-incomplete-lines/index.html (+5ms) 
05:57:16   ├─ /v3-12/en/01-guide/43-comparing-directories/index.html (+5ms) 
05:57:16   ├─ /v3-12/en/01-guide/45-tabs/index.html (+5ms) 
05:57:16   ├─ /v3-12/en/01-guide/44-adjusting-output/index.html (+6ms) 
05:57:16   ├─ /v3-12/en/01-guide/46-trailing-blanks/index.html (+5ms) 
05:57:16   ├─ /v3-12/en/01-guide/47-pagination/index.html (+5ms) 
05:57:16   ├─ /v3-12/en/01-guide/48-diff-performance/index.html (+5ms) 
05:57:16   ├─ /v3-12/en/01-guide/49-comparing-three-files/index.html (+5ms) 
05:57:16   ├─ /v3-12/en/01-guide/50-sample-diff3-input/index.html (+5ms) 
05:57:16   ├─ /v3-12/en/01-guide/51-example-diff3-normal/index.html (+4ms) 
05:57:16   ├─ /v3-12/en/01-guide/52-detailed-diff3-normal/index.html (+4ms) 
05:57:16   ├─ /v3-12/en/01-guide/53-diff3-hunks/index.html (+5ms) 
05:57:16   ├─ /v3-12/en/01-guide/54-diff3-merging/index.html (+5ms) 
05:57:16   ├─ /v3-12/en/01-guide/56-marking-conflicts/index.html (+5ms) 
05:57:16   ├─ /v3-12/en/01-guide/55-which-changes/index.html (+5ms) 
05:57:16   ├─ /v3-12/en/01-guide/57-bypassing-ed/index.html (+5ms) 
05:57:16   ├─ /v3-12/en/01-guide/58-merging-incomplete-lines/index.html (+5ms) 
05:57:16   ├─ /v3-12/en/01-guide/59-saving-the-changed-file/index.html (+5ms) 
05:57:16   ├─ /v3-12/en/01-guide/60-interactive-merging/index.html (+4ms) 
05:57:16   ├─ /v3-12/en/02-reference/01-gfdl/index.html (+4ms) 
05:57:16   ├─ /v3-12/ja/01-guide/03-hunks/index.html (+6ms) 
05:57:16   ├─ /v3-12/ja/01-guide/02-comparison/index.html (+5ms) 
05:57:16   ├─ /v3-12/ja/01-guide/01-overview/index.html (+4ms) 
05:57:16   ├─ /v3-12/en/01-guide/62-merge-commands/index.html (+4ms) 
05:57:16   ├─ /v3-12/ja/01-guide/04-white-space/index.html (+5ms) 
05:57:16   ├─ /v3-12/ja/01-guide/06-specified-lines/index.html (+6ms) 
05:57:16   ├─ /v3-12/ja/01-guide/07-case-folding/index.html (+4ms) 
05:57:16   ├─ /v3-12/en/01-guide/61-sdiff-option-summary/index.html (+5ms) 
05:57:16   ├─ /v3-12/ja/01-guide/05-blank-lines/index.html (+4ms) 
05:57:16   ├─ /v3-12/ja/01-guide/11-output-formats/index.html (+5ms) 
05:57:16   ├─ /v3-12/ja/01-guide/08-brief/index.html (+5ms) 
05:57:16   ├─ /v3-12/ja/01-guide/09-binary/index.html (+5ms) 
05:57:16   ├─ /v3-12/ja/01-guide/10-mutating-files/index.html (+4ms) 
05:57:16   ├─ /v3-12/ja/01-guide/12-sample-diff-input/index.html (+5ms) 
05:57:16   ├─ /v3-12/ja/01-guide/13-context/index.html (+5ms) 
05:57:16   ├─ /v3-12/ja/01-guide/14-context-format/index.html (+4ms) 
05:57:16   ├─ /v3-12/ja/01-guide/15-example-context/index.html (+5ms) 
05:57:16   ├─ /v3-12/ja/01-guide/16-less-context/index.html (+5ms) 
05:57:16   ├─ /v3-12/ja/01-guide/17-detailed-context/index.html (+5ms) 
05:57:16   ├─ /v3-12/ja/01-guide/21-sections/index.html (+4ms) 
05:57:16   ├─ /v3-12/ja/01-guide/22-specified-headings/index.html (+5ms) 
05:57:16   ├─ /v3-12/ja/01-guide/18-unified-format/index.html (+5ms) 
05:57:16   ├─ /v3-12/ja/01-guide/19-example-unified/index.html (+5ms) 
05:57:16   ├─ /v3-12/ja/01-guide/20-detailed-unified/index.html (+4ms) 
05:57:16   ├─ /v3-12/ja/01-guide/24-alternate-names/index.html (+4ms) 
05:57:16   ├─ /v3-12/ja/01-guide/25-side-by-side/index.html (+5ms) 
05:57:16   ├─ /v3-12/ja/01-guide/23-c-function-headings/index.html (+5ms) 
05:57:16   ├─ /v3-12/ja/01-guide/26-side-by-side-format/index.html (+4ms) 
05:57:16   ├─ /v3-12/ja/01-guide/27-example-side-by-side/index.html (+5ms) 
05:57:16   ├─ /v3-12/ja/01-guide/31-scripts/index.html (+5ms) 
05:57:16   ├─ /v3-12/ja/01-guide/33-example-ed/index.html (+5ms) 
05:57:16   ├─ /v3-12/ja/01-guide/32-ed-scripts/index.html (+4ms) 
05:57:16   ├─ /v3-12/ja/01-guide/28-normal/index.html (+5ms) 
05:57:16   ├─ /v3-12/ja/01-guide/34-detailed-ed/index.html (+5ms) 
05:57:16   ├─ /v3-12/ja/01-guide/35-forward-ed/index.html (+5ms) 
05:57:16   ├─ /v3-12/ja/01-guide/36-rcs/index.html (+5ms) 
05:57:16   ├─ /v3-12/ja/01-guide/29-example-normal/index.html (+5ms) 
05:57:16   ├─ /v3-12/ja/01-guide/37-if-then-else/index.html (+5ms) 
05:57:16   ├─ /v3-12/ja/01-guide/30-detailed-normal/index.html (+5ms) 
05:57:16   ├─ /v3-12/ja/01-guide/41-detailed-if-then-else/index.html (+5ms) 
05:57:16   ├─ /v3-12/ja/01-guide/39-line-formats/index.html (+5ms) 
05:57:16   ├─ /v3-12/ja/01-guide/40-example-if-then-else/index.html (+5ms) 
05:57:16   ├─ /v3-12/ja/01-guide/44-adjusting-output/index.html (+5ms) 
05:57:16   ├─ /v3-12/ja/01-guide/38-line-group-formats/index.html (+5ms) 
05:57:16   ├─ /v3-12/ja/01-guide/45-tabs/index.html (+4ms) 
05:57:16   ├─ /v3-12/ja/01-guide/43-comparing-directories/index.html (+5ms) 
05:57:16   ├─ /v3-12/ja/01-guide/46-trailing-blanks/index.html (+5ms) 
05:57:16   ├─ /v3-12/ja/01-guide/42-incomplete-lines/index.html (+5ms) 
05:57:16   ├─ /v3-12/ja/01-guide/47-pagination/index.html (+5ms) 
05:57:16   ├─ /v3-12/ja/01-guide/49-comparing-three-files/index.html (+6ms) 
05:57:16   ├─ /v3-12/ja/01-guide/48-diff-performance/index.html (+5ms) 
05:57:16   ├─ /v3-12/ja/01-guide/51-example-diff3-normal/index.html (+5ms) 
05:57:16   ├─ /v3-12/ja/01-guide/52-detailed-diff3-normal/index.html (+5ms) 
05:57:16   ├─ /v3-12/ja/01-guide/53-diff3-hunks/index.html (+5ms) 
05:57:16   ├─ /v3-12/ja/01-guide/50-sample-diff3-input/index.html (+5ms) 
05:57:16   ├─ /v3-12/ja/01-guide/54-diff3-merging/index.html (+5ms) 
05:57:16   ├─ /v3-12/ja/01-guide/55-which-changes/index.html (+5ms) 
05:57:16   ├─ /v3-12/ja/01-guide/56-marking-conflicts/index.html (+5ms) 
05:57:16   ├─ /v3-12/ja/01-guide/57-bypassing-ed/index.html (+5ms) 
05:57:16   ├─ /v3-12/ja/01-guide/58-merging-incomplete-lines/index.html (+5ms) 
05:57:16   ├─ /v3-12/ja/01-guide/59-saving-the-changed-file/index.html (+5ms) 
05:57:16   ├─ /v3-12/ja/01-guide/60-interactive-merging/index.html (+6ms) 
05:57:16   ├─ /v3-12/ja/01-guide/61-sdiff-option-summary/index.html (+5ms) 
05:57:16   └─ /v3-12/ja/01-guide/62-merge-commands/index.html (+4ms) 
05:57:16 ✓ Completed in 674ms.

05:57:16 [build] 130 page(s) built in 2.12s
05:57:16 [build] Complete!
【情報】landing をビルドしています...

> sites-landing@0.0.1 build /private/tmp/libx-diffutils-update-formal-938/sites/landing
> astro build

5:57:18 AM [vite] (ssr) Error when evaluating SSR module /private/tmp/libx-diffutils-update-formal-938/sites/landing/astro.config.mjs: Cannot find module '@docs/config' imported from '/private/tmp/libx-diffutils-update-formal-938/sites/landing/astro.config.mjs'
      at fetchModule (file:///private/tmp/libx-gnu-time-formal-928/node_modules/.pnpm/vite@6.3.5_@types+node@20.19.25_jiti@1.21.7_yaml@2.7.1/node_modules/vite/dist/node/chunks/dep-DBxKXgDP.js:46813:19)
      at RunnableDevEnvironment.fetchModule (file:///private/tmp/libx-gnu-time-formal-928/node_modules/.pnpm/vite@6.3.5_@types+node@20.19.25_jiti@1.21.7_yaml@2.7.1/node_modules/vite/dist/node/chunks/dep-DBxKXgDP.js:47904:12)
      at fetchModule (file:///private/tmp/libx-gnu-time-formal-928/node_modules/.pnpm/vite@6.3.5_@types+node@20.19.25_jiti@1.21.7_yaml@2.7.1/node_modules/vite/dist/node/chunks/dep-DBxKXgDP.js:47858:21)
      at handleInvoke (file:///private/tmp/libx-gnu-time-formal-928/node_modules/.pnpm/vite@6.3.5_@types+node@20.19.25_jiti@1.21.7_yaml@2.7.1/node_modules/vite/dist/node/chunks/dep-DBxKXgDP.js:38973:28)
      at EventEmitter.listenerForInvokeHandler (file:///private/tmp/libx-gnu-time-formal-928/node_modules/.pnpm/vite@6.3.5_@types+node@20.19.25_jiti@1.21.7_yaml@2.7.1/node_modules/vite/dist/node/chunks/dep-DBxKXgDP.js:39046:25)
      at EventEmitter.emit (node:events:509:28)
      at Object.send (file:///private/tmp/libx-gnu-time-formal-928/node_modules/.pnpm/vite@6.3.5_@types+node@20.19.25_jiti@1.21.7_yaml@2.7.1/node_modules/vite/dist/node/chunks/dep-DBxKXgDP.js:25190:40)
      at Object.invoke (file:///private/tmp/libx-gnu-time-formal-928/node_modules/.pnpm/vite@6.3.5_@types+node@20.19.25_jiti@1.21.7_yaml@2.7.1/node_modules/vite/dist/node/module-runner.js:621:34)
      at Object.invoke (file:///private/tmp/libx-gnu-time-formal-928/node_modules/.pnpm/vite@6.3.5_@types+node@20.19.25_jiti@1.21.7_yaml@2.7.1/node_modules/vite/dist/node/module-runner.js:682:34)
      at SSRCompatModuleRunner.getModuleInformation (file:///private/tmp/libx-gnu-time-formal-928/node_modules/.pnpm/vite@6.3.5_@types+node@20.19.25_jiti@1.21.7_yaml@2.7.1/node_modules/vite/dist/node/module-runner.js:1205:94)
[astro] Unable to load your Astro config

Cannot find module '@docs/config' imported from '/private/tmp/libx-diffutils-update-formal-938/sites/landing/astro.config.mjs'
  Location:
    /private/tmp/libx-gnu-time-formal-928/node_modules/.pnpm/vite@6.3.5_@types+node@20.19.25_jiti@1.21.7_yaml@2.7.1/node_modules/vite/dist/node/chunks/dep-DBxKXgDP.js:46813:19
  Stack trace:
    at fetchModule (file:///private/tmp/libx-gnu-time-formal-928/node_modules/.pnpm/vite@6.3.5_@types+node@20.19.25_jiti@1.21.7_yaml@2.7.1/node_modules/vite/dist/node/chunks/dep-DBxKXgDP.js:46813:19)
    at fetchModule (file:///private/tmp/libx-gnu-time-formal-928/node_modules/.pnpm/vite@6.3.5_@types+node@20.19.25_jiti@1.21.7_yaml@2.7.1/node_modules/vite/dist/node/chunks/dep-DBxKXgDP.js:47858:21)
    at EventEmitter.listenerForInvokeHandler (file:///private/tmp/libx-gnu-time-formal-928/node_modules/.pnpm/vite@6.3.5_@types+node@20.19.25_jiti@1.21.7_yaml@2.7.1/node_modules/vite/dist/node/chunks/dep-DBxKXgDP.js:39046:25)
    at Object.send (file:///private/tmp/libx-gnu-time-formal-928/node_modules/.pnpm/vite@6.3.5_@types+node@20.19.25_jiti@1.21.7_yaml@2.7.1/node_modules/vite/dist/node/chunks/dep-DBxKXgDP.js:25190:40)
    at Object.invoke (file:///private/tmp/libx-gnu-time-formal-928/node_modules/.pnpm/vite@6.3.5_@types+node@20.19.25_jiti@1.21.7_yaml@2.7.1/node_modules/vite/dist/node/module-runner.js:682:34)
/private/tmp/libx-diffutils-update-formal-938/sites/landing:
 ERR_PNPM_RECURSIVE_RUN_FIRST_FAIL  sites-landing@0.0.1 build: `astro build`
Exit status 1
 WARN   Local package.json exists, but node_modules missing, did you mean to install?
【エラー】Command failed: pnpm --filter=sites-landing build
 ELIFECYCLE  Command failed with exit code 1.
