
> sites-landing@0.0.1 build /private/tmp/libx-diffutils-update-formal-938/sites/landing
> astro build

05:57:34 [vite] Re-optimizing dependencies because vite config has changed
05:57:34 [content] Syncing content
05:57:34 [content] Synced content
05:57:34 [types] Generated 125ms
05:57:34 [build] output: "static"
05:57:34 [build] mode: "static"
05:57:34 [build] directory: /private/tmp/libx-diffutils-update-formal-938/sites/landing/dist/
05:57:34 [build] Collecting build info...
05:57:34 [build] ✓ Completed in 137ms.
05:57:34 [build] Building static entrypoints...
05:57:35 [vite] ✓ built in 883ms
05:57:35 [build] ✓ Completed in 903ms.

 building client (vite) 
05:57:35 [vite] transforming...
05:57:35 [vite] ✓ 11 modules transformed.
05:57:35 [vite] rendering chunks...
05:57:35 [vite] computing gzip size...
05:57:35 [vite] dist/assets/Banner.astro_astro_type_script_index_0_lang.JXV-v118.js            0.32 kB │ gzip: 0.24 kB
05:57:35 [vite] dist/assets/ThemeToggle.astro_astro_type_script_index_0_lang.BDHHZQnD.js       0.69 kB │ gzip: 0.36 kB
05:57:35 [vite] dist/assets/SidebarPersister.astro_astro_type_script_index_0_lang.1HBmR04Y.js  0.79 kB │ gzip: 0.46 kB
05:57:35 [vite] dist/assets/Sidebar.astro_astro_type_script_index_0_lang.Dr4m1BH4.js           0.90 kB │ gzip: 0.38 kB
05:57:35 [vite] dist/assets/Navigation.astro_astro_type_script_index_0_lang.BxRkvq3w.js        0.97 kB │ gzip: 0.44 kB
05:57:35 [vite] dist/assets/TableOfContents.astro_astro_type_script_index_0_lang.ClgIWJ3a.js   1.05 kB │ gzip: 0.54 kB
05:57:35 [vite] dist/assets/Search.astro_astro_type_script_index_0_lang.DfbPoSz4.js            1.70 kB │ gzip: 0.91 kB
05:57:35 [vite] dist/assets/search-client.8T0gqxS2.js                                          1.97 kB │ gzip: 1.02 kB
05:57:35 [vite] dist/assets/GroupSidebar.astro_astro_type_script_index_0_lang.CHMaUHWQ.js      2.33 kB │ gzip: 1.05 kB
05:57:35 [vite] ✓ built in 53ms

 generating static routes 
05:57:35 ▶ src/pages/404.astro
05:57:35   └─ /404.html (+977ms) 
05:57:36 ▶ src/pages/[lang]/index.astro
05:57:36   ├─ /en/index.html (+8ms) 
05:57:36   ├─ /ja/index.html (+5ms) 
05:57:36   ├─ /zh-Hans/index.html (+5ms) 
05:57:36   ├─ /zh-Hant/index.html (+5ms) 
05:57:36   ├─ /es/index.html (+5ms) 
05:57:36   ├─ /pt-BR/index.html (+5ms) 
05:57:36   ├─ /ko/index.html (+5ms) 
05:57:36   ├─ /de/index.html (+6ms) 
05:57:36   ├─ /fr/index.html (+5ms) 
05:57:36   ├─ /ru/index.html (+5ms) 
05:57:36   ├─ /ar/index.html (+4ms) 
05:57:36   ├─ /id/index.html (+4ms) 
05:57:36   ├─ /tr/index.html (+5ms) 
05:57:36   ├─ /hi/index.html (+5ms) 
05:57:36   └─ /vi/index.html (+4ms) 
05:57:36 ▶ src/pages/index.astro
05:57:36   └─ /index.html (+1ms) 
05:57:36 ✓ Completed in 1.06s.

05:57:36 [build] 16 page(s) built in 2.16s
05:57:36 [build] Complete!
