01-overview 11
02-comparison 7
03-hunks 5
04-white-space 6
05-blank-lines 4
06-specified-lines 4
07-case-folding 6
08-brief 5
09-binary 9
10-mutating-files 4
11-output-formats 2
12-sample-diff-input 5
13-context 4
14-context-format 3
15-example-context 2
16-less-context 2
17-detailed-context 11
18-unified-format 3
19-example-unified 2
20-detailed-unified 10
21-sections 2
22-specified-headings 7
23-c-function-headings 3
24-alternate-names 3
25-side-by-side 14
26-side-by-side-format 3
27-example-side-by-side 2
28-normal 2
29-example-normal 2
30-detailed-normal 6
31-scripts 2
32-ed-scripts 4
33-example-ed 2
34-detailed-ed 7
35-forward-ed 3
36-rcs 3
37-if-then-else 5
38-line-group-formats 27
39-line-formats 18
40-example-if-then-else 2
41-detailed-if-then-else 6
42-incomplete-lines 6
43-comparing-directories 11
