
> libx@ build:selective /private/tmp/libx-diffutils-chapter10-formal-944
> node scripts/build-selective.js --projects\=gnu-diffutils\,landing --reuse

【情報】gnu-diffutils: 入力と出力を照合し、検証済み成果物を再利用します
【情報】landing: 再生成します (検証済み成果物目録がありません。再ビルドしてください: landing)
【情報】landing をビルドしています...

> sites-landing@0.0.1 build /private/tmp/libx-diffutils-chapter10-formal-944/sites/landing
> astro build

07:27:18 [content] Syncing content
07:27:18 [content] Synced content
07:27:18 [types] Generated 1.32s
07:27:18 [build] output: "static"
07:27:18 [build] mode: "static"
07:27:18 [build] directory: /private/tmp/libx-diffutils-chapter10-formal-944/sites/landing/dist/
07:27:18 [build] Collecting build info...
07:27:18 [build] ✓ Completed in 1.34s.
07:27:18 [build] Building static entrypoints...
07:27:19 [vite] ✓ built in 943ms
07:27:19 [build] ✓ Completed in 966ms.

 building client (vite) 
07:27:19 [vite] transforming...
07:27:19 [vite] ✓ 11 modules transformed.
07:27:19 [vite] rendering chunks...
07:27:19 [vite] computing gzip size...
07:27:19 [vite] dist/assets/Banner.astro_astro_type_script_index_0_lang.JXV-v118.js            0.32 kB │ gzip: 0.24 kB
07:27:19 [vite] dist/assets/ThemeToggle.astro_astro_type_script_index_0_lang.BDHHZQnD.js       0.69 kB │ gzip: 0.36 kB
07:27:19 [vite] dist/assets/SidebarPersister.astro_astro_type_script_index_0_lang.1HBmR04Y.js  0.79 kB │ gzip: 0.46 kB
07:27:19 [vite] dist/assets/Sidebar.astro_astro_type_script_index_0_lang.Dr4m1BH4.js           0.90 kB │ gzip: 0.38 kB
07:27:19 [vite] dist/assets/Navigation.astro_astro_type_script_index_0_lang.BxRkvq3w.js        0.97 kB │ gzip: 0.44 kB
07:27:19 [vite] dist/assets/TableOfContents.astro_astro_type_script_index_0_lang.ClgIWJ3a.js   1.05 kB │ gzip: 0.54 kB
07:27:19 [vite] dist/assets/Search.astro_astro_type_script_index_0_lang.DfbPoSz4.js            1.70 kB │ gzip: 0.91 kB
07:27:19 [vite] dist/assets/search-client.8T0gqxS2.js                                          1.97 kB │ gzip: 1.02 kB
07:27:19 [vite] dist/assets/GroupSidebar.astro_astro_type_script_index_0_lang.CHMaUHWQ.js      2.33 kB │ gzip: 1.05 kB
07:27:19 [vite] ✓ built in 32ms

 generating static routes 
07:27:19 ▶ src/pages/404.astro
07:27:19   └─ /404.html (+1.06s) 
07:27:20 ▶ src/pages/[lang]/index.astro
07:27:20   ├─ /en/index.html (+8ms) 
07:27:20   ├─ /ja/index.html (+6ms) 
07:27:20   ├─ /zh-Hans/index.html (+5ms) 
07:27:20   ├─ /zh-Hant/index.html (+6ms) 
07:27:20   ├─ /es/index.html (+5ms) 
07:27:20   ├─ /pt-BR/index.html (+5ms) 
07:27:20   ├─ /ko/index.html (+5ms) 
07:27:20   ├─ /de/index.html (+7ms) 
07:27:20   ├─ /fr/index.html (+5ms) 
07:27:20   ├─ /ru/index.html (+5ms) 
07:27:20   ├─ /ar/index.html (+5ms) 
07:27:20   ├─ /id/index.html (+5ms) 
07:27:20   ├─ /tr/index.html (+5ms) 
07:27:20   ├─ /hi/index.html (+5ms) 
07:27:21   └─ /vi/index.html (+5ms) 
07:27:21 ▶ src/pages/index.astro
07:27:21   └─ /index.html (+0ms) 
07:27:21 ✓ Completed in 1.15s.

07:27:21 [build] 16 page(s) built in 3.49s
07:27:21 [build] Complete!
【情報】選択的統合ビルド: {"selected":["gnu-diffutils","landing"],"built":["landing"],"reused":["gnu-diffutils"],"groups":[],"removedJavaScriptFiles":27}
