
> libx@ check:integrity /private/tmp/libx-diffutils-chapter10-formal-944
> node scripts/validate-repository-integrity.js && node scripts/validate-category-structure.js && node scripts/sync-docs-layouts.js --check

Repository integrity: OK

カテゴリ構造検証
──────────
【作業】プロジェクト "awesome/overview" のカテゴリ構造を検証します
【注意】現在の文書構造で未使用のカテゴリIDがあります: back-end-development, big-data, books, business, computer-science, content-management-systems, databases, decentralized-systems, development-environment, editors, entertainment, events, front-end-development, gaming, hardware, health-and-social-science, learn, media, miscellaneous, networking, platforms, programming-languages, related, security, testing, theory, work
【完了】カテゴリIDと既定言語 "en" の表示名が文書構造と一致しています。
【作業】プロジェクト "awesome/web" のカテゴリ構造を検証します
【注意】現在の文書構造で未使用のカテゴリIDがあります: big-data, books, business, computer-science, databases, decentralized-systems, development-environment, editors, entertainment, events, gaming, hardware, health-and-social-science, learn, media, miscellaneous, networking, overview, platforms, programming-languages, related, security, theory, work
【完了】カテゴリIDと既定言語 "en" の表示名が文書構造と一致しています。
【作業】プロジェクト "awesome/languages" のカテゴリ構造を検証します
【注意】現在の文書構造で未使用のカテゴリIDがあります: back-end-development, big-data, books, business, computer-science, content-management-systems, databases, decentralized-systems, entertainment, events, front-end-development, gaming, hardware, health-and-social-science, learn, media, miscellaneous, networking, overview, platforms, related, security, testing, theory, work
【完了】カテゴリIDと既定言語 "en" の表示名が文書構造と一致しています。
【作業】プロジェクト "awesome/systems" のカテゴリ構造を検証します
【注意】現在の文書構造で未使用のカテゴリIDがあります: back-end-development, big-data, books, business, computer-science, content-management-systems, databases, development-environment, editors, entertainment, events, front-end-development, gaming, health-and-social-science, learn, media, miscellaneous, overview, programming-languages, related, testing, theory, work
【完了】カテゴリIDと既定言語 "en" の表示名が文書構造と一致しています。
【作業】プロジェクト "awesome/science" のカテゴリ構造を検証します
【注意】現在の文書構造で未使用のカテゴリIDがあります: back-end-development, books, business, content-management-systems, decentralized-systems, development-environment, editors, entertainment, events, front-end-development, gaming, hardware, learn, media, miscellaneous, networking, overview, platforms, programming-languages, related, security, testing, work
【完了】カテゴリIDと既定言語 "en" の表示名が文書構造と一致しています。
【作業】プロジェクト "awesome/creative" のカテゴリ構造を検証します
【注意】現在の文書構造で未使用のカテゴリIDがあります: back-end-development, big-data, books, business, computer-science, content-management-systems, databases, decentralized-systems, development-environment, editors, events, front-end-development, hardware, health-and-social-science, learn, miscellaneous, networking, overview, platforms, programming-languages, related, security, testing, theory, work
【完了】カテゴリIDと既定言語 "en" の表示名が文書構造と一致しています。
【作業】プロジェクト "awesome/community" のカテゴリ構造を検証します
【注意】現在の文書構造で未使用のカテゴリIDがあります: back-end-development, big-data, computer-science, content-management-systems, databases, decentralized-systems, development-environment, editors, entertainment, front-end-development, gaming, hardware, health-and-social-science, media, networking, overview, platforms, programming-languages, security, testing, theory
【完了】カテゴリIDと既定言語 "en" の表示名が文書構造と一致しています。
【作業】プロジェクト "cjson" のカテゴリ構造を検証します
【完了】カテゴリIDと既定言語 "en" の表示名が文書構造と一致しています。
【作業】プロジェクト "commonmark" のカテゴリ構造を検証します
【完了】カテゴリIDと既定言語 "en" の表示名が文書構造と一致しています。
【作業】プロジェクト "fmt" のカテゴリ構造を検証します
【完了】カテゴリIDと既定言語 "en" の表示名が文書構造と一致しています。
【作業】プロジェクト "glfw" のカテゴリ構造を検証します
【完了】カテゴリIDと既定言語 "en" の表示名が文書構造と一致しています。
【作業】プロジェクト "gnu-diffutils" のカテゴリ構造を検証します
【完了】カテゴリIDと既定言語 "en" の表示名が文書構造と一致しています。
【作業】プロジェクト "gnu-ed" のカテゴリ構造を検証します
【完了】カテゴリIDと既定言語 "en" の表示名が文書構造と一致しています。
【作業】プロジェクト "gnu-findutils" のカテゴリ構造を検証します
【完了】カテゴリIDと既定言語 "en" の表示名が文書構造と一致しています。
【作業】プロジェクト "gnu-grep" のカテゴリ構造を検証します
【完了】カテゴリIDと既定言語 "en" の表示名が文書構造と一致しています。
【作業】プロジェクト "gnu-gzip" のカテゴリ構造を検証します
【完了】カテゴリIDと既定言語 "en" の表示名が文書構造と一致しています。
【作業】プロジェクト "gnu-make" のカテゴリ構造を検証します
【完了】カテゴリIDと既定言語 "en" の表示名が文書構造と一致しています。
【作業】プロジェクト "gnu-sed" のカテゴリ構造を検証します
【完了】カテゴリIDと既定言語 "en" の表示名が文書構造と一致しています。
【作業】プロジェクト "gnu-time" のカテゴリ構造を検証します
【完了】カテゴリIDと既定言語 "en" の表示名が文書構造と一致しています。
【作業】プロジェクト "gperf" のカテゴリ構造を検証します
【完了】カテゴリIDと既定言語 "en" の表示名が文書構造と一致しています。
【作業】プロジェクト "jq" のカテゴリ構造を検証します
【完了】カテゴリIDと既定言語 "en" の表示名が文書構造と一致しています。
【作業】プロジェクト "libuv" のカテゴリ構造を検証します
【完了】カテゴリIDと既定言語 "en" の表示名が文書構造と一致しています。
【作業】プロジェクト "lua" のカテゴリ構造を検証します
【完了】カテゴリIDと既定言語 "en" の表示名が文書構造と一致しています。
【作業】プロジェクト "lz4" のカテゴリ構造を検証します
【完了】カテゴリIDと既定言語 "en" の表示名が文書構造と一致しています。
【作業】プロジェクト "mdbook" のカテゴリ構造を検証します
【完了】カテゴリIDと既定言語 "en" の表示名が文書構造と一致しています。
【作業】プロジェクト "ninja" のカテゴリ構造を検証します
【完了】カテゴリIDと既定言語 "en" の表示名が文書構造と一致しています。
【作業】プロジェクト "pcre2" のカテゴリ構造を検証します
【完了】カテゴリIDと既定言語 "en" の表示名が文書構造と一致しています。
【作業】プロジェクト "pugixml" のカテゴリ構造を検証します
【完了】カテゴリIDと既定言語 "en" の表示名が文書構造と一致しています。
【作業】プロジェクト "rapidjson" のカテゴリ構造を検証します
【完了】カテゴリIDと既定言語 "en" の表示名が文書構造と一致しています。
【作業】プロジェクト "sample-docs" のカテゴリ構造を検証します
【完了】カテゴリIDと既定言語 "en" の表示名が文書構造と一致しています。
【作業】プロジェクト "sds" のカテゴリ構造を検証します
【完了】カテゴリIDと既定言語 "en" の表示名が文書構造と一致しています。
【作業】プロジェクト "spdlog" のカテゴリ構造を検証します
【完了】カテゴリIDと既定言語 "en" の表示名が文書構造と一致しています。
【作業】プロジェクト "test-verification" のカテゴリ構造を検証します
【完了】カテゴリIDと既定言語 "en" の表示名が文書構造と一致しています。
【作業】プロジェクト "toml" のカテゴリ構造を検証します
【完了】カテゴリIDと既定言語 "en" の表示名が文書構造と一致しています。
【作業】プロジェクト "uthash" のカテゴリ構造を検証します
【完了】カテゴリIDと既定言語 "en" の表示名が文書構造と一致しています。
【作業】プロジェクト "wren" のカテゴリ構造を検証します
【完了】カテゴリIDと既定言語 "en" の表示名が文書構造と一致しています。
【作業】プロジェクト "xxhash" のカテゴリ構造を検証します
【完了】カテゴリIDと既定言語 "en" の表示名が文書構造と一致しています。
【作業】プロジェクト "yyjson" のカテゴリ構造を検証します
【完了】カテゴリIDと既定言語 "en" の表示名が文書構造と一致しています。
【作業】プロジェクト "zlib" のカテゴリ構造を検証します
【完了】カテゴリIDと既定言語 "en" の表示名が文書構造と一致しています。
【作業】プロジェクト "zstd" のカテゴリ構造を検証します
【完了】カテゴリIDと既定言語 "en" の表示名が文書構造と一致しています。

【完了】すべてのプロジェクトでカテゴリ構造の整合性が確認されました。
レイアウト同期検査: 132ファイル一致
