apps/fmt/astro.config.mjs 22ms
apps/fmt/package.json 1ms (unchanged)
apps/fmt/src/config/project.config.jsonc 4ms
apps/fmt/src/content/config.ts 33ms (unchanged)
apps/fmt/src/layouts/DocLayout.astro 100ms (unchanged)
apps/fmt/src/layouts/MainLayout.astro 51ms (unchanged)
apps/fmt/src/lib/navigation.ts 5ms (unchanged)
apps/fmt/src/pages/[version]/[lang]/[...slug].astro 34ms (unchanged)
apps/fmt/src/pages/[version]/[lang]/index.astro 22ms (unchanged)
apps/fmt/src/pages/[version]/index.astro 3ms (unchanged)
apps/fmt/src/pages/404.astro 15ms (unchanged)
apps/fmt/src/pages/index.astro 2ms (unchanged)
apps/fmt/src/plugins/rehype-explicit-headings.mjs 5ms
apps/fmt/src/styles/global.css 1ms
apps/fmt/tsconfig.json 1ms
scripts/importers/import-fmt-12.2.0.mjs 24ms
scripts/importers/check-fmt-canonical.mjs 16ms
scripts/importers/check-fmt-api-translation.mjs 9ms
scripts/importers/check-fmt-api-assembly.mjs 11ms
scripts/importers/check-fmt-content.mjs 11ms
sites/landing/src/config/projects.config.jsonc 1ms
.github/workflows/cloudflare-pages-deploy.yml 25ms (unchanged)
pnpm-lock.yaml 959ms
