
> libx@ build:template /private/tmp/libx-fmt-import-20261002
> pnpm --filter=template-docs-site build


> template-docs-site@0.0.1 prebuild /private/tmp/libx-fmt-import-20261002/templates/docs-site
> libx-docs-prepare --template=docs-site

【情報】選択的サイドバー生成を開始します...
【情報】指定されたテンプレート: docs-site
【情報】テンプレート docs-site の処理を開始します...
  - en/v1 のサイドバーを生成中...
  - JSONファイルを保存しました: /private/tmp/libx-fmt-import-20261002/templates/docs-site/public/sidebar.prepared-81275/sidebar-en-v1.json
  - ja/v1 のサイドバーを生成中...
  - JSONファイルを保存しました: /private/tmp/libx-fmt-import-20261002/templates/docs-site/public/sidebar.prepared-81275/sidebar-ja-v1.json
【情報】選択的サイドバー生成が完了しました
【情報】処理したテンプレート: docs-site
検索索引 v1/en: 1ページ、3088 bytes
検索索引 v1/ja: 1ページ、4062 bytes
検索索引生成: 2件、19ms

> template-docs-site@0.0.1 build /private/tmp/libx-fmt-import-20261002/templates/docs-site
> astro build

02:15:25 [content] Syncing content
02:15:25 [content] Synced content
02:15:25 [types] Generated 223ms
02:15:25 [build] output: "static"
02:15:25 [build] mode: "static"
02:15:25 [build] directory: /private/tmp/libx-fmt-import-20261002/templates/docs-site/dist/
02:15:25 [build] Collecting build info...
02:15:25 [build] ✓ Completed in 237ms.
02:15:25 [build] Building static entrypoints...
02:15:26 [vite] ✓ built in 1.13s
02:15:26 [build] ✓ Completed in 1.15s.

 building client (vite) 
02:15:26 [vite] transforming...
02:15:26 [vite] ✓ 13 modules transformed.
02:15:26 [vite] rendering chunks...
02:15:26 [vite] computing gzip size...
02:15:26 [vite] dist/assets/MainLayout.astro_astro_type_script_index_0_lang.CgtbQ1Lj.js        0.16 kB │ gzip: 0.15 kB
02:15:26 [vite] dist/assets/Banner.astro_astro_type_script_index_0_lang.JXV-v118.js            0.32 kB │ gzip: 0.24 kB
02:15:26 [vite] dist/assets/ThemeToggle.astro_astro_type_script_index_0_lang.BDHHZQnD.js       0.69 kB │ gzip: 0.36 kB
02:15:26 [vite] dist/assets/VersionDiff.astro_astro_type_script_index_0_lang.DQPfIGNm.js       0.69 kB │ gzip: 0.47 kB
02:15:26 [vite] dist/assets/SidebarPersister.astro_astro_type_script_index_0_lang.1HBmR04Y.js  0.79 kB │ gzip: 0.46 kB
02:15:26 [vite] dist/assets/Sidebar.astro_astro_type_script_index_0_lang.Dr4m1BH4.js           0.90 kB │ gzip: 0.38 kB
02:15:26 [vite] dist/assets/Navigation.astro_astro_type_script_index_0_lang.BxRkvq3w.js        0.97 kB │ gzip: 0.44 kB
02:15:26 [vite] dist/assets/TableOfContents.astro_astro_type_script_index_0_lang.ClgIWJ3a.js   1.05 kB │ gzip: 0.54 kB
02:15:26 [vite] dist/assets/Search.astro_astro_type_script_index_0_lang.C5Ejufl6.js            1.71 kB │ gzip: 0.92 kB
02:15:26 [vite] dist/assets/search-client.8T0gqxS2.js                                          1.97 kB │ gzip: 1.02 kB
02:15:26 [vite] dist/assets/GroupSidebar.astro_astro_type_script_index_0_lang.CHMaUHWQ.js      2.33 kB │ gzip: 1.05 kB
02:15:26 [vite] ✓ built in 31ms

 generating static routes 
02:15:26 ▶ src/pages/404.astro
02:15:26   └─ /404.html (+9ms) 
02:15:26 ▶ src/pages/[version]/[lang]/index.astro
02:15:26   ├─ /v1/en/index.html (+4ms) 
02:15:26   └─ /v1/ja/index.html (+2ms) 
02:15:26 ▶ src/pages/[version]/index.astro
02:15:26   └─ /v1/index.html (+1ms) 
02:15:26 ▶ src/pages/index.astro
02:15:26   └─ /index.html (+0ms) 
02:15:26 ▶ src/pages/[version]/[lang]/[...slug].astro
02:15:26   ├─ /v1/en/01-guide/01-getting-started/index.html (+8ms) 
02:15:26   └─ /v1/ja/01-guide/01-getting-started/index.html (+4ms) 
02:15:26 ✓ Completed in 40ms.

02:15:26 [build] 7 page(s) built in 1.47s
02:15:26 [build] Complete!
