
> libx@ build:selective /private/tmp/libx-gnu-findutils-formal-917
> node scripts/build-selective.js --projects\=gnu-findutils\,landing --reuse

【情報】gnu-findutils: 入力と出力を照合し、検証済み成果物を再利用します
【情報】landing: 再生成します (検証済み成果物目録がありません。再ビルドしてください: landing)
【情報】landing をビルドしています...

> sites-landing@0.0.1 build /private/tmp/libx-gnu-findutils-formal-917/sites/landing
> astro build

20:18:27 [content] Syncing content
20:18:27 [content] Synced content
20:18:27 [types] Generated 176ms
20:18:27 [build] output: "static"
20:18:27 [build] mode: "static"
20:18:27 [build] directory: /private/tmp/libx-gnu-findutils-formal-917/sites/landing/dist/
20:18:27 [build] Collecting build info...
20:18:27 [build] ✓ Completed in 189ms.
20:18:27 [build] Building static entrypoints...
20:18:28 [vite] ✓ built in 879ms
20:18:28 [build] ✓ Completed in 903ms.

 building client (vite) 
20:18:28 [vite] transforming...
20:18:28 [vite] ✓ 11 modules transformed.
20:18:28 [vite] rendering chunks...
20:18:28 [vite] computing gzip size...
20:18:28 [vite] dist/assets/Banner.astro_astro_type_script_index_0_lang.JXV-v118.js            0.32 kB │ gzip: 0.24 kB
20:18:28 [vite] dist/assets/ThemeToggle.astro_astro_type_script_index_0_lang.BDHHZQnD.js       0.69 kB │ gzip: 0.36 kB
20:18:28 [vite] dist/assets/SidebarPersister.astro_astro_type_script_index_0_lang.1HBmR04Y.js  0.79 kB │ gzip: 0.46 kB
20:18:28 [vite] dist/assets/Sidebar.astro_astro_type_script_index_0_lang.Dr4m1BH4.js           0.90 kB │ gzip: 0.38 kB
20:18:28 [vite] dist/assets/Navigation.astro_astro_type_script_index_0_lang.BxRkvq3w.js        0.97 kB │ gzip: 0.44 kB
20:18:28 [vite] dist/assets/TableOfContents.astro_astro_type_script_index_0_lang.ClgIWJ3a.js   1.05 kB │ gzip: 0.54 kB
20:18:28 [vite] dist/assets/Search.astro_astro_type_script_index_0_lang.DfbPoSz4.js            1.70 kB │ gzip: 0.91 kB
20:18:28 [vite] dist/assets/search-client.8T0gqxS2.js                                          1.97 kB │ gzip: 1.02 kB
20:18:28 [vite] dist/assets/GroupSidebar.astro_astro_type_script_index_0_lang.CHMaUHWQ.js      2.33 kB │ gzip: 1.05 kB
20:18:28 [vite] ✓ built in 38ms

 generating static routes 
20:18:28 ▶ src/pages/404.astro
20:18:28   └─ /404.html (+746ms) 
20:18:29 ▶ src/pages/[lang]/index.astro
20:18:29   ├─ /en/index.html (+7ms) 
20:18:29   ├─ /ja/index.html (+5ms) 
20:18:29   ├─ /zh-Hans/index.html (+5ms) 
20:18:29   ├─ /zh-Hant/index.html (+5ms) 
20:18:29   ├─ /es/index.html (+5ms) 
20:18:29   ├─ /pt-BR/index.html (+5ms) 
20:18:29   ├─ /ko/index.html (+5ms) 
20:18:29   ├─ /de/index.html (+4ms) 
20:18:29   ├─ /fr/index.html (+6ms) 
20:18:29   ├─ /ru/index.html (+5ms) 
20:18:29   ├─ /ar/index.html (+4ms) 
20:18:29   ├─ /id/index.html (+4ms) 
20:18:29   ├─ /tr/index.html (+4ms) 
20:18:29   ├─ /hi/index.html (+4ms) 
20:18:29   └─ /vi/index.html (+4ms) 
20:18:29 ▶ src/pages/index.astro
20:18:29   └─ /index.html (+1ms) 
20:18:29 ✓ Completed in 827ms.

20:18:29 [build] 16 page(s) built in 1.96s
20:18:29 [build] Complete!
【情報】選択的統合ビルド: {"selected":["gnu-findutils","landing"],"built":["landing"],"reused":["gnu-findutils"],"groups":[],"removedJavaScriptFiles":27}
