
> apps-gnu-findutils@0.0.1 prebuild /private/tmp/libx-gnu-findutils-source-rebuild-920/workspace/apps/gnu-findutils
> libx-docs-prepare --projects=gnu-findutils

【情報】選択的サイドバー生成を開始します...
【情報】指定されたプロジェクト: gnu-findutils
【情報】プロジェクト gnu-findutils の処理を開始します...
  - en/v4-11-0 のサイドバーを生成中...
  - JSONファイルを保存しました: /private/tmp/libx-gnu-findutils-source-rebuild-920/workspace/apps/gnu-findutils/public/sidebar.prepared-59957/sidebar-en-v4-11-0.json
  - ja/v4-11-0 のサイドバーを生成中...
  - JSONファイルを保存しました: /private/tmp/libx-gnu-findutils-source-rebuild-920/workspace/apps/gnu-findutils/public/sidebar.prepared-59957/sidebar-ja-v4-11-0.json
【情報】選択的サイドバー生成が完了しました
【情報】処理したプロジェクト: gnu-findutils
検索索引 v4-11-0/en: 27ページ、89965 bytes
検索索引 v4-11-0/ja: 26ページ、82758 bytes
検索索引生成: 2件、108ms

> apps-gnu-findutils@0.0.1 build /private/tmp/libx-gnu-findutils-source-rebuild-920/workspace/apps/gnu-findutils
> astro build

20:12:21 [content] Syncing content
20:12:22 [content] Synced content
20:12:22 [types] Generated 418ms
20:12:22 [build] output: "static"
20:12:22 [build] mode: "static"
20:12:22 [build] directory: /private/tmp/libx-gnu-findutils-source-rebuild-920/workspace/apps/gnu-findutils/dist/
20:12:22 [build] Collecting build info...
20:12:22 [build] ✓ Completed in 436ms.
20:12:22 [build] Building static entrypoints...
20:12:23 [vite] ✓ built in 1.20s
20:12:23 [build] ✓ Completed in 1.22s.

 building client (vite) 
20:12:23 [vite] transforming...
20:12:23 [vite] ✓ 14 modules transformed.
20:12:23 [vite] rendering chunks...
20:12:23 [vite] computing gzip size...
20:12:23 [vite] dist/assets/DocLayout.astro_astro_type_script_index_0_lang.SnA9FtQP.js         0.06 kB │ gzip: 0.08 kB
20:12:23 [vite] dist/assets/MainLayout.astro_astro_type_script_index_0_lang.BvNYYh8q.js        0.16 kB │ gzip: 0.15 kB
20:12:23 [vite] dist/assets/Banner.astro_astro_type_script_index_0_lang.JXV-v118.js            0.32 kB │ gzip: 0.24 kB
20:12:23 [vite] dist/assets/ThemeToggle.astro_astro_type_script_index_0_lang.BDHHZQnD.js       0.69 kB │ gzip: 0.36 kB
20:12:23 [vite] dist/assets/VersionDiff.astro_astro_type_script_index_0_lang.DQPfIGNm.js       0.69 kB │ gzip: 0.47 kB
20:12:23 [vite] dist/assets/SidebarPersister.astro_astro_type_script_index_0_lang.1HBmR04Y.js  0.79 kB │ gzip: 0.46 kB
20:12:23 [vite] dist/assets/Sidebar.astro_astro_type_script_index_0_lang.Dr4m1BH4.js           0.90 kB │ gzip: 0.38 kB
20:12:23 [vite] dist/assets/Navigation.astro_astro_type_script_index_0_lang.BxRkvq3w.js        0.97 kB │ gzip: 0.44 kB
20:12:23 [vite] dist/assets/TableOfContents.astro_astro_type_script_index_0_lang.ClgIWJ3a.js   1.05 kB │ gzip: 0.54 kB
20:12:23 [vite] dist/assets/Search.astro_astro_type_script_index_0_lang.vehObfLH.js            1.71 kB │ gzip: 0.93 kB
20:12:23 [vite] dist/assets/search-client.8T0gqxS2.js                                          1.97 kB │ gzip: 1.02 kB
20:12:23 [vite] dist/assets/GroupSidebar.astro_astro_type_script_index_0_lang.CHMaUHWQ.js      2.33 kB │ gzip: 1.05 kB
20:12:23 [vite] ✓ built in 58ms

 generating static routes 
20:12:23 ▶ src/pages/404.astro
20:12:23   └─ /404.html (+16ms) 
20:12:23 ▶ src/pages/[version]/[lang]/index.astro
20:12:23   ├─ /v4-11-0/en/index.html (+6ms) 
20:12:23   └─ /v4-11-0/ja/index.html (+7ms) 
20:12:23 ▶ src/pages/[version]/index.astro
20:12:23   └─ /v4-11-0/index.html (+1ms) 
20:12:23 ▶ src/pages/index.astro
20:12:23   └─ /index.html (+1ms) 
20:12:23 ▶ src/pages/[version]/[lang]/[...slug].astro
20:12:23   ├─ /v4-11-0/en/01-guide/01-overview-notice/index.html (+8ms) 
20:12:23   ├─ /v4-11-0/en/01-guide/02-introduction/index.html (+6ms) 
20:12:23   ├─ /v4-11-0/en/01-guide/03-scope/index.html (+4ms) 
20:12:23   ├─ /v4-11-0/en/01-guide/05-finding-files/index.html (+4ms) 
20:12:23   ├─ /v4-11-0/en/01-guide/07-starting-points/index.html (+5ms) 
20:12:23   ├─ /v4-11-0/en/01-guide/06-find-expressions/index.html (+4ms) 
20:12:23   ├─ /v4-11-0/en/01-guide/04-overview/index.html (+7ms) 
20:12:23   ├─ /v4-11-0/en/01-guide/08-name/index.html (+4ms) 
20:12:23   ├─ /v4-11-0/en/01-guide/10-full-name-patterns/index.html (+4ms) 
20:12:23   ├─ /v4-11-0/en/01-guide/09-base-name-patterns/index.html (+4ms) 
20:12:23   ├─ /v4-11-0/en/01-guide/14-symbolic-links/index.html (+4ms) 
20:12:23   ├─ /v4-11-0/en/01-guide/13-links/index.html (+4ms) 
20:12:23   ├─ /v4-11-0/en/01-guide/12-shell-pattern-matching/index.html (+3ms) 
20:12:23   ├─ /v4-11-0/en/01-guide/16-time/index.html (+3ms) 
20:12:23   ├─ /v4-11-0/en/01-guide/15-hard-links/index.html (+4ms) 
20:12:23   ├─ /v4-11-0/en/01-guide/19-size/index.html (+4ms) 
20:12:23   ├─ /v4-11-0/en/01-guide/20-type/index.html (+4ms) 
20:12:23   ├─ /v4-11-0/en/01-guide/11-fast-full-name-search/index.html (+3ms) 
20:12:23   ├─ /v4-11-0/en/01-guide/18-comparing-timestamps/index.html (+3ms) 
20:12:23   ├─ /v4-11-0/en/01-guide/17-age-ranges/index.html (+4ms) 
20:12:23   ├─ /v4-11-0/en/01-guide/21-owner/index.html (+4ms) 
20:12:23   ├─ /v4-11-0/en/01-guide/22-mode-bits/index.html (+3ms) 
20:12:23   ├─ /v4-11-0/en/01-guide/23-contents/index.html (+3ms) 
20:12:23   ├─ /v4-11-0/en/01-guide/25-filesystems/index.html (+3ms) 
20:12:23   ├─ /v4-11-0/en/01-guide/26-combining-primaries-with-operators/index.html (+4ms) 
20:12:23   ├─ /v4-11-0/en/01-guide/24-directories/index.html (+3ms) 
20:12:23   ├─ /v4-11-0/ja/01-guide/02-introduction/index.html (+4ms) 
20:12:23   ├─ /v4-11-0/ja/01-guide/03-scope/index.html (+3ms) 
20:12:23   ├─ /v4-11-0/ja/01-guide/01-overview-notice/index.html (+3ms) 
20:12:23   ├─ /v4-11-0/ja/01-guide/04-overview/index.html (+4ms) 
20:12:23   ├─ /v4-11-0/ja/01-guide/06-find-expressions/index.html (+4ms) 
20:12:23   ├─ /v4-11-0/ja/01-guide/05-finding-files/index.html (+3ms) 
20:12:23   ├─ /v4-11-0/ja/01-guide/08-name/index.html (+3ms) 
20:12:23   ├─ /v4-11-0/ja/01-guide/07-starting-points/index.html (+4ms) 
20:12:23   ├─ /v4-11-0/ja/01-guide/09-base-name-patterns/index.html (+4ms) 
20:12:23   ├─ /v4-11-0/ja/01-guide/10-full-name-patterns/index.html (+4ms) 
20:12:23   ├─ /v4-11-0/ja/01-guide/12-shell-pattern-matching/index.html (+5ms) 
20:12:23   ├─ /v4-11-0/ja/01-guide/11-fast-full-name-search/index.html (+4ms) 
20:12:23   ├─ /v4-11-0/ja/01-guide/13-links/index.html (+3ms) 
20:12:23   ├─ /v4-11-0/ja/01-guide/14-symbolic-links/index.html (+3ms) 
20:12:23   ├─ /v4-11-0/ja/01-guide/15-hard-links/index.html (+3ms) 
20:12:23   ├─ /v4-11-0/ja/01-guide/16-time/index.html (+3ms) 
20:12:23   ├─ /v4-11-0/ja/01-guide/17-age-ranges/index.html (+4ms) 
20:12:23   ├─ /v4-11-0/ja/01-guide/19-size/index.html (+3ms) 
20:12:23   ├─ /v4-11-0/ja/01-guide/21-owner/index.html (+3ms) 
20:12:23   ├─ /v4-11-0/ja/01-guide/20-type/index.html (+3ms) 
20:12:23   ├─ /v4-11-0/ja/01-guide/18-comparing-timestamps/index.html (+4ms) 
20:12:23   ├─ /v4-11-0/ja/01-guide/22-mode-bits/index.html (+3ms) 
20:12:23   ├─ /v4-11-0/ja/01-guide/23-contents/index.html (+3ms) 
20:12:23   ├─ /v4-11-0/ja/01-guide/24-directories/index.html (+3ms) 
20:12:23   ├─ /v4-11-0/ja/01-guide/25-filesystems/index.html (+3ms) 
20:12:23   ├─ /v4-11-0/ja/01-guide/26-combining-primaries-with-operators/index.html (+4ms) 
20:12:23   └─ /v4-11-0/en/02-reference/01-gfdl/index.html (+3ms) 
20:12:23 ✓ Completed in 250ms.

20:12:23 [build] 58 page(s) built in 1.98s
20:12:23 [build] Complete!
