
> libx@ build:selective /private/tmp/libx-yyjson-formal-874
> node scripts/build-selective.js --projects\=yyjson\,landing --reuse

【情報】yyjson: 再生成します (入力が変更されています。再ビルドしてください: yyjson)
【情報】yyjson をビルドしています...

> apps-yyjson@0.0.1 prebuild /private/tmp/libx-yyjson-formal-874/apps/yyjson
> libx-docs-prepare --projects=yyjson

【情報】選択的サイドバー生成を開始します...
【情報】指定されたプロジェクト: yyjson
【情報】プロジェクト yyjson の処理を開始します...
  - en/v0-13-0 のサイドバーを生成中...
  - JSONファイルを保存しました: /private/tmp/libx-yyjson-formal-874/apps/yyjson/public/sidebar.prepared-18276/sidebar-en-v0-13-0.json
  - ja/v0-13-0 のサイドバーを生成中...
  - JSONファイルを保存しました: /private/tmp/libx-yyjson-formal-874/apps/yyjson/public/sidebar.prepared-18276/sidebar-ja-v0-13-0.json
【情報】選択的サイドバー生成が完了しました
【情報】処理したプロジェクト: yyjson
検索索引 v0-13-0/en: 19ページ、114953 bytes
検索索引 v0-13-0/ja: 16ページ、119335 bytes
検索索引生成: 2件、165ms

> apps-yyjson@0.0.1 build /private/tmp/libx-yyjson-formal-874/apps/yyjson
> astro build

08:56:24 [content] Syncing content
08:56:24 [content] Synced content
08:56:24 [types] Generated 171ms
08:56:24 [build] output: "static"
08:56:24 [build] mode: "static"
08:56:24 [build] directory: /private/tmp/libx-yyjson-formal-874/apps/yyjson/dist/
08:56:24 [build] Collecting build info...
08:56:24 [build] ✓ Completed in 185ms.
08:56:24 [build] Building static entrypoints...
08:56:25 [vite] ✓ built in 1.07s
08:56:25 [build] ✓ Completed in 1.09s.

 building client (vite) 
08:56:25 [vite] transforming...
08:56:25 [vite] ✓ 14 modules transformed.
08:56:25 [vite] rendering chunks...
08:56:25 [vite] computing gzip size...
08:56:25 [vite] dist/assets/DocLayout.astro_astro_type_script_index_0_lang.SnA9FtQP.js         0.06 kB │ gzip: 0.08 kB
08:56:25 [vite] dist/assets/MainLayout.astro_astro_type_script_index_0_lang.CUoZhbpp.js        0.16 kB │ gzip: 0.15 kB
08:56:25 [vite] dist/assets/Banner.astro_astro_type_script_index_0_lang.JXV-v118.js            0.32 kB │ gzip: 0.24 kB
08:56:25 [vite] dist/assets/ThemeToggle.astro_astro_type_script_index_0_lang.BDHHZQnD.js       0.69 kB │ gzip: 0.36 kB
08:56:25 [vite] dist/assets/VersionDiff.astro_astro_type_script_index_0_lang.DQPfIGNm.js       0.69 kB │ gzip: 0.47 kB
08:56:25 [vite] dist/assets/SidebarPersister.astro_astro_type_script_index_0_lang.1HBmR04Y.js  0.79 kB │ gzip: 0.46 kB
08:56:25 [vite] dist/assets/Sidebar.astro_astro_type_script_index_0_lang.Dr4m1BH4.js           0.90 kB │ gzip: 0.38 kB
08:56:25 [vite] dist/assets/Navigation.astro_astro_type_script_index_0_lang.BxRkvq3w.js        0.97 kB │ gzip: 0.44 kB
08:56:25 [vite] dist/assets/TableOfContents.astro_astro_type_script_index_0_lang.ClgIWJ3a.js   1.05 kB │ gzip: 0.54 kB
08:56:25 [vite] dist/assets/Search.astro_astro_type_script_index_0_lang.oFyNi-ug.js            1.71 kB │ gzip: 0.92 kB
08:56:25 [vite] dist/assets/search-client.8T0gqxS2.js                                          1.97 kB │ gzip: 1.02 kB
08:56:25 [vite] dist/assets/GroupSidebar.astro_astro_type_script_index_0_lang.CHMaUHWQ.js      2.33 kB │ gzip: 1.05 kB
08:56:25 [vite] ✓ built in 32ms

 generating static routes 
08:56:25 ▶ src/pages/404.astro
08:56:25   └─ /404.html (+17ms) 
08:56:25 ▶ src/pages/[version]/[lang]/index.astro
08:56:25   ├─ /v0-13-0/en/index.html (+6ms) 
08:56:25   └─ /v0-13-0/ja/index.html (+3ms) 
08:56:25 ▶ src/pages/[version]/index.astro
08:56:25   └─ /v0-13-0/index.html (+1ms) 
08:56:25 ▶ src/pages/index.astro
08:56:25   └─ /index.html (+3ms) 
08:56:25 ▶ src/pages/[version]/[lang]/[...slug].astro
08:56:25   ├─ /v0-13-0/en/01-guide/08-number-processing/index.html (+7ms) 
08:56:25   ├─ /v0-13-0/en/01-guide/09-text-processing/index.html (+4ms) 
08:56:25   ├─ /v0-13-0/en/01-guide/01-introduction/index.html (+3ms) 
08:56:25   ├─ /v0-13-0/en/01-guide/02-api-design/index.html (+3ms) 
08:56:25   ├─ /v0-13-0/en/01-guide/06-creating-document/index.html (+3ms) 
08:56:25   ├─ /v0-13-0/en/01-guide/05-accessing-document/index.html (+3ms) 
08:56:25   ├─ /v0-13-0/en/01-guide/03-reading-json/index.html (+6ms) 
08:56:25   ├─ /v0-13-0/en/01-guide/07-pointer-and-patch/index.html (+3ms) 
08:56:25   ├─ /v0-13-0/en/01-guide/04-writing-json/index.html (+3ms) 
08:56:25   ├─ /v0-13-0/en/01-guide/10-memory-allocator/index.html (+3ms) 
08:56:25   ├─ /v0-13-0/en/01-guide/11-stack-memory/index.html (+3ms) 
08:56:25   ├─ /v0-13-0/en/01-guide/13-thread-safety/index.html (+3ms) 
08:56:25   ├─ /v0-13-0/en/01-guide/14-locale-independence/index.html (+3ms) 
08:56:25   ├─ /v0-13-0/en/01-guide/16-data-structures/index.html (+3ms) 
08:56:25   ├─ /v0-13-0/en/01-guide/15-build-and-test/index.html (+3ms) 
08:56:25   ├─ /v0-13-0/en/02-reference/01-changelog/index.html (+4ms) 
08:56:25   ├─ /v0-13-0/en/02-reference/02-performance-todo/index.html (+3ms) 
08:56:25   ├─ /v0-13-0/en/02-reference/03-license/index.html (+2ms) 
08:56:25   ├─ /v0-13-0/en/01-guide/12-null-check/index.html (+3ms) 
08:56:25   ├─ /v0-13-0/ja/01-guide/01-introduction/index.html (+3ms) 
08:56:25   ├─ /v0-13-0/ja/01-guide/02-api-design/index.html (+3ms) 
08:56:25   ├─ /v0-13-0/ja/01-guide/03-reading-json/index.html (+3ms) 
08:56:25   ├─ /v0-13-0/ja/01-guide/04-writing-json/index.html (+3ms) 
08:56:25   ├─ /v0-13-0/ja/01-guide/08-number-processing/index.html (+3ms) 
08:56:25   ├─ /v0-13-0/ja/01-guide/09-text-processing/index.html (+3ms) 
08:56:25   ├─ /v0-13-0/ja/01-guide/06-creating-document/index.html (+3ms) 
08:56:25   ├─ /v0-13-0/ja/01-guide/05-accessing-document/index.html (+3ms) 
08:56:25   ├─ /v0-13-0/ja/01-guide/07-pointer-and-patch/index.html (+3ms) 
08:56:25   ├─ /v0-13-0/ja/01-guide/11-stack-memory/index.html (+3ms) 
08:56:25   ├─ /v0-13-0/ja/01-guide/10-memory-allocator/index.html (+3ms) 
08:56:25   ├─ /v0-13-0/ja/01-guide/12-null-check/index.html (+2ms) 
08:56:26   ├─ /v0-13-0/ja/01-guide/13-thread-safety/index.html (+2ms) 
08:56:26   ├─ /v0-13-0/ja/01-guide/15-build-and-test/index.html (+3ms) 
08:56:26   ├─ /v0-13-0/ja/01-guide/14-locale-independence/index.html (+3ms) 
08:56:26   └─ /v0-13-0/ja/01-guide/16-data-structures/index.html (+2ms) 
08:56:26 ✓ Completed in 151ms.

08:56:26 [build] 40 page(s) built in 1.48s
08:56:26 [build] Complete!
【情報】landing: 再生成します (入力が変更されています。再ビルドしてください: landing)
【情報】landing をビルドしています...

> sites-landing@0.0.1 build /private/tmp/libx-yyjson-formal-874/sites/landing
> astro build

08:56:27 [content] Syncing content
08:56:27 [content] Synced content
08:56:27 [types] Generated 24ms
08:56:27 [build] output: "static"
08:56:27 [build] mode: "static"
08:56:27 [build] directory: /private/tmp/libx-yyjson-formal-874/sites/landing/dist/
08:56:27 [build] Collecting build info...
08:56:27 [build] ✓ Completed in 35ms.
08:56:27 [build] Building static entrypoints...
08:56:28 [vite] ✓ built in 868ms
08:56:28 [build] ✓ Completed in 886ms.

 building client (vite) 
08:56:28 [vite] transforming...
08:56:28 [vite] ✓ 11 modules transformed.
08:56:28 [vite] rendering chunks...
08:56:28 [vite] computing gzip size...
08:56:28 [vite] dist/assets/Banner.astro_astro_type_script_index_0_lang.JXV-v118.js            0.32 kB │ gzip: 0.24 kB
08:56:28 [vite] dist/assets/ThemeToggle.astro_astro_type_script_index_0_lang.BDHHZQnD.js       0.69 kB │ gzip: 0.36 kB
08:56:28 [vite] dist/assets/SidebarPersister.astro_astro_type_script_index_0_lang.1HBmR04Y.js  0.79 kB │ gzip: 0.46 kB
08:56:28 [vite] dist/assets/Sidebar.astro_astro_type_script_index_0_lang.Dr4m1BH4.js           0.90 kB │ gzip: 0.38 kB
08:56:28 [vite] dist/assets/Navigation.astro_astro_type_script_index_0_lang.BxRkvq3w.js        0.97 kB │ gzip: 0.44 kB
08:56:28 [vite] dist/assets/TableOfContents.astro_astro_type_script_index_0_lang.ClgIWJ3a.js   1.05 kB │ gzip: 0.54 kB
08:56:28 [vite] dist/assets/Search.astro_astro_type_script_index_0_lang.DfbPoSz4.js            1.70 kB │ gzip: 0.91 kB
08:56:28 [vite] dist/assets/search-client.8T0gqxS2.js                                          1.97 kB │ gzip: 1.02 kB
08:56:28 [vite] dist/assets/GroupSidebar.astro_astro_type_script_index_0_lang.CHMaUHWQ.js      2.33 kB │ gzip: 1.05 kB
08:56:28 [vite] ✓ built in 38ms

 generating static routes 
08:56:28 ▶ src/pages/404.astro
08:56:28   └─ /404.html (+582ms) 
08:56:29 ▶ src/pages/[lang]/index.astro
08:56:29   ├─ /en/index.html (+6ms) 
08:56:29   ├─ /ja/index.html (+4ms) 
08:56:29   ├─ /zh-Hans/index.html (+4ms) 
08:56:29   ├─ /zh-Hant/index.html (+4ms) 
08:56:29   ├─ /es/index.html (+4ms) 
08:56:29   ├─ /pt-BR/index.html (+4ms) 
08:56:29   ├─ /ko/index.html (+4ms) 
08:56:29   ├─ /de/index.html (+4ms) 
08:56:29   ├─ /fr/index.html (+4ms) 
08:56:29   ├─ /ru/index.html (+3ms) 
08:56:29   ├─ /ar/index.html (+3ms) 
08:56:29   ├─ /id/index.html (+4ms) 
08:56:29   ├─ /tr/index.html (+3ms) 
08:56:29   ├─ /hi/index.html (+3ms) 
08:56:29   └─ /vi/index.html (+3ms) 
08:56:29 ▶ src/pages/index.astro
08:56:29   └─ /index.html (+0ms) 
08:56:29 ✓ Completed in 648ms.

08:56:29 [build] 16 page(s) built in 1.62s
08:56:29 [build] Complete!
【情報】選択的統合ビルド: {"selected":["yyjson","landing"],"built":["yyjson","landing"],"reused":[],"groups":[],"removedJavaScriptFiles":27}
