
> libx@ build:selective /private/tmp/libx-yyjson-formal-874
> node scripts/build-selective.js --projects\=landing

【情報】landing をビルドしています...

> sites-landing@0.0.1 build /private/tmp/libx-yyjson-formal-874/sites/landing
> astro build

08:55:28 [content] Syncing content
08:55:28 [content] Synced content
08:55:28 [types] Generated 123ms
08:55:28 [build] output: "static"
08:55:28 [build] mode: "static"
08:55:28 [build] directory: /private/tmp/libx-yyjson-formal-874/sites/landing/dist/
08:55:28 [build] Collecting build info...
08:55:28 [build] ✓ Completed in 137ms.
08:55:28 [build] Building static entrypoints...
08:55:29 [vite] ✓ built in 1.03s
08:55:29 [build] ✓ Completed in 1.05s.

 building client (vite) 
08:55:29 [vite] transforming...
08:55:29 [vite] ✓ 11 modules transformed.
08:55:29 [vite] rendering chunks...
08:55:29 [vite] computing gzip size...
08:55:29 [vite] dist/assets/Banner.astro_astro_type_script_index_0_lang.JXV-v118.js            0.32 kB │ gzip: 0.24 kB
08:55:29 [vite] dist/assets/ThemeToggle.astro_astro_type_script_index_0_lang.BDHHZQnD.js       0.69 kB │ gzip: 0.36 kB
08:55:29 [vite] dist/assets/SidebarPersister.astro_astro_type_script_index_0_lang.1HBmR04Y.js  0.79 kB │ gzip: 0.46 kB
08:55:29 [vite] dist/assets/Sidebar.astro_astro_type_script_index_0_lang.Dr4m1BH4.js           0.90 kB │ gzip: 0.38 kB
08:55:29 [vite] dist/assets/Navigation.astro_astro_type_script_index_0_lang.BxRkvq3w.js        0.97 kB │ gzip: 0.44 kB
08:55:29 [vite] dist/assets/TableOfContents.astro_astro_type_script_index_0_lang.ClgIWJ3a.js   1.05 kB │ gzip: 0.54 kB
08:55:29 [vite] dist/assets/Search.astro_astro_type_script_index_0_lang.DfbPoSz4.js            1.70 kB │ gzip: 0.91 kB
08:55:29 [vite] dist/assets/search-client.8T0gqxS2.js                                          1.97 kB │ gzip: 1.02 kB
08:55:29 [vite] dist/assets/GroupSidebar.astro_astro_type_script_index_0_lang.CHMaUHWQ.js      2.33 kB │ gzip: 1.05 kB
08:55:29 [vite] ✓ built in 31ms

 generating static routes 
08:55:29 ▶ src/pages/404.astro
08:55:29   └─ /404.html (+588ms) 
08:55:30 ▶ src/pages/[lang]/index.astro
08:55:30   ├─ /en/index.html (+7ms) 
08:55:30   ├─ /ja/index.html (+6ms) 
08:55:30   ├─ /zh-Hans/index.html (+5ms) 
08:55:30   ├─ /zh-Hant/index.html (+4ms) 
08:55:30   ├─ /es/index.html (+4ms) 
08:55:30   ├─ /pt-BR/index.html (+4ms) 
08:55:30   ├─ /ko/index.html (+4ms) 
08:55:30   ├─ /de/index.html (+4ms) 
08:55:30   ├─ /fr/index.html (+4ms) 
08:55:30   ├─ /ru/index.html (+4ms) 
08:55:30   ├─ /ar/index.html (+4ms) 
08:55:30   ├─ /id/index.html (+5ms) 
08:55:30   ├─ /tr/index.html (+4ms) 
08:55:30   ├─ /hi/index.html (+4ms) 
08:55:30   └─ /vi/index.html (+4ms) 
08:55:30 ▶ src/pages/index.astro
08:55:30   └─ /index.html (+0ms) 
08:55:30 ✓ Completed in 664ms.

08:55:30 [build] 16 page(s) built in 1.89s
08:55:30 [build] Complete!
【情報】選択的統合ビルド: {"selected":["landing"],"built":["landing"],"reused":[],"groups":[],"removedJavaScriptFiles":12}
