
> apps-yyjson@0.0.1 prebuild /private/tmp/libx-yyjson-source-rebuild-878d/workspace/apps/yyjson
> libx-docs-prepare --projects=yyjson

【情報】選択的サイドバー生成を開始します...
【情報】指定されたプロジェクト: yyjson
【情報】プロジェクト yyjson の処理を開始します...
  - en/v0-13-0 のサイドバーを生成中...
  - JSONファイルを保存しました: /private/tmp/libx-yyjson-source-rebuild-878d/workspace/apps/yyjson/public/sidebar.prepared-20973/sidebar-en-v0-13-0.json
  - ja/v0-13-0 のサイドバーを生成中...
  - JSONファイルを保存しました: /private/tmp/libx-yyjson-source-rebuild-878d/workspace/apps/yyjson/public/sidebar.prepared-20973/sidebar-ja-v0-13-0.json
【情報】選択的サイドバー生成が完了しました
【情報】処理したプロジェクト: yyjson
検索索引 v0-13-0/en: 19ページ、114953 bytes
検索索引 v0-13-0/ja: 16ページ、119335 bytes
検索索引生成: 2件、140ms

> apps-yyjson@0.0.1 build /private/tmp/libx-yyjson-source-rebuild-878d/workspace/apps/yyjson
> astro build

09:00:53 [content] Syncing content
09:00:54 [content] Synced content
09:00:54 [types] Generated 1.09s
09:00:54 [build] output: "static"
09:00:54 [build] mode: "static"
09:00:54 [build] directory: /private/tmp/libx-yyjson-source-rebuild-878d/workspace/apps/yyjson/dist/
09:00:54 [build] Collecting build info...
09:00:54 [build] ✓ Completed in 1.10s.
09:00:54 [build] Building static entrypoints...
09:00:55 [vite] ✓ built in 1.06s
09:00:55 [build] ✓ Completed in 1.08s.

 building client (vite) 
09:00:55 [vite] transforming...
09:00:55 [vite] ✓ 14 modules transformed.
09:00:55 [vite] rendering chunks...
09:00:55 [vite] computing gzip size...
09:00:55 [vite] dist/assets/DocLayout.astro_astro_type_script_index_0_lang.SnA9FtQP.js         0.06 kB │ gzip: 0.08 kB
09:00:55 [vite] dist/assets/MainLayout.astro_astro_type_script_index_0_lang.CUoZhbpp.js        0.16 kB │ gzip: 0.15 kB
09:00:55 [vite] dist/assets/Banner.astro_astro_type_script_index_0_lang.JXV-v118.js            0.32 kB │ gzip: 0.24 kB
09:00:55 [vite] dist/assets/ThemeToggle.astro_astro_type_script_index_0_lang.BDHHZQnD.js       0.69 kB │ gzip: 0.36 kB
09:00:55 [vite] dist/assets/VersionDiff.astro_astro_type_script_index_0_lang.DQPfIGNm.js       0.69 kB │ gzip: 0.47 kB
09:00:55 [vite] dist/assets/SidebarPersister.astro_astro_type_script_index_0_lang.1HBmR04Y.js  0.79 kB │ gzip: 0.46 kB
09:00:55 [vite] dist/assets/Sidebar.astro_astro_type_script_index_0_lang.Dr4m1BH4.js           0.90 kB │ gzip: 0.38 kB
09:00:55 [vite] dist/assets/Navigation.astro_astro_type_script_index_0_lang.BxRkvq3w.js        0.97 kB │ gzip: 0.44 kB
09:00:55 [vite] dist/assets/TableOfContents.astro_astro_type_script_index_0_lang.ClgIWJ3a.js   1.05 kB │ gzip: 0.54 kB
09:00:55 [vite] dist/assets/Search.astro_astro_type_script_index_0_lang.oFyNi-ug.js            1.71 kB │ gzip: 0.92 kB
09:00:55 [vite] dist/assets/search-client.8T0gqxS2.js                                          1.97 kB │ gzip: 1.02 kB
09:00:55 [vite] dist/assets/GroupSidebar.astro_astro_type_script_index_0_lang.CHMaUHWQ.js      2.33 kB │ gzip: 1.05 kB
09:00:55 [vite] ✓ built in 33ms

 generating static routes 
09:00:55 ▶ src/pages/404.astro
09:00:55   └─ /404.html (+18ms) 
09:00:55 ▶ src/pages/[version]/[lang]/index.astro
09:00:55   ├─ /v0-13-0/en/index.html (+5ms) 
09:00:55   └─ /v0-13-0/ja/index.html (+4ms) 
09:00:55 ▶ src/pages/[version]/index.astro
09:00:55   └─ /v0-13-0/index.html (+1ms) 
09:00:55 ▶ src/pages/index.astro
09:00:55   └─ /index.html (+1ms) 
09:00:55 ▶ src/pages/[version]/[lang]/[...slug].astro
09:00:55   ├─ /v0-13-0/en/01-guide/08-number-processing/index.html (+10ms) 
09:00:55   ├─ /v0-13-0/en/01-guide/09-text-processing/index.html (+4ms) 
09:00:55   ├─ /v0-13-0/en/01-guide/01-introduction/index.html (+4ms) 
09:00:55   ├─ /v0-13-0/en/01-guide/02-api-design/index.html (+4ms) 
09:00:55   ├─ /v0-13-0/en/01-guide/10-memory-allocator/index.html (+3ms) 
09:00:55   ├─ /v0-13-0/en/01-guide/06-creating-document/index.html (+3ms) 
09:00:55   ├─ /v0-13-0/en/01-guide/05-accessing-document/index.html (+3ms) 
09:00:55   ├─ /v0-13-0/en/01-guide/03-reading-json/index.html (+4ms) 
09:00:55   ├─ /v0-13-0/en/01-guide/07-pointer-and-patch/index.html (+6ms) 
09:00:55   ├─ /v0-13-0/en/01-guide/04-writing-json/index.html (+4ms) 
09:00:55   ├─ /v0-13-0/en/01-guide/12-null-check/index.html (+3ms) 
09:00:55   ├─ /v0-13-0/en/01-guide/13-thread-safety/index.html (+3ms) 
09:00:55   ├─ /v0-13-0/en/01-guide/14-locale-independence/index.html (+3ms) 
09:00:55   ├─ /v0-13-0/en/01-guide/15-build-and-test/index.html (+3ms) 
09:00:55   ├─ /v0-13-0/en/01-guide/16-data-structures/index.html (+3ms) 
09:00:55   ├─ /v0-13-0/en/01-guide/11-stack-memory/index.html (+3ms) 
09:00:55   ├─ /v0-13-0/en/02-reference/02-performance-todo/index.html (+3ms) 
09:00:55   ├─ /v0-13-0/en/02-reference/01-changelog/index.html (+5ms) 
09:00:55   ├─ /v0-13-0/en/02-reference/03-license/index.html (+3ms) 
09:00:55   ├─ /v0-13-0/ja/01-guide/01-introduction/index.html (+4ms) 
09:00:55   ├─ /v0-13-0/ja/01-guide/02-api-design/index.html (+3ms) 
09:00:55   ├─ /v0-13-0/ja/01-guide/04-writing-json/index.html (+3ms) 
09:00:55   ├─ /v0-13-0/ja/01-guide/05-accessing-document/index.html (+3ms) 
09:00:55   ├─ /v0-13-0/ja/01-guide/03-reading-json/index.html (+3ms) 
09:00:55   ├─ /v0-13-0/ja/01-guide/06-creating-document/index.html (+3ms) 
09:00:55   ├─ /v0-13-0/ja/01-guide/07-pointer-and-patch/index.html (+3ms) 
09:00:55   ├─ /v0-13-0/ja/01-guide/08-number-processing/index.html (+3ms) 
09:00:55   ├─ /v0-13-0/ja/01-guide/09-text-processing/index.html (+3ms) 
09:00:55   ├─ /v0-13-0/ja/01-guide/10-memory-allocator/index.html (+3ms) 
09:00:55   ├─ /v0-13-0/ja/01-guide/11-stack-memory/index.html (+3ms) 
09:00:55   ├─ /v0-13-0/ja/01-guide/12-null-check/index.html (+2ms) 
09:00:55   ├─ /v0-13-0/ja/01-guide/13-thread-safety/index.html (+2ms) 
09:00:55   ├─ /v0-13-0/ja/01-guide/14-locale-independence/index.html (+2ms) 
09:00:55   ├─ /v0-13-0/ja/01-guide/16-data-structures/index.html (+2ms) 
09:00:55   └─ /v0-13-0/ja/01-guide/15-build-and-test/index.html (+3ms) 
09:00:55 ✓ Completed in 159ms.

09:00:55 [build] 40 page(s) built in 2.39s
09:00:55 [build] Complete!
