
> apps-gnu-ed@0.0.1 prebuild /private/tmp/libx-gnu-ed-formal-934/apps/gnu-ed
> libx-docs-prepare --projects=gnu-ed

【情報】選択的サイドバー生成を開始します...
【情報】指定されたプロジェクト: gnu-ed
【情報】プロジェクト gnu-ed の処理を開始します...
  - gnu-ed で以下の言語がいずれのバージョンでも検出できませんでした: ja
  - v1-22-6 では以下の言語ディレクトリが見つからなかったため出力対象から除外します: ja
  - en/v1-22-6 のサイドバーを生成中...
  - JSONファイルを保存しました: /private/tmp/libx-gnu-ed-formal-934/apps/gnu-ed/public/sidebar.prepared-88620/sidebar-en-v1-22-6.json
【情報】選択的サイドバー生成が完了しました
【情報】処理したプロジェクト: gnu-ed
検索索引 v1-22-6/en: 13ページ、70176 bytes
検索索引生成: 1件、59ms

> apps-gnu-ed@0.0.1 build /private/tmp/libx-gnu-ed-formal-934/apps/gnu-ed
> astro build

04:44:15 [vite] Re-optimizing dependencies because lockfile has changed
04:44:15 [content] Syncing content
04:44:15 [content] Astro config changed
04:44:15 [content] Clearing content store
04:44:15 [content] Synced content
04:44:15 [types] Generated 341ms
04:44:15 [build] output: "static"
04:44:15 [build] mode: "static"
04:44:15 [build] directory: /private/tmp/libx-gnu-ed-formal-934/apps/gnu-ed/dist/
04:44:15 [build] Collecting build info...
04:44:15 [build] ✓ Completed in 360ms.
04:44:15 [build] Building static entrypoints...
04:44:16 [vite] ✓ built in 1.09s
04:44:16 [build] ✓ Completed in 1.11s.

 building client (vite) 
04:44:16 [vite] transforming...
04:44:16 [vite] ✓ 14 modules transformed.
04:44:16 [vite] rendering chunks...
04:44:16 [vite] computing gzip size...
04:44:16 [vite] dist/assets/DocLayout.astro_astro_type_script_index_0_lang.SnA9FtQP.js         0.06 kB │ gzip: 0.08 kB
04:44:16 [vite] dist/assets/MainLayout.astro_astro_type_script_index_0_lang.yb-rD50w.js        0.16 kB │ gzip: 0.15 kB
04:44:16 [vite] dist/assets/Banner.astro_astro_type_script_index_0_lang.JXV-v118.js            0.32 kB │ gzip: 0.24 kB
04:44:16 [vite] dist/assets/ThemeToggle.astro_astro_type_script_index_0_lang.BDHHZQnD.js       0.69 kB │ gzip: 0.36 kB
04:44:16 [vite] dist/assets/VersionDiff.astro_astro_type_script_index_0_lang.DQPfIGNm.js       0.69 kB │ gzip: 0.47 kB
04:44:16 [vite] dist/assets/SidebarPersister.astro_astro_type_script_index_0_lang.1HBmR04Y.js  0.79 kB │ gzip: 0.46 kB
04:44:16 [vite] dist/assets/Sidebar.astro_astro_type_script_index_0_lang.Dr4m1BH4.js           0.90 kB │ gzip: 0.38 kB
04:44:16 [vite] dist/assets/Navigation.astro_astro_type_script_index_0_lang.BxRkvq3w.js        0.97 kB │ gzip: 0.44 kB
04:44:16 [vite] dist/assets/TableOfContents.astro_astro_type_script_index_0_lang.ClgIWJ3a.js   1.05 kB │ gzip: 0.54 kB
04:44:16 [vite] dist/assets/Search.astro_astro_type_script_index_0_lang.CcrWn8Z2.js            1.71 kB │ gzip: 0.92 kB
04:44:16 [vite] dist/assets/search-client.8T0gqxS2.js                                          1.97 kB │ gzip: 1.02 kB
04:44:16 [vite] dist/assets/GroupSidebar.astro_astro_type_script_index_0_lang.CHMaUHWQ.js      2.33 kB │ gzip: 1.05 kB
04:44:16 [vite] ✓ built in 31ms

 generating static routes 
04:44:16 ▶ src/pages/404.astro
04:44:16   └─ /404.html (+25ms) 
04:44:16 ▶ src/pages/[version]/[lang]/index.astro
04:44:16   ├─ /v1-22-6/en/index.html (+4ms) 
04:44:16   └─ /v1-22-6/ja/index.html (+2ms) 
04:44:16 ▶ src/pages/[version]/index.astro
04:44:16   └─ /v1-22-6/index.html (+1ms) 
04:44:16 ▶ src/pages/index.astro
04:44:16   └─ /index.html (+1ms) 
04:44:16 ▶ src/pages/[version]/[lang]/[...slug].astro
04:44:16   ├─ /v1-22-6/en/01-guide/01-overview-notice/index.html (+5ms) 
04:44:16   ├─ /v1-22-6/en/01-guide/02-overview/index.html (+3ms) 
04:44:16   ├─ /v1-22-6/en/01-guide/03-introduction-to-line-editing/index.html (+3ms) 
04:44:16   ├─ /v1-22-6/en/01-guide/04-invoking-ed/index.html (+3ms) 
04:44:16   ├─ /v1-22-6/en/02-reference/01-gfdl/index.html (+2ms) 
04:44:16   ├─ /v1-22-6/en/01-guide/06-line-addressing/index.html (+2ms) 
04:44:16   ├─ /v1-22-6/en/01-guide/05-argument-syntax/index.html (+3ms) 
04:44:16   ├─ /v1-22-6/en/01-guide/07-regular-expressions/index.html (+4ms) 
04:44:16   ├─ /v1-22-6/en/01-guide/08-commands/index.html (+2ms) 
04:44:16   ├─ /v1-22-6/en/01-guide/09-the-s-command/index.html (+2ms) 
04:44:16   ├─ /v1-22-6/en/01-guide/10-limitations/index.html (+2ms) 
04:44:16   ├─ /v1-22-6/en/01-guide/11-diagnostics/index.html (+5ms) 
04:44:16   └─ /v1-22-6/en/01-guide/12-problems/index.html (+2ms) 
04:44:16 ✓ Completed in 86ms.

04:44:16 [build] 18 page(s) built in 1.59s
04:44:16 [build] Complete!
