
> libx@ build:selective /private/tmp/libx-gnu-time-formal-928
> node scripts/build-selective.js --projects\=gnu-time\,landing --reuse

【情報】gnu-time: 入力と出力を照合し、検証済み成果物を再利用します
【情報】landing: 再生成します (検証済み成果物目録がありません。再ビルドしてください: landing)
【情報】landing をビルドしています...

> sites-landing@0.0.1 build /private/tmp/libx-gnu-time-formal-928/sites/landing
> astro build

22:36:52 [content] Syncing content
22:36:52 [content] Synced content
22:36:52 [types] Generated 94ms
22:36:52 [build] output: "static"
22:36:52 [build] mode: "static"
22:36:52 [build] directory: /private/tmp/libx-gnu-time-formal-928/sites/landing/dist/
22:36:52 [build] Collecting build info...
22:36:52 [build] ✓ Completed in 106ms.
22:36:52 [build] Building static entrypoints...
22:36:53 [vite] ✓ built in 815ms
22:36:53 [build] ✓ Completed in 833ms.

 building client (vite) 
22:36:53 [vite] transforming...
22:36:53 [vite] ✓ 11 modules transformed.
22:36:53 [vite] rendering chunks...
22:36:53 [vite] computing gzip size...
22:36:53 [vite] dist/assets/Banner.astro_astro_type_script_index_0_lang.JXV-v118.js            0.32 kB │ gzip: 0.24 kB
22:36:53 [vite] dist/assets/ThemeToggle.astro_astro_type_script_index_0_lang.BDHHZQnD.js       0.69 kB │ gzip: 0.36 kB
22:36:53 [vite] dist/assets/SidebarPersister.astro_astro_type_script_index_0_lang.1HBmR04Y.js  0.79 kB │ gzip: 0.46 kB
22:36:53 [vite] dist/assets/Sidebar.astro_astro_type_script_index_0_lang.Dr4m1BH4.js           0.90 kB │ gzip: 0.38 kB
22:36:53 [vite] dist/assets/Navigation.astro_astro_type_script_index_0_lang.BxRkvq3w.js        0.97 kB │ gzip: 0.44 kB
22:36:53 [vite] dist/assets/TableOfContents.astro_astro_type_script_index_0_lang.ClgIWJ3a.js   1.05 kB │ gzip: 0.54 kB
22:36:53 [vite] dist/assets/Search.astro_astro_type_script_index_0_lang.DfbPoSz4.js            1.70 kB │ gzip: 0.91 kB
22:36:53 [vite] dist/assets/search-client.8T0gqxS2.js                                          1.97 kB │ gzip: 1.02 kB
22:36:53 [vite] dist/assets/GroupSidebar.astro_astro_type_script_index_0_lang.CHMaUHWQ.js      2.33 kB │ gzip: 1.05 kB
22:36:53 [vite] ✓ built in 29ms

 generating static routes 
22:36:53 ▶ src/pages/404.astro
22:36:53   └─ /404.html (+865ms) 
22:36:54 ▶ src/pages/[lang]/index.astro
22:36:54   ├─ /en/index.html (+7ms) 
22:36:54   ├─ /ja/index.html (+5ms) 
22:36:54   ├─ /zh-Hans/index.html (+5ms) 
22:36:54   ├─ /zh-Hant/index.html (+5ms) 
22:36:54   ├─ /es/index.html (+5ms) 
22:36:54   ├─ /pt-BR/index.html (+4ms) 
22:36:54   ├─ /ko/index.html (+5ms) 
22:36:54   ├─ /de/index.html (+5ms) 
22:36:54   ├─ /fr/index.html (+6ms) 
22:36:54   ├─ /ru/index.html (+4ms) 
22:36:54   ├─ /ar/index.html (+4ms) 
22:36:54   ├─ /id/index.html (+5ms) 
22:36:54   ├─ /tr/index.html (+5ms) 
22:36:54   ├─ /hi/index.html (+5ms) 
22:36:54   └─ /vi/index.html (+4ms) 
22:36:54 ▶ src/pages/index.astro
22:36:54   └─ /index.html (+0ms) 
22:36:54 ✓ Completed in 948ms.

22:36:54 [build] 16 page(s) built in 1.92s
22:36:54 [build] Complete!
【情報】選択的統合ビルド: {"selected":["gnu-time","landing"],"built":["landing"],"reused":["gnu-time"],"groups":[],"removedJavaScriptFiles":27}
