
> apps-gnu-time@0.0.1 prebuild /private/tmp/libx-gnu-time-source-rebuild-929-v2/workspace/apps/gnu-time
> libx-docs-prepare --projects=gnu-time

【情報】選択的サイドバー生成を開始します...
【情報】指定されたプロジェクト: gnu-time
【情報】プロジェクト gnu-time の処理を開始します...
  - en/v1-10 のサイドバーを生成中...
  - JSONファイルを保存しました: /private/tmp/libx-gnu-time-source-rebuild-929-v2/workspace/apps/gnu-time/public/sidebar.prepared-36326/sidebar-en-v1-10.json
  - ja/v1-10 のサイドバーを生成中...
  - JSONファイルを保存しました: /private/tmp/libx-gnu-time-source-rebuild-929-v2/workspace/apps/gnu-time/public/sidebar.prepared-36326/sidebar-ja-v1-10.json
【情報】選択的サイドバー生成が完了しました
【情報】処理したプロジェクト: gnu-time
検索索引 v1-10/en: 4ページ、38055 bytes
検索索引 v1-10/ja: 3ページ、18205 bytes
検索索引生成: 2件、50ms

> apps-gnu-time@0.0.1 build /private/tmp/libx-gnu-time-source-rebuild-929-v2/workspace/apps/gnu-time
> astro build

22:35:26 [content] Syncing content
22:35:26 [content] Synced content
22:35:26 [types] Generated 300ms
22:35:26 [build] output: "static"
22:35:26 [build] mode: "static"
22:35:26 [build] directory: /private/tmp/libx-gnu-time-source-rebuild-929-v2/workspace/apps/gnu-time/dist/
22:35:26 [build] Collecting build info...
22:35:26 [build] ✓ Completed in 314ms.
22:35:26 [build] Building static entrypoints...
22:35:27 [vite] ✓ built in 1.09s
22:35:27 [build] ✓ Completed in 1.11s.

 building client (vite) 
22:35:27 [vite] transforming...
22:35:27 [vite] ✓ 14 modules transformed.
22:35:27 [vite] rendering chunks...
22:35:27 [vite] computing gzip size...
22:35:27 [vite] dist/assets/DocLayout.astro_astro_type_script_index_0_lang.SnA9FtQP.js         0.06 kB │ gzip: 0.08 kB
22:35:27 [vite] dist/assets/MainLayout.astro_astro_type_script_index_0_lang.C6IZK_lk.js        0.16 kB │ gzip: 0.15 kB
22:35:27 [vite] dist/assets/Banner.astro_astro_type_script_index_0_lang.JXV-v118.js            0.32 kB │ gzip: 0.24 kB
22:35:27 [vite] dist/assets/ThemeToggle.astro_astro_type_script_index_0_lang.BDHHZQnD.js       0.69 kB │ gzip: 0.36 kB
22:35:27 [vite] dist/assets/VersionDiff.astro_astro_type_script_index_0_lang.DQPfIGNm.js       0.69 kB │ gzip: 0.47 kB
22:35:27 [vite] dist/assets/SidebarPersister.astro_astro_type_script_index_0_lang.1HBmR04Y.js  0.79 kB │ gzip: 0.46 kB
22:35:27 [vite] dist/assets/Sidebar.astro_astro_type_script_index_0_lang.Dr4m1BH4.js           0.90 kB │ gzip: 0.38 kB
22:35:27 [vite] dist/assets/Navigation.astro_astro_type_script_index_0_lang.BxRkvq3w.js        0.97 kB │ gzip: 0.44 kB
22:35:27 [vite] dist/assets/TableOfContents.astro_astro_type_script_index_0_lang.ClgIWJ3a.js   1.05 kB │ gzip: 0.54 kB
22:35:27 [vite] dist/assets/Search.astro_astro_type_script_index_0_lang.BDPdVqw1.js            1.71 kB │ gzip: 0.92 kB
22:35:27 [vite] dist/assets/search-client.8T0gqxS2.js                                          1.97 kB │ gzip: 1.02 kB
22:35:27 [vite] dist/assets/GroupSidebar.astro_astro_type_script_index_0_lang.CHMaUHWQ.js      2.33 kB │ gzip: 1.05 kB
22:35:27 [vite] ✓ built in 33ms

 generating static routes 
22:35:27 ▶ src/pages/404.astro
22:35:27   └─ /404.html (+12ms) 
22:35:27 ▶ src/pages/[version]/[lang]/index.astro
22:35:27   ├─ /v1-10/en/index.html (+5ms) 
22:35:27   └─ /v1-10/ja/index.html (+2ms) 
22:35:27 ▶ src/pages/[version]/index.astro
22:35:27   └─ /v1-10/index.html (+1ms) 
22:35:27 ▶ src/pages/index.astro
22:35:27   └─ /index.html (+1ms) 
22:35:27 ▶ src/pages/[version]/[lang]/[...slug].astro
22:35:27   ├─ /v1-10/en/01-guide/01-overview-notice/index.html (+6ms) 
22:35:27   ├─ /v1-10/en/01-guide/02-resource-measurement/index.html (+3ms) 
22:35:27   ├─ /v1-10/en/01-guide/03-reporting-bugs/index.html (+2ms) 
22:35:27   ├─ /v1-10/en/02-reference/01-gfdl/index.html (+3ms) 
22:35:27   ├─ /v1-10/ja/01-guide/02-resource-measurement/index.html (+3ms) 
22:35:27   ├─ /v1-10/ja/01-guide/03-reporting-bugs/index.html (+2ms) 
22:35:27   └─ /v1-10/ja/01-guide/01-overview-notice/index.html (+2ms) 
22:35:27 ✓ Completed in 52ms.

22:35:27 [build] 12 page(s) built in 1.52s
22:35:27 [build] Complete!
