Scope: 13 of 32 workspace projects
apps/xxhash prebuild$ libx-docs-prepare --projects=xxhash && node ../../scripts/document-import/xxhash/build-document-headings.mjs
apps/spdlog prebuild$ libx-docs-prepare --projects=spdlog
apps/gperf prebuild$ libx-docs-prepare --projects=gperf
apps/xxhash prebuild: 【情報】選択的サイドバー生成を開始します...
apps/gperf prebuild: 【情報】選択的サイドバー生成を開始します...
apps/gperf prebuild: 【情報】指定されたプロジェクト: gperf
apps/xxhash prebuild: 【情報】指定されたプロジェクト: xxhash
apps/spdlog prebuild: 【情報】選択的サイドバー生成を開始します...
apps/spdlog prebuild: 【情報】指定されたプロジェクト: spdlog
apps/gperf prebuild: 【情報】プロジェクト gperf の処理を開始します...
apps/xxhash prebuild: 【情報】プロジェクト xxhash の処理を開始します...
apps/gperf prebuild:   - en/v3-3 のサイドバーを生成中...
apps/spdlog prebuild: 【情報】プロジェクト spdlog の処理を開始します...
apps/xxhash prebuild:   - en/v0-8-4 のサイドバーを生成中...
apps/spdlog prebuild:   - en/v1-17-0 のサイドバーを生成中...
apps/gperf prebuild:   - JSONファイルを保存しました: /private/tmp/libx-document-context-validation-20261004/apps/gperf/public/sidebar.prepared-18830/sidebar-en-v3-3.json
apps/gperf prebuild:   - ja/v3-3 のサイドバーを生成中...
apps/gperf prebuild:   - JSONファイルを保存しました: /private/tmp/libx-document-context-validation-20261004/apps/gperf/public/sidebar.prepared-18830/sidebar-ja-v3-3.json
apps/gperf prebuild: 【情報】選択的サイドバー生成が完了しました
apps/gperf prebuild: 【情報】処理したプロジェクト: gperf
apps/spdlog prebuild:   - JSONファイルを保存しました: /private/tmp/libx-document-context-validation-20261004/apps/spdlog/public/sidebar.prepared-18828/sidebar-en-v1-17-0.json
apps/spdlog prebuild:   - ja/v1-17-0 のサイドバーを生成中...
apps/spdlog prebuild:   - JSONファイルを保存しました: /private/tmp/libx-document-context-validation-20261004/apps/spdlog/public/sidebar.prepared-18828/sidebar-ja-v1-17-0.json
apps/spdlog prebuild: 【情報】選択的サイドバー生成が完了しました
apps/spdlog prebuild: 【情報】処理したプロジェクト: spdlog
apps/xxhash prebuild:   - JSONファイルを保存しました: /private/tmp/libx-document-context-validation-20261004/apps/xxhash/public/sidebar.prepared-18829/sidebar-en-v0-8-4.json
apps/xxhash prebuild:   - ja/v0-8-4 のサイドバーを生成中...
apps/xxhash prebuild:   - JSONファイルを保存しました: /private/tmp/libx-document-context-validation-20261004/apps/xxhash/public/sidebar.prepared-18829/sidebar-ja-v0-8-4.json
apps/xxhash prebuild: 【情報】選択的サイドバー生成が完了しました
apps/xxhash prebuild: 【情報】処理したプロジェクト: xxhash
apps/gperf prebuild: 検索索引 v3-3/en: 2ページ、133553 bytes
apps/gperf prebuild: 検索索引 v3-3/ja: 2ページ、144941 bytes
apps/gperf prebuild: 検索索引生成: 2件、119ms
apps/spdlog prebuild: 検索索引 v1-17-0/en: 27ページ、88634 bytes
apps/spdlog prebuild: 検索索引 v1-17-0/ja: 27ページ、107633 bytes
apps/spdlog prebuild: 検索索引生成: 2件、121ms
apps/gperf prebuild: Done
apps/gperf build$ astro build
apps/spdlog prebuild: Done
apps/spdlog build$ astro build
apps/xxhash prebuild: 検索索引 v0-8-4/en: 56ページ、594385 bytes
apps/xxhash prebuild: 検索索引 v0-8-4/ja: 56ページ、685952 bytes
apps/xxhash prebuild: 検索索引生成: 2件、494ms
apps/xxhash prebuild: Preserved raw-HTML headings: 250 English + 250 Japanese; IDs/depths matched.
apps/xxhash prebuild: Done
apps/xxhash build$ astro build
apps/gperf build: 16:53:28 [content] Syncing content
apps/spdlog build: 16:53:28 [content] Syncing content
apps/gperf build: 16:53:28 [content] Synced content
apps/gperf build: 16:53:28 [types] Generated 221ms
apps/gperf build: 16:53:28 [build] output: "static"
apps/gperf build: 16:53:28 [build] mode: "static"
apps/gperf build: 16:53:28 [build] directory: /private/tmp/libx-document-context-validation-20261004/apps/gperf/dist/
apps/gperf build: 16:53:28 [build] Collecting build info...
apps/gperf build: 16:53:28 [build] ✓ Completed in 238ms.
apps/gperf build: 16:53:29 [build] Building static entrypoints...
apps/spdlog build: 16:53:29 [content] Synced content
apps/spdlog build: 16:53:29 [types] Generated 241ms
apps/spdlog build: 16:53:29 [build] output: "static"
apps/spdlog build: 16:53:29 [build] mode: "static"
apps/spdlog build: 16:53:29 [build] directory: /private/tmp/libx-document-context-validation-20261004/apps/spdlog/dist/
apps/spdlog build: 16:53:29 [build] Collecting build info...
apps/spdlog build: 16:53:29 [build] ✓ Completed in 259ms.
apps/spdlog build: 16:53:29 [build] Building static entrypoints...
apps/xxhash build: 16:53:29 [content] Syncing content
apps/xxhash build: 16:53:29 [content] Synced content
apps/xxhash build: 16:53:29 [types] Generated 483ms
apps/xxhash build: 16:53:29 [build] output: "static"
apps/xxhash build: 16:53:29 [build] mode: "static"
apps/xxhash build: 16:53:29 [build] directory: /private/tmp/libx-document-context-validation-20261004/apps/xxhash/dist/
apps/xxhash build: 16:53:29 [build] Collecting build info...
apps/xxhash build: 16:53:29 [build] ✓ Completed in 502ms.
apps/xxhash build: 16:53:29 [build] Building static entrypoints...
apps/gperf build: 16:53:30 [vite] ✓ built in 1.18s
apps/gperf build: 16:53:30 [build] ✓ Completed in 1.21s.
apps/gperf build:  building client (vite) 
apps/gperf build: 16:53:30 [vite] transforming...
apps/spdlog build: 16:53:30 [vite] ✓ built in 1.18s
apps/spdlog build: 16:53:30 [build] ✓ Completed in 1.20s.
apps/spdlog build:  building client (vite) 
apps/gperf build: 16:53:30 [vite] ✓ 17 modules transformed.
apps/gperf build: 16:53:30 [vite] rendering chunks...
apps/spdlog build: 16:53:30 [vite] transforming...
apps/gperf build: 16:53:30 [vite] computing gzip size...
apps/gperf build: 16:53:30 [vite] dist/assets/style.CMrO-gcP.css                                                 0.13 kB │ gzip: 0.12 kB
apps/gperf build: 16:53:30 [vite] dist/assets/DocLayout.astro_astro_type_script_index_0_lang.SnA9FtQP.js         0.06 kB │ gzip: 0.08 kB
apps/gperf build: 16:53:30 [vite] dist/assets/MainLayout.astro_astro_type_script_index_0_lang.DRl1g0wi.js        0.16 kB │ gzip: 0.15 kB
apps/gperf build: 16:53:30 [vite] dist/assets/Banner.astro_astro_type_script_index_0_lang.JXV-v118.js            0.32 kB │ gzip: 0.24 kB
apps/gperf build: 16:53:30 [vite] dist/assets/ThemeToggle.astro_astro_type_script_index_0_lang.BDHHZQnD.js       0.69 kB │ gzip: 0.36 kB
apps/gperf build: 16:53:30 [vite] dist/assets/VersionDiff.astro_astro_type_script_index_0_lang.DQPfIGNm.js       0.69 kB │ gzip: 0.47 kB
apps/gperf build: 16:53:30 [vite] dist/assets/SidebarPersister.astro_astro_type_script_index_0_lang.1HBmR04Y.js  0.79 kB │ gzip: 0.46 kB
apps/gperf build: 16:53:30 [vite] dist/assets/Sidebar.astro_astro_type_script_index_0_lang.Dr4m1BH4.js           0.90 kB │ gzip: 0.38 kB
apps/gperf build: 16:53:30 [vite] dist/assets/Navigation.astro_astro_type_script_index_0_lang.BxRkvq3w.js        0.97 kB │ gzip: 0.44 kB
apps/gperf build: 16:53:30 [vite] dist/assets/TableOfContents.astro_astro_type_script_index_0_lang.ClgIWJ3a.js   1.05 kB │ gzip: 0.54 kB
apps/gperf build: 16:53:30 [vite] dist/assets/page.BzMs8mER.js                                                   1.45 kB │ gzip: 0.75 kB
apps/gperf build: 16:53:30 [vite] dist/assets/Search.astro_astro_type_script_index_0_lang.B_vNBEmE.js            1.71 kB │ gzip: 0.92 kB
apps/gperf build: 16:53:30 [vite] dist/assets/search-client.8T0gqxS2.js                                          1.97 kB │ gzip: 1.02 kB
apps/gperf build: 16:53:30 [vite] dist/assets/GroupSidebar.astro_astro_type_script_index_0_lang.CHMaUHWQ.js      2.33 kB │ gzip: 1.05 kB
apps/gperf build: 16:53:30 [vite] ✓ built in 49ms
apps/spdlog build: 16:53:30 [vite] ✓ 14 modules transformed.
apps/gperf build:  generating static routes 
apps/gperf build: 16:53:30 ▶ src/pages/404.astro
apps/spdlog build: 16:53:30 [vite] rendering chunks...
apps/spdlog build: 16:53:30 [vite] computing gzip size...
apps/spdlog build: 16:53:30 [vite] dist/assets/DocLayout.astro_astro_type_script_index_0_lang.SnA9FtQP.js         0.06 kB │ gzip: 0.08 kB
apps/spdlog build: 16:53:30 [vite] dist/assets/MainLayout.astro_astro_type_script_index_0_lang.BtGKYxtq.js        0.16 kB │ gzip: 0.15 kB
apps/spdlog build: 16:53:30 [vite] dist/assets/Banner.astro_astro_type_script_index_0_lang.JXV-v118.js            0.32 kB │ gzip: 0.24 kB
apps/spdlog build: 16:53:30 [vite] dist/assets/ThemeToggle.astro_astro_type_script_index_0_lang.BDHHZQnD.js       0.69 kB │ gzip: 0.36 kB
apps/spdlog build: 16:53:30 [vite] dist/assets/VersionDiff.astro_astro_type_script_index_0_lang.DQPfIGNm.js       0.69 kB │ gzip: 0.47 kB
apps/spdlog build: 16:53:30 [vite] dist/assets/SidebarPersister.astro_astro_type_script_index_0_lang.1HBmR04Y.js  0.79 kB │ gzip: 0.46 kB
apps/spdlog build: 16:53:30 [vite] dist/assets/Sidebar.astro_astro_type_script_index_0_lang.Dr4m1BH4.js           0.90 kB │ gzip: 0.38 kB
apps/spdlog build: 16:53:30 [vite] dist/assets/Navigation.astro_astro_type_script_index_0_lang.BxRkvq3w.js        0.97 kB │ gzip: 0.44 kB
apps/spdlog build: 16:53:30 [vite] dist/assets/TableOfContents.astro_astro_type_script_index_0_lang.ClgIWJ3a.js   1.05 kB │ gzip: 0.54 kB
apps/spdlog build: 16:53:30 [vite] dist/assets/Search.astro_astro_type_script_index_0_lang.kf7fuhx0.js            1.71 kB │ gzip: 0.92 kB
apps/spdlog build: 16:53:30 [vite] dist/assets/search-client.8T0gqxS2.js                                          1.97 kB │ gzip: 1.02 kB
apps/spdlog build: 16:53:30 [vite] dist/assets/GroupSidebar.astro_astro_type_script_index_0_lang.CHMaUHWQ.js      2.33 kB │ gzip: 1.05 kB
apps/spdlog build: 16:53:30 [vite] ✓ built in 40ms
apps/spdlog build:  generating static routes 
apps/gperf build: 16:53:30   └─ /404.html (+12ms) 
apps/gperf build: 16:53:30 ▶ src/pages/[version]/[lang]/index.astro
apps/spdlog build: 16:53:30 ▶ src/pages/404.astro
apps/gperf build: 16:53:30   ├─ /v3-3/en/index.html (+4ms) 
apps/gperf build: 16:53:30   └─ /v3-3/ja/index.html (+3ms) 
apps/gperf build: 16:53:30 ▶ src/pages/[version]/index.astro
apps/gperf build: 16:53:30   └─ /v3-3/index.html (+1ms) 
apps/gperf build: 16:53:30 ▶ src/pages/index.astro
apps/gperf build: 16:53:30   └─ /index.html (+1ms) 
apps/gperf build: 16:53:30 ▶ src/pages/[version]/[lang]/[...slug].astro
apps/gperf build: 16:53:30   ├─ /v3-3/ja/01-guide/01-user-guide/index.html (+7ms) 
apps/spdlog build: 16:53:30   └─ /404.html (+19ms) 
apps/gperf build: 16:53:30   ├─ /v3-3/ja/01-guide/02-cli/index.html (+3ms) 
apps/spdlog build: 16:53:30 ▶ src/pages/[version]/[lang]/index.astro
apps/gperf build: 16:53:30   ├─ /v3-3/en/01-guide/01-user-guide/index.html (+3ms) 
apps/gperf build: 16:53:30   └─ /v3-3/en/01-guide/02-cli/index.html (+3ms) 
apps/gperf build: 16:53:30 ✓ Completed in 50ms.
apps/spdlog build: 16:53:30   ├─ /v1-17-0/en/index.html (+6ms) 
apps/gperf build: 16:53:30 [build] 9 page(s) built in 1.56s
apps/gperf build: 16:53:30 [build] Complete!
apps/spdlog build: 16:53:30   └─ /v1-17-0/ja/index.html (+8ms) 
apps/spdlog build: 16:53:30 ▶ src/pages/[version]/index.astro
apps/spdlog build: 16:53:30   └─ /v1-17-0/index.html (+1ms) 
apps/spdlog build: 16:53:30 ▶ src/pages/index.astro
apps/spdlog build: 16:53:30   └─ /index.html (+1ms) 
apps/spdlog build: 16:53:30 ▶ src/pages/[version]/[lang]/[...slug].astro
apps/gperf build: Done
apps/zlib prebuild$ libx-docs-prepare --projects=zlib
apps/spdlog build: 16:53:30   ├─ /v1-17-0/en/01-guide/02-3-custom-formatting/index.html (+7ms) 
apps/spdlog build: 16:53:30   ├─ /v1-17-0/en/01-guide/07-default-logger/index.html (+8ms) 
apps/spdlog build: 16:53:30   ├─ /v1-17-0/en/01-guide/08-error-handling/index.html (+6ms) 
apps/spdlog build: 16:53:30   ├─ /v1-17-0/en/01-guide/03-asynchronous-logging/index.html (+5ms) 
apps/spdlog build: 16:53:30   ├─ /v1-17-0/en/01-guide/01-readme/index.html (+4ms) 
apps/spdlog build: 16:53:30   ├─ /v1-17-0/en/01-guide/04-cmake/index.html (+4ms) 
apps/spdlog build: 16:53:30   ├─ /v1-17-0/en/01-guide/06-custom-formatting/index.html (+5ms) 
apps/spdlog build: 16:53:30   ├─ /v1-17-0/en/01-guide/05-creating-loggers/index.html (+3ms) 
apps/spdlog build: 16:53:30   ├─ /v1-17-0/en/01-guide/09-faq/index.html (+4ms) 
apps/spdlog build: 16:53:30   ├─ /v1-17-0/en/01-guide/10-flush-policy/index.html (+3ms) 
apps/spdlog build: 16:53:30   ├─ /v1-17-0/en/01-guide/11-home/index.html (+3ms) 
apps/spdlog build: 16:53:30   ├─ /v1-17-0/en/01-guide/12-how-to-use-spdlog-in-dlls/index.html (+4ms) 
apps/spdlog build: 16:53:30   ├─ /v1-17-0/en/01-guide/13-integrating-into-eclipse-ide/index.html (+5ms) 
apps/spdlog build: 16:53:30   ├─ /v1-17-0/en/01-guide/14-language-bindings/index.html (+3ms) 
apps/spdlog build: 16:53:30   ├─ /v1-17-0/en/01-guide/15-logger-registry/index.html (+7ms) 
apps/spdlog build: 16:53:30   ├─ /v1-17-0/en/01-guide/17-note-for-adding-sinks-on-the-fly/index.html (+4ms) 
apps/spdlog build: 16:53:30   ├─ /v1-17-0/en/01-guide/16-makefile-only/index.html (+3ms) 
apps/spdlog build: 16:53:30   ├─ /v1-17-0/en/01-guide/18-preventing-child-processes-from-inheriting-open-log-files/index.html (+3ms) 
apps/spdlog build: 16:53:30   ├─ /v1-17-0/en/01-guide/19-preventing-undefined-thread-ids-in-child-processes/index.html (+3ms) 
apps/spdlog build: 16:53:30   ├─ /v1-17-0/en/01-guide/20-quickstart/index.html (+3ms) 
apps/spdlog build: 16:53:30   ├─ /v1-17-0/en/01-guide/21-reference-documentation-using-doxygen/index.html (+3ms) 
apps/spdlog build: 16:53:30   ├─ /v1-17-0/en/01-guide/22-setting-up-json-logging-with-spdlog/index.html (+3ms) 
apps/spdlog build: 16:53:30   ├─ /v1-17-0/en/01-guide/23-sinks/index.html (+3ms) 
apps/spdlog build: 16:53:30   ├─ /v1-17-0/en/01-guide/24-thread-safety/index.html (+3ms) 
apps/spdlog build: 16:53:30   ├─ /v1-17-0/en/01-guide/25-tweaking/index.html (+3ms) 
apps/spdlog build: 16:53:30   ├─ /v1-17-0/en/01-guide/26-windows-unicode-filenames/index.html (+3ms) 
apps/spdlog build: 16:53:30   ├─ /v1-17-0/en/02-reference/01-license/index.html (+3ms) 
apps/spdlog build: 16:53:30   ├─ /v1-17-0/ja/02-reference/01-license/index.html (+3ms) 
apps/spdlog build: 16:53:30   ├─ /v1-17-0/ja/01-guide/01-readme/index.html (+3ms) 
apps/spdlog build: 16:53:30   ├─ /v1-17-0/ja/01-guide/02-3-custom-formatting/index.html (+3ms) 
apps/spdlog build: 16:53:30   ├─ /v1-17-0/ja/01-guide/03-asynchronous-logging/index.html (+3ms) 
apps/spdlog build: 16:53:30   ├─ /v1-17-0/ja/01-guide/04-cmake/index.html (+3ms) 
apps/spdlog build: 16:53:30   ├─ /v1-17-0/ja/01-guide/05-creating-loggers/index.html (+3ms) 
apps/spdlog build: 16:53:30   ├─ /v1-17-0/ja/01-guide/06-custom-formatting/index.html (+4ms) 
apps/spdlog build: 16:53:30   ├─ /v1-17-0/ja/01-guide/07-default-logger/index.html (+4ms) 
apps/spdlog build: 16:53:30   ├─ /v1-17-0/ja/01-guide/08-error-handling/index.html (+3ms) 
apps/spdlog build: 16:53:30   ├─ /v1-17-0/ja/01-guide/09-faq/index.html (+3ms) 
apps/spdlog build: 16:53:30   ├─ /v1-17-0/ja/01-guide/10-flush-policy/index.html (+3ms) 
apps/spdlog build: 16:53:30   ├─ /v1-17-0/ja/01-guide/11-home/index.html (+3ms) 
apps/spdlog build: 16:53:30   ├─ /v1-17-0/ja/01-guide/12-how-to-use-spdlog-in-dlls/index.html (+3ms) 
apps/zlib prebuild: 【情報】選択的サイドバー生成を開始します...
apps/zlib prebuild: 【情報】指定されたプロジェクト: zlib
apps/spdlog build: 16:53:30   ├─ /v1-17-0/ja/01-guide/13-integrating-into-eclipse-ide/index.html (+3ms) 
apps/spdlog build: 16:53:30   ├─ /v1-17-0/ja/01-guide/14-language-bindings/index.html (+3ms) 
apps/spdlog build: 16:53:30   ├─ /v1-17-0/ja/01-guide/15-logger-registry/index.html (+3ms) 
apps/spdlog build: 16:53:30   ├─ /v1-17-0/ja/01-guide/16-makefile-only/index.html (+4ms) 
apps/spdlog build: 16:53:30   ├─ /v1-17-0/ja/01-guide/17-note-for-adding-sinks-on-the-fly/index.html (+3ms) 
apps/spdlog build: 16:53:30   ├─ /v1-17-0/ja/01-guide/18-preventing-child-processes-from-inheriting-open-log-files/index.html (+3ms) 
apps/spdlog build: 16:53:30   ├─ /v1-17-0/ja/01-guide/19-preventing-undefined-thread-ids-in-child-processes/index.html (+3ms) 
apps/spdlog build: 16:53:30   ├─ /v1-17-0/ja/01-guide/20-quickstart/index.html (+3ms) 
apps/spdlog build: 16:53:30   ├─ /v1-17-0/ja/01-guide/21-reference-documentation-using-doxygen/index.html (+3ms) 
apps/zlib prebuild: 【情報】プロジェクト zlib の処理を開始します...
apps/zlib prebuild:   - en/v1-3-2 のサイドバーを生成中...
apps/spdlog build: 16:53:30   ├─ /v1-17-0/ja/01-guide/22-setting-up-json-logging-with-spdlog/index.html (+3ms) 
apps/spdlog build: 16:53:30   ├─ /v1-17-0/ja/01-guide/23-sinks/index.html (+3ms) 
apps/spdlog build: 16:53:30   ├─ /v1-17-0/ja/01-guide/24-thread-safety/index.html (+3ms) 
apps/spdlog build: 16:53:30   ├─ /v1-17-0/ja/01-guide/25-tweaking/index.html (+4ms) 
apps/zlib prebuild:   - JSONファイルを保存しました: /private/tmp/libx-document-context-validation-20261004/apps/zlib/public/sidebar.prepared-19119/sidebar-en-v1-3-2.json
apps/zlib prebuild:   - ja/v1-3-2 のサイドバーを生成中...
apps/spdlog build: 16:53:30   └─ /v1-17-0/ja/01-guide/26-windows-unicode-filenames/index.html (+3ms) 
apps/spdlog build: 16:53:30 ✓ Completed in 240ms.
apps/spdlog build: 16:53:30 [build] 59 page(s) built in 1.77s
apps/spdlog build: 16:53:30 [build] Complete!
apps/zlib prebuild:   - JSONファイルを保存しました: /private/tmp/libx-document-context-validation-20261004/apps/zlib/public/sidebar.prepared-19119/sidebar-ja-v1-3-2.json
apps/zlib prebuild: 【情報】選択的サイドバー生成が完了しました
apps/zlib prebuild: 【情報】処理したプロジェクト: zlib
apps/spdlog build: Done
apps/cjson prebuild$ libx-docs-prepare --projects=cjson
apps/cjson prebuild: 【情報】選択的サイドバー生成を開始します...
apps/cjson prebuild: 【情報】指定されたプロジェクト: cjson
apps/cjson prebuild: 【情報】プロジェクト cjson の処理を開始します...
apps/cjson prebuild:   - en/v1-7-19 のサイドバーを生成中...
apps/cjson prebuild:   - JSONファイルを保存しました: /private/tmp/libx-document-context-validation-20261004/apps/cjson/public/sidebar.prepared-19147/sidebar-en-v1-7-19.json
apps/cjson prebuild:   - ja/v1-7-19 のサイドバーを生成中...
apps/cjson prebuild:   - JSONファイルを保存しました: /private/tmp/libx-document-context-validation-20261004/apps/cjson/public/sidebar.prepared-19147/sidebar-ja-v1-7-19.json
apps/cjson prebuild: 【情報】選択的サイドバー生成が完了しました
apps/cjson prebuild: 【情報】処理したプロジェクト: cjson
apps/zlib prebuild: 検索索引 v1-3-2/en: 14ページ、166823 bytes
apps/zlib prebuild: 検索索引 v1-3-2/ja: 14ページ、190730 bytes
apps/zlib prebuild: 検索索引生成: 2件、165ms
apps/zlib prebuild: Done
apps/zlib build$ astro build
apps/cjson prebuild: 検索索引 v1-7-19/en: 3ページ、28463 bytes
apps/cjson prebuild: 検索索引 v1-7-19/ja: 3ページ、34440 bytes
apps/cjson prebuild: 検索索引生成: 2件、45ms
apps/cjson prebuild: Done
apps/cjson build$ astro build
apps/xxhash build: 16:53:31 [vite] ✓ built in 1.36s
apps/xxhash build: 16:53:31 [build] ✓ Completed in 1.38s.
apps/xxhash build:  building client (vite) 
apps/xxhash build: 16:53:31 [vite] transforming...
apps/xxhash build: 16:53:31 [vite] ✓ 16 modules transformed.
apps/xxhash build: 16:53:31 [vite] rendering chunks...
apps/xxhash build: 16:53:31 [vite] computing gzip size...
apps/xxhash build: 16:53:31 [vite] dist/assets/MainLayout.astro_astro_type_script_index_0_lang.Be8UpIPp.js        0.16 kB │ gzip: 0.15 kB
apps/xxhash build: 16:53:31 [vite] dist/assets/DocLayout.astro_astro_type_script_index_0_lang.GzRPuucK.js         0.21 kB │ gzip: 0.18 kB
apps/xxhash build: 16:53:31 [vite] dist/assets/Banner.astro_astro_type_script_index_0_lang.JXV-v118.js            0.32 kB │ gzip: 0.24 kB
apps/xxhash build: 16:53:31 [vite] dist/assets/Search.astro_astro_type_script_index_0_lang.C0pvfS17.js            0.66 kB │ gzip: 0.41 kB
apps/xxhash build: 16:53:31 [vite] dist/assets/ThemeToggle.astro_astro_type_script_index_0_lang.BDHHZQnD.js       0.69 kB │ gzip: 0.36 kB
apps/xxhash build: 16:53:31 [vite] dist/assets/VersionDiff.astro_astro_type_script_index_0_lang.DQPfIGNm.js       0.69 kB │ gzip: 0.47 kB
apps/xxhash build: 16:53:31 [vite] dist/assets/SidebarPersister.astro_astro_type_script_index_0_lang.1HBmR04Y.js  0.79 kB │ gzip: 0.46 kB
apps/xxhash build: 16:53:31 [vite] dist/assets/Sidebar.astro_astro_type_script_index_0_lang.Dr4m1BH4.js           0.90 kB │ gzip: 0.38 kB
apps/xxhash build: 16:53:31 [vite] dist/assets/Navigation.astro_astro_type_script_index_0_lang.BxRkvq3w.js        0.97 kB │ gzip: 0.44 kB
apps/xxhash build: 16:53:31 [vite] dist/assets/TableOfContents.astro_astro_type_script_index_0_lang.ClgIWJ3a.js   1.05 kB │ gzip: 0.54 kB
apps/xxhash build: 16:53:31 [vite] dist/assets/preload-helper.Bd4v2Z-W.js                                         1.12 kB │ gzip: 0.66 kB
apps/xxhash build: 16:53:31 [vite] dist/assets/document-enhancements.BXe5U1kl.js                                  1.14 kB │ gzip: 0.60 kB
apps/xxhash build: 16:53:31 [vite] dist/assets/search-client.8T0gqxS2.js                                          1.97 kB │ gzip: 1.02 kB
apps/xxhash build: 16:53:31 [vite] dist/assets/GroupSidebar.astro_astro_type_script_index_0_lang.CHMaUHWQ.js      2.33 kB │ gzip: 1.05 kB
apps/xxhash build: 16:53:31 [vite] ✓ built in 38ms
apps/xxhash build:  generating static routes 
apps/xxhash build: 16:53:31 ▶ src/pages/404.astro
apps/xxhash build: 16:53:31   └─ /404.html (+43ms) 
apps/xxhash build: 16:53:31 ▶ src/pages/[version]/[lang]/index.astro
apps/xxhash build: 16:53:31   ├─ /v0-8-4/en/index.html (+8ms) 
apps/xxhash build: 16:53:31   └─ /v0-8-4/ja/index.html (+6ms) 
apps/xxhash build: 16:53:31 ▶ src/pages/[version]/index.astro
apps/xxhash build: 16:53:31   └─ /v0-8-4/index.html (+1ms) 
apps/xxhash build: 16:53:31 ▶ src/pages/index.astro
apps/xxhash build: 16:53:31   └─ /index.html (+5ms) 
apps/xxhash build: 16:53:31 ▶ src/pages/[version]/[lang]/[...slug].astro
apps/xxhash build: 16:53:31   ├─ /v0-8-4/en/01-guide/02-security/index.html (+12ms) 
apps/xxhash build: 16:53:31   ├─ /v0-8-4/en/01-guide/05-cli-readme/index.html (+5ms) 
apps/xxhash build: 16:53:31   ├─ /v0-8-4/en/01-guide/07-doc-readme/index.html (+6ms) 
apps/xxhash build: 16:53:31   ├─ /v0-8-4/en/01-guide/06-cli-xxhsum1/index.html (+22ms) 
apps/xxhash build: 16:53:31   ├─ /v0-8-4/en/01-guide/04-build-make-readme/index.html (+11ms) 
apps/xxhash build: 16:53:31   ├─ /v0-8-4/en/01-guide/01-readme/index.html (+5ms) 
apps/xxhash build: 16:53:31   ├─ /v0-8-4/en/01-guide/03-build-cmake-readme/index.html (+6ms) 
apps/xxhash build: 16:53:31   ├─ /v0-8-4/en/01-guide/08-doc-xxhash_spec/index.html (+7ms) 
apps/xxhash build: 16:53:31   ├─ /v0-8-4/en/01-guide/09-tests-collisions-readme/index.html (+6ms) 
apps/xxhash build: 16:53:31   ├─ /v0-8-4/en/01-guide/10-tests-collisions-allcodecs-readme/index.html (+4ms) 
apps/xxhash build: 16:53:31   ├─ /v0-8-4/en/01-guide/11-tests-windows-readme/index.html (+5ms) 
apps/xxhash build: 16:53:31   ├─ /v0-8-4/en/01-guide/12-changelog/index.html (+4ms) 
apps/xxhash build: 16:53:31   ├─ /v0-8-4/ja/01-guide/01-readme/index.html (+5ms) 
apps/xxhash build: 16:53:31   ├─ /v0-8-4/ja/01-guide/02-security/index.html (+5ms) 
apps/xxhash build: 16:53:31   ├─ /v0-8-4/ja/01-guide/03-build-cmake-readme/index.html (+5ms) 
apps/xxhash build: 16:53:31   ├─ /v0-8-4/ja/01-guide/04-build-make-readme/index.html (+4ms) 
apps/xxhash build: 16:53:31   ├─ /v0-8-4/ja/01-guide/07-doc-readme/index.html (+4ms) 
apps/xxhash build: 16:53:31   ├─ /v0-8-4/ja/01-guide/05-cli-readme/index.html (+5ms) 
apps/xxhash build: 16:53:31   ├─ /v0-8-4/ja/01-guide/06-cli-xxhsum1/index.html (+6ms) 
apps/xxhash build: 16:53:31   ├─ /v0-8-4/ja/01-guide/08-doc-xxhash_spec/index.html (+5ms) 
apps/xxhash build: 16:53:31   ├─ /v0-8-4/ja/01-guide/09-tests-collisions-readme/index.html (+4ms) 
apps/xxhash build: 16:53:31   ├─ /v0-8-4/ja/01-guide/11-tests-windows-readme/index.html (+4ms) 
apps/xxhash build: 16:53:31   ├─ /v0-8-4/ja/01-guide/10-tests-collisions-allcodecs-readme/index.html (+5ms) 
apps/xxhash build: 16:53:31   ├─ /v0-8-4/ja/01-guide/12-changelog/index.html (+4ms) 
apps/xxhash build: 16:53:31   ├─ /v0-8-4/en/03-notices/cli-header/index.html (+6ms) 
apps/xxhash build: 16:53:31   ├─ /v0-8-4/en/03-notices/api-header/index.html (+4ms) 
apps/xxhash build: 16:53:31   ├─ /v0-8-4/en/03-notices/cmake-header/index.html (+4ms) 
apps/xxhash build: 16:53:31   ├─ /v0-8-4/en/03-notices/allcodecs-header/index.html (+4ms) 
apps/xxhash build: 16:53:31   ├─ /v0-8-4/en/03-notices/collision-header/index.html (+4ms) 
apps/xxhash build: 16:53:31   ├─ /v0-8-4/en/03-notices/dispatch-c/index.html (+4ms) 
apps/xxhash build: 16:53:31   ├─ /v0-8-4/en/03-notices/dispatch-h/index.html (+6ms) 
apps/xxhash build: 16:53:31   ├─ /v0-8-4/en/03-notices/gpl-v2/index.html (+4ms) 
apps/xxhash build: 16:53:31   ├─ /v0-8-4/en/03-notices/library-root/index.html (+4ms) 
apps/xxhash build: 16:53:31   ├─ /v0-8-4/en/03-notices/make-header/index.html (+4ms) 
apps/xxhash build: 16:53:31   ├─ /v0-8-4/en/03-notices/spec-notice/index.html (+4ms) 
apps/xxhash build: 16:53:31   ├─ /v0-8-4/en/02-api/02-classes/index.html (+4ms) 
apps/xxhash build: 16:53:31   ├─ /v0-8-4/en/02-api/03-files/index.html (+6ms) 
apps/xxhash build: 16:53:31   ├─ /v0-8-4/en/02-api/01-annotated/index.html (+4ms) 
apps/xxhash build: 16:53:31   ├─ /v0-8-4/en/02-api/04-functions/index.html (+4ms) 
apps/xxhash build: 16:53:31   ├─ /v0-8-4/en/02-api/05-functions_vars/index.html (+5ms) 
apps/xxhash build: 16:53:31   ├─ /v0-8-4/en/02-api/06-globals/index.html (+4ms) 
apps/xxhash build: 16:53:31   ├─ /v0-8-4/en/02-api/07-globals_defs/index.html (+4ms) 
apps/xxhash build: 16:53:31   ├─ /v0-8-4/en/02-api/08-globals_enum/index.html (+5ms) 
apps/xxhash build: 16:53:31   ├─ /v0-8-4/en/02-api/09-globals_eval/index.html (+4ms) 
apps/xxhash build: 16:53:31   ├─ /v0-8-4/en/02-api/11-globals_type/index.html (+4ms) 
apps/xxhash build: 16:53:31   ├─ /v0-8-4/en/02-api/10-globals_func/index.html (+4ms) 
apps/xxhash build: 16:53:31   ├─ /v0-8-4/en/02-api/12-group___x_x_h32__family/index.html (+5ms) 
apps/xxhash build: 16:53:31   ├─ /v0-8-4/en/02-api/13-group___x_x_h32__impl/index.html (+5ms) 
apps/xxhash build: 16:53:31   ├─ /v0-8-4/en/02-api/14-group___x_x_h3__family/index.html (+5ms) 
apps/xxhash build: 16:53:31   ├─ /v0-8-4/en/02-api/15-group___x_x_h3__impl/index.html (+5ms) 
apps/xxhash build: 16:53:31   ├─ /v0-8-4/en/02-api/16-group___x_x_h64__family/index.html (+4ms) 
apps/xxhash build: 16:53:31   ├─ /v0-8-4/en/02-api/17-group___x_x_h64__impl/index.html (+4ms) 
apps/xxhash build: 16:53:31   ├─ /v0-8-4/en/02-api/18-group__dispatch/index.html (+5ms) 
apps/xxhash build: 16:53:31   ├─ /v0-8-4/en/02-api/20-group__public/index.html (+5ms) 
apps/xxhash build: 16:53:31   ├─ /v0-8-4/en/02-api/21-group__tuning/index.html (+4ms) 
apps/xxhash build: 16:53:31   ├─ /v0-8-4/en/02-api/19-group__impl/index.html (+4ms) 
apps/xxhash build: 16:53:31   ├─ /v0-8-4/en/02-api/23-struct_x_x_h128__canonical__t/index.html (+4ms) 
apps/xxhash build: 16:53:31   ├─ /v0-8-4/en/02-api/22-index/index.html (+6ms) 
apps/xxhash build: 16:53:31   ├─ /v0-8-4/en/02-api/24-struct_x_x_h128__hash__t/index.html (+4ms) 
apps/xxhash build: 16:53:31   ├─ /v0-8-4/en/02-api/25-struct_x_x_h32__canonical__t/index.html (+4ms) 
apps/xxhash build: 16:53:31   ├─ /v0-8-4/en/02-api/26-struct_x_x_h32__state__s/index.html (+4ms) 
apps/xxhash build: 16:53:31   ├─ /v0-8-4/en/02-api/27-struct_x_x_h3__state__s/index.html (+4ms) 
apps/xxhash build: 16:53:31   ├─ /v0-8-4/en/02-api/31-xxh__x86dispatch_8c/index.html (+5ms) 
apps/xxhash build: 16:53:31   ├─ /v0-8-4/en/02-api/30-topics/index.html (+4ms) 
apps/xxhash build: 16:53:31   ├─ /v0-8-4/en/02-api/29-struct_x_x_h64__state__s/index.html (+4ms) 
apps/xxhash build: 16:53:31   ├─ /v0-8-4/en/02-api/28-struct_x_x_h64__canonical__t/index.html (+4ms) 
apps/xxhash build: 16:53:31   ├─ /v0-8-4/en/02-api/32-xxhash_8h/index.html (+5ms) 
apps/xxhash build: 16:53:31   ├─ /v0-8-4/ja/03-notices/allcodecs-header/index.html (+5ms) 
apps/xxhash build: 16:53:31   ├─ /v0-8-4/ja/03-notices/api-header/index.html (+10ms) 
apps/xxhash build: 16:53:31   ├─ /v0-8-4/en/02-api/33-xxhash_8h_source/index.html (+7ms) 
apps/xxhash build: 16:53:31   ├─ /v0-8-4/ja/03-notices/cli-header/index.html (+4ms) 
apps/xxhash build: 16:53:31   ├─ /v0-8-4/ja/03-notices/cmake-header/index.html (+4ms) 
apps/xxhash build: 16:53:31   ├─ /v0-8-4/ja/03-notices/collision-header/index.html (+4ms) 
apps/xxhash build: 16:53:31   ├─ /v0-8-4/ja/03-notices/dispatch-c/index.html (+4ms) 
apps/xxhash build: 16:53:31   ├─ /v0-8-4/ja/03-notices/dispatch-h/index.html (+5ms) 
apps/xxhash build: 16:53:31   ├─ /v0-8-4/ja/03-notices/gpl-v2/index.html (+5ms) 
apps/xxhash build: 16:53:31   ├─ /v0-8-4/ja/03-notices/library-root/index.html (+4ms) 
apps/xxhash build: 16:53:31   ├─ /v0-8-4/ja/03-notices/make-header/index.html (+4ms) 
apps/xxhash build: 16:53:31   ├─ /v0-8-4/ja/02-api/01-annotated/index.html (+5ms) 
apps/xxhash build: 16:53:31   ├─ /v0-8-4/ja/03-notices/spec-notice/index.html (+7ms) 
apps/xxhash build: 16:53:31   ├─ /v0-8-4/ja/02-api/02-classes/index.html (+5ms) 
apps/xxhash build: 16:53:31   ├─ /v0-8-4/ja/02-api/03-files/index.html (+4ms) 
apps/xxhash build: 16:53:31   ├─ /v0-8-4/ja/02-api/04-functions/index.html (+4ms) 
apps/xxhash build: 16:53:31   ├─ /v0-8-4/ja/02-api/05-functions_vars/index.html (+4ms) 
apps/xxhash build: 16:53:31   ├─ /v0-8-4/ja/02-api/06-globals/index.html (+5ms) 
apps/xxhash build: 16:53:31   ├─ /v0-8-4/ja/02-api/07-globals_defs/index.html (+5ms) 
apps/xxhash build: 16:53:31   ├─ /v0-8-4/ja/02-api/08-globals_enum/index.html (+5ms) 
apps/xxhash build: 16:53:31   ├─ /v0-8-4/ja/02-api/09-globals_eval/index.html (+5ms) 
apps/xxhash build: 16:53:31   ├─ /v0-8-4/ja/02-api/11-globals_type/index.html (+5ms) 
apps/xxhash build: 16:53:31   ├─ /v0-8-4/ja/02-api/12-group___x_x_h32__family/index.html (+4ms) 
apps/xxhash build: 16:53:31   ├─ /v0-8-4/ja/02-api/10-globals_func/index.html (+5ms) 
apps/xxhash build: 16:53:31   ├─ /v0-8-4/ja/02-api/13-group___x_x_h32__impl/index.html (+5ms) 
apps/xxhash build: 16:53:31   ├─ /v0-8-4/ja/02-api/15-group___x_x_h3__impl/index.html (+5ms) 
apps/xxhash build: 16:53:31   ├─ /v0-8-4/ja/02-api/14-group___x_x_h3__family/index.html (+5ms) 
apps/xxhash build: 16:53:31   ├─ /v0-8-4/ja/02-api/16-group___x_x_h64__family/index.html (+5ms) 
apps/xxhash build: 16:53:31   ├─ /v0-8-4/ja/02-api/17-group___x_x_h64__impl/index.html (+5ms) 
apps/xxhash build: 16:53:31   ├─ /v0-8-4/ja/02-api/18-group__dispatch/index.html (+4ms) 
apps/xxhash build: 16:53:31   ├─ /v0-8-4/ja/02-api/19-group__impl/index.html (+5ms) 
apps/xxhash build: 16:53:31   ├─ /v0-8-4/ja/02-api/20-group__public/index.html (+5ms) 
apps/xxhash build: 16:53:31   ├─ /v0-8-4/ja/02-api/21-group__tuning/index.html (+5ms) 
apps/xxhash build: 16:53:31   ├─ /v0-8-4/ja/02-api/22-index/index.html (+5ms) 
apps/xxhash build: 16:53:31   ├─ /v0-8-4/ja/02-api/23-struct_x_x_h128__canonical__t/index.html (+4ms) 
apps/xxhash build: 16:53:31   ├─ /v0-8-4/ja/02-api/24-struct_x_x_h128__hash__t/index.html (+4ms) 
apps/xxhash build: 16:53:31   ├─ /v0-8-4/ja/02-api/25-struct_x_x_h32__canonical__t/index.html (+4ms) 
apps/xxhash build: 16:53:31   ├─ /v0-8-4/ja/02-api/26-struct_x_x_h32__state__s/index.html (+5ms) 
apps/xxhash build: 16:53:31   ├─ /v0-8-4/ja/02-api/27-struct_x_x_h3__state__s/index.html (+5ms) 
apps/xxhash build: 16:53:31   ├─ /v0-8-4/ja/02-api/28-struct_x_x_h64__canonical__t/index.html (+4ms) 
apps/xxhash build: 16:53:31   ├─ /v0-8-4/ja/02-api/29-struct_x_x_h64__state__s/index.html (+4ms) 
apps/xxhash build: 16:53:31   ├─ /v0-8-4/ja/02-api/31-xxh__x86dispatch_8c/index.html (+4ms) 
apps/xxhash build: 16:53:31   ├─ /v0-8-4/ja/02-api/30-topics/index.html (+4ms) 
apps/xxhash build: 16:53:31   ├─ /v0-8-4/ja/02-api/32-xxhash_8h/index.html (+5ms) 
apps/xxhash build: 16:53:31   └─ /v0-8-4/ja/02-api/33-xxhash_8h_source/index.html (+7ms) 
apps/xxhash build: 16:53:31 ✓ Completed in 649ms.
apps/xxhash build: 16:53:31 [build] 117 page(s) built in 2.62s
apps/xxhash build: 16:53:31 [build] Complete!
apps/xxhash build: Done
apps/glfw prebuild$ libx-docs-prepare --projects=glfw
apps/zlib build: 16:53:31 [content] Syncing content
apps/zlib build: 16:53:31 [content] Synced content
apps/zlib build: 16:53:31 [types] Generated 169ms
apps/zlib build: 16:53:31 [build] output: "static"
apps/zlib build: 16:53:31 [build] mode: "static"
apps/zlib build: 16:53:31 [build] directory: /private/tmp/libx-document-context-validation-20261004/apps/zlib/dist/
apps/zlib build: 16:53:31 [build] Collecting build info...
apps/zlib build: 16:53:31 [build] ✓ Completed in 183ms.
apps/zlib build: 16:53:31 [build] Building static entrypoints...
apps/cjson build: 16:53:31 [content] Syncing content
apps/glfw prebuild: 【情報】選択的サイドバー生成を開始します...
apps/glfw prebuild: 【情報】指定されたプロジェクト: glfw
apps/cjson build: 16:53:31 [content] Synced content
apps/cjson build: 16:53:31 [types] Generated 145ms
apps/cjson build: 16:53:31 [build] output: "static"
apps/cjson build: 16:53:31 [build] mode: "static"
apps/cjson build: 16:53:31 [build] directory: /private/tmp/libx-document-context-validation-20261004/apps/cjson/dist/
apps/cjson build: 16:53:31 [build] Collecting build info...
apps/cjson build: 16:53:31 [build] ✓ Completed in 160ms.
apps/cjson build: 16:53:31 [build] Building static entrypoints...
apps/glfw prebuild: 【情報】プロジェクト glfw の処理を開始します...
apps/glfw prebuild:   - en/v3-5-1 のサイドバーを生成中...
apps/glfw prebuild:   - JSONファイルを保存しました: /private/tmp/libx-document-context-validation-20261004/apps/glfw/public/sidebar.prepared-19233/sidebar-en-v3-5-1.json
apps/glfw prebuild:   - ja/v3-5-1 のサイドバーを生成中...
apps/glfw prebuild:   - JSONファイルを保存しました: /private/tmp/libx-document-context-validation-20261004/apps/glfw/public/sidebar.prepared-19233/sidebar-ja-v3-5-1.json
apps/glfw prebuild: 【情報】選択的サイドバー生成が完了しました
apps/glfw prebuild: 【情報】処理したプロジェクト: glfw
apps/zlib build: 16:53:33 [vite] ✓ built in 1.23s
apps/zlib build: 16:53:33 [build] ✓ Completed in 1.25s.
apps/zlib build:  building client (vite) 
apps/zlib build: 16:53:33 [vite] transforming...
apps/cjson build: 16:53:33 [vite] ✓ built in 1.22s
apps/cjson build: 16:53:33 [build] ✓ Completed in 1.24s.
apps/cjson build:  building client (vite) 
apps/zlib build: 16:53:33 [vite] ✓ 14 modules transformed.
apps/cjson build: 16:53:33 [vite] transforming...
apps/zlib build: 16:53:33 [vite] rendering chunks...
apps/zlib build: 16:53:33 [vite] computing gzip size...
apps/zlib build: 16:53:33 [vite] dist/assets/DocLayout.astro_astro_type_script_index_0_lang.SnA9FtQP.js         0.06 kB │ gzip: 0.08 kB
apps/zlib build: 16:53:33 [vite] dist/assets/MainLayout.astro_astro_type_script_index_0_lang.DKxxHWyB.js        0.15 kB │ gzip: 0.15 kB
apps/zlib build: 16:53:33 [vite] dist/assets/Banner.astro_astro_type_script_index_0_lang.JXV-v118.js            0.32 kB │ gzip: 0.24 kB
apps/zlib build: 16:53:33 [vite] dist/assets/ThemeToggle.astro_astro_type_script_index_0_lang.BDHHZQnD.js       0.69 kB │ gzip: 0.36 kB
apps/zlib build: 16:53:33 [vite] dist/assets/VersionDiff.astro_astro_type_script_index_0_lang.DQPfIGNm.js       0.69 kB │ gzip: 0.47 kB
apps/zlib build: 16:53:33 [vite] dist/assets/SidebarPersister.astro_astro_type_script_index_0_lang.1HBmR04Y.js  0.79 kB │ gzip: 0.46 kB
apps/zlib build: 16:53:33 [vite] dist/assets/Sidebar.astro_astro_type_script_index_0_lang.Dr4m1BH4.js           0.90 kB │ gzip: 0.38 kB
apps/zlib build: 16:53:33 [vite] dist/assets/Navigation.astro_astro_type_script_index_0_lang.BxRkvq3w.js        0.97 kB │ gzip: 0.44 kB
apps/zlib build: 16:53:33 [vite] dist/assets/TableOfContents.astro_astro_type_script_index_0_lang.ClgIWJ3a.js   1.05 kB │ gzip: 0.54 kB
apps/zlib build: 16:53:33 [vite] dist/assets/Search.astro_astro_type_script_index_0_lang.BqNCOZa-.js            1.71 kB │ gzip: 0.92 kB
apps/zlib build: 16:53:33 [vite] dist/assets/search-client.8T0gqxS2.js                                          1.97 kB │ gzip: 1.02 kB
apps/zlib build: 16:53:33 [vite] dist/assets/GroupSidebar.astro_astro_type_script_index_0_lang.CHMaUHWQ.js      2.33 kB │ gzip: 1.05 kB
apps/zlib build: 16:53:33 [vite] ✓ built in 38ms
apps/cjson build: 16:53:33 [vite] ✓ 14 modules transformed.
apps/zlib build:  generating static routes 
apps/cjson build: 16:53:33 [vite] rendering chunks...
apps/zlib build: 16:53:33 ▶ src/pages/404.astro
apps/cjson build: 16:53:33 [vite] computing gzip size...
apps/cjson build: 16:53:33 [vite] dist/assets/DocLayout.astro_astro_type_script_index_0_lang.SnA9FtQP.js         0.06 kB │ gzip: 0.08 kB
apps/cjson build: 16:53:33 [vite] dist/assets/MainLayout.astro_astro_type_script_index_0_lang.DNr44gMv.js        0.16 kB │ gzip: 0.15 kB
apps/cjson build: 16:53:33 [vite] dist/assets/Banner.astro_astro_type_script_index_0_lang.JXV-v118.js            0.32 kB │ gzip: 0.24 kB
apps/cjson build: 16:53:33 [vite] dist/assets/ThemeToggle.astro_astro_type_script_index_0_lang.BDHHZQnD.js       0.69 kB │ gzip: 0.36 kB
apps/cjson build: 16:53:33 [vite] dist/assets/VersionDiff.astro_astro_type_script_index_0_lang.DQPfIGNm.js       0.69 kB │ gzip: 0.47 kB
apps/cjson build: 16:53:33 [vite] dist/assets/SidebarPersister.astro_astro_type_script_index_0_lang.1HBmR04Y.js  0.79 kB │ gzip: 0.46 kB
apps/cjson build: 16:53:33 [vite] dist/assets/Sidebar.astro_astro_type_script_index_0_lang.Dr4m1BH4.js           0.90 kB │ gzip: 0.38 kB
apps/cjson build: 16:53:33 [vite] dist/assets/Navigation.astro_astro_type_script_index_0_lang.BxRkvq3w.js        0.97 kB │ gzip: 0.44 kB
apps/cjson build: 16:53:33 [vite] dist/assets/TableOfContents.astro_astro_type_script_index_0_lang.ClgIWJ3a.js   1.05 kB │ gzip: 0.54 kB
apps/cjson build: 16:53:33 [vite] dist/assets/Search.astro_astro_type_script_index_0_lang.DkT1zqNh.js            1.71 kB │ gzip: 0.92 kB
apps/cjson build: 16:53:33 [vite] dist/assets/search-client.8T0gqxS2.js                                          1.97 kB │ gzip: 1.02 kB
apps/cjson build: 16:53:33 [vite] dist/assets/GroupSidebar.astro_astro_type_script_index_0_lang.CHMaUHWQ.js      2.33 kB │ gzip: 1.05 kB
apps/cjson build: 16:53:33 [vite] ✓ built in 39ms
apps/cjson build:  generating static routes 
apps/cjson build: 16:53:33 ▶ src/pages/404.astro
apps/zlib build: 16:53:33   └─ /404.html (+17ms) 
apps/zlib build: 16:53:33 ▶ src/pages/[version]/[lang]/index.astro
apps/zlib build: 16:53:33   ├─ /v1-3-2/en/index.html (+5ms) 
apps/zlib build: 16:53:33   └─ /v1-3-2/ja/index.html (+3ms) 
apps/cjson build: 16:53:33   └─ /404.html (+12ms) 
apps/zlib build: 16:53:33 ▶ src/pages/[version]/index.astro
apps/cjson build: 16:53:33 ▶ src/pages/[version]/[lang]/index.astro
apps/zlib build: 16:53:33   └─ /v1-3-2/index.html (+1ms) 
apps/zlib build: 16:53:33 ▶ src/pages/index.astro
apps/zlib build: 16:53:33   └─ /index.html (+1ms) 
apps/zlib build: 16:53:33 ▶ src/pages/[version]/[lang]/[...slug].astro
apps/cjson build: 16:53:33   ├─ /v1-7-19/en/index.html (+4ms) 
apps/cjson build: 16:53:33   └─ /v1-7-19/ja/index.html (+2ms) 
apps/cjson build: 16:53:33 ▶ src/pages/[version]/index.astro
apps/cjson build: 16:53:33   └─ /v1-7-19/index.html (+1ms) 
apps/cjson build: 16:53:33 ▶ src/pages/index.astro
apps/zlib build: 16:53:33   ├─ /v1-3-2/en/01-api/01-overview/index.html (+6ms) 
apps/cjson build: 16:53:33   └─ /index.html (+1ms) 
apps/cjson build: 16:53:33 ▶ src/pages/[version]/[lang]/[...slug].astro
apps/zlib build: 16:53:33   ├─ /v1-3-2/en/01-api/02-constants/index.html (+4ms) 
apps/zlib build: 16:53:33   ├─ /v1-3-2/en/01-api/03-basic/index.html (+4ms) 
apps/cjson build: 16:53:33   ├─ /v1-7-19/en/02-license/01-license/index.html (+7ms) 
apps/glfw prebuild: 検索索引 v3-5-1/en: 36ページ、630951 bytes
apps/glfw prebuild: 検索索引 v3-5-1/ja: 36ページ、787757 bytes
apps/glfw prebuild: 検索索引生成: 2件、1128ms
apps/cjson build: 16:53:33   ├─ /v1-7-19/en/02-license/02-contributors/index.html (+3ms) 
apps/zlib build: 16:53:33   ├─ /v1-3-2/en/01-api/04-advanced/index.html (+7ms) 
apps/cjson build: 16:53:33   ├─ /v1-7-19/en/01-guide/01-usage/index.html (+4ms) 
apps/zlib build: 16:53:33   ├─ /v1-3-2/en/01-api/05-utility/index.html (+4ms) 
apps/cjson build: 16:53:33   ├─ /v1-7-19/ja/01-guide/01-usage/index.html (+4ms) 
apps/cjson build: 16:53:33   ├─ /v1-7-19/ja/02-license/01-license/index.html (+3ms) 
apps/zlib build: 16:53:33   ├─ /v1-3-2/en/01-api/07-checksum/index.html (+3ms) 
apps/cjson build: 16:53:33   └─ /v1-7-19/ja/02-license/02-contributors/index.html (+3ms) 
apps/cjson build: 16:53:33 ✓ Completed in 54ms.
apps/zlib build: 16:53:33   ├─ /v1-3-2/en/01-api/09-undocumented/index.html (+3ms) 
apps/cjson build: 16:53:33 [build] 11 page(s) built in 1.51s
apps/cjson build: 16:53:33 [build] Complete!
apps/zlib build: 16:53:33   ├─ /v1-3-2/en/02-appendix/01-zconf/index.html (+2ms) 
apps/zlib build: 16:53:33   ├─ /v1-3-2/en/01-api/06-gzip/index.html (+3ms) 
apps/zlib build: 16:53:33   ├─ /v1-3-2/en/01-api/08-hacks/index.html (+3ms) 
apps/zlib build: 16:53:33   ├─ /v1-3-2/en/02-appendix/02-readme/index.html (+2ms) 
apps/cjson build: Done
apps/zlib build: 16:53:33   ├─ /v1-3-2/en/02-appendix/04-manual/index.html (+2ms) 
apps/lua prebuild$ libx-docs-prepare --projects=lua
apps/zlib build: 16:53:33   ├─ /v1-3-2/en/02-appendix/05-license/index.html (+3ms) 
apps/zlib build: 16:53:33   ├─ /v1-3-2/ja/01-api/01-overview/index.html (+3ms) 
apps/zlib build: 16:53:33   ├─ /v1-3-2/ja/01-api/02-constants/index.html (+3ms) 
apps/zlib build: 16:53:33   ├─ /v1-3-2/ja/01-api/05-utility/index.html (+3ms) 
apps/zlib build: 16:53:33   ├─ /v1-3-2/en/02-appendix/03-faq/index.html (+5ms) 
apps/zlib build: 16:53:33   ├─ /v1-3-2/ja/01-api/03-basic/index.html (+3ms) 
apps/zlib build: 16:53:33   ├─ /v1-3-2/ja/01-api/04-advanced/index.html (+3ms) 
apps/zlib build: 16:53:33   ├─ /v1-3-2/ja/01-api/06-gzip/index.html (+3ms) 
apps/zlib build: 16:53:33   ├─ /v1-3-2/ja/01-api/07-checksum/index.html (+2ms) 
apps/zlib build: 16:53:33   ├─ /v1-3-2/ja/01-api/08-hacks/index.html (+2ms) 
apps/zlib build: 16:53:33   ├─ /v1-3-2/ja/01-api/09-undocumented/index.html (+2ms) 
apps/zlib build: 16:53:33   ├─ /v1-3-2/ja/02-appendix/01-zconf/index.html (+3ms) 
apps/zlib build: 16:53:33   ├─ /v1-3-2/ja/02-appendix/03-faq/index.html (+3ms) 
apps/zlib build: 16:53:33   ├─ /v1-3-2/ja/02-appendix/05-license/index.html (+2ms) 
apps/zlib build: 16:53:33   ├─ /v1-3-2/ja/02-appendix/02-readme/index.html (+2ms) 
apps/zlib build: 16:53:33   └─ /v1-3-2/ja/02-appendix/04-manual/index.html (+2ms) 
apps/zlib build: 16:53:33 ✓ Completed in 128ms.
apps/zlib build: 16:53:33 [build] 33 page(s) built in 1.62s
apps/zlib build: 16:53:33 [build] Complete!
apps/glfw prebuild: Done
apps/glfw build$ astro build
apps/zlib build: Done
apps/pugixml prebuild$ libx-docs-prepare --projects=pugixml
apps/lua prebuild: 【情報】選択的サイドバー生成を開始します...
apps/lua prebuild: 【情報】指定されたプロジェクト: lua
apps/lua prebuild: 【情報】プロジェクト lua の処理を開始します...
apps/lua prebuild:   - en/v5-5-1 のサイドバーを生成中...
apps/lua prebuild:   - JSONファイルを保存しました: /private/tmp/libx-document-context-validation-20261004/apps/lua/public/sidebar.prepared-19314/sidebar-en-v5-5-1.json
apps/lua prebuild:   - ja/v5-5-1 のサイドバーを生成中...
apps/pugixml prebuild: 【情報】選択的サイドバー生成を開始します...
apps/pugixml prebuild: 【情報】指定されたプロジェクト: pugixml
apps/lua prebuild:   - JSONファイルを保存しました: /private/tmp/libx-document-context-validation-20261004/apps/lua/public/sidebar.prepared-19314/sidebar-ja-v5-5-1.json
apps/lua prebuild: 【情報】選択的サイドバー生成が完了しました
apps/lua prebuild: 【情報】処理したプロジェクト: lua
apps/pugixml prebuild: 【情報】プロジェクト pugixml の処理を開始します...
apps/pugixml prebuild:   - en/v1-16 のサイドバーを生成中...
apps/pugixml prebuild:   - JSONファイルを保存しました: /private/tmp/libx-document-context-validation-20261004/apps/pugixml/public/sidebar.prepared-19315/sidebar-en-v1-16.json
apps/pugixml prebuild:   - ja/v1-16 のサイドバーを生成中...
apps/pugixml prebuild:   - JSONファイルを保存しました: /private/tmp/libx-document-context-validation-20261004/apps/pugixml/public/sidebar.prepared-19315/sidebar-ja-v1-16.json
apps/pugixml prebuild: 【情報】選択的サイドバー生成が完了しました
apps/pugixml prebuild: 【情報】処理したプロジェクト: pugixml
apps/lua prebuild: 検索索引 v5-5-1/en: 57ページ、354232 bytes
apps/lua prebuild: 検索索引 v5-5-1/ja: 57ページ、426026 bytes
apps/lua prebuild: 検索索引生成: 2件、327ms
apps/lua prebuild: Done
apps/lua build$ astro build
apps/pugixml prebuild: 検索索引 v1-16/en: 12ページ、259960 bytes
apps/pugixml prebuild: 検索索引 v1-16/ja: 12ページ、304842 bytes
apps/pugixml prebuild: 検索索引生成: 2件、365ms
apps/pugixml prebuild: Done
apps/pugixml build$ astro build
apps/glfw build: 16:53:34 [content] Syncing content
apps/glfw build: 16:53:34 [content] Synced content
apps/glfw build: 16:53:34 [types] Generated 256ms
apps/glfw build: 16:53:34 [build] output: "static"
apps/glfw build: 16:53:34 [build] mode: "static"
apps/glfw build: 16:53:34 [build] directory: /private/tmp/libx-document-context-validation-20261004/apps/glfw/dist/
apps/glfw build: 16:53:34 [build] Collecting build info...
apps/glfw build: 16:53:34 [build] ✓ Completed in 271ms.
apps/glfw build: 16:53:34 [build] Building static entrypoints...
apps/lua build: 16:53:35 [content] Syncing content
apps/lua build: 16:53:35 [content] Synced content
apps/lua build: 16:53:35 [types] Generated 224ms
apps/lua build: 16:53:35 [build] output: "static"
apps/lua build: 16:53:35 [build] mode: "static"
apps/lua build: 16:53:35 [build] directory: /private/tmp/libx-document-context-validation-20261004/apps/lua/dist/
apps/lua build: 16:53:35 [build] Collecting build info...
apps/lua build: 16:53:35 [build] ✓ Completed in 240ms.
apps/pugixml build: 16:53:35 [content] Syncing content
apps/lua build: 16:53:35 [build] Building static entrypoints...
apps/pugixml build: 16:53:35 [content] Synced content
apps/pugixml build: 16:53:35 [types] Generated 223ms
apps/pugixml build: 16:53:35 [build] output: "static"
apps/pugixml build: 16:53:35 [build] mode: "static"
apps/pugixml build: 16:53:35 [build] directory: /private/tmp/libx-document-context-validation-20261004/apps/pugixml/dist/
apps/pugixml build: 16:53:35 [build] Collecting build info...
apps/pugixml build: 16:53:35 [build] ✓ Completed in 241ms.
apps/pugixml build: 16:53:35 [build] Building static entrypoints...
apps/glfw build: 16:53:35 [vite] ✓ built in 1.38s
apps/glfw build: 16:53:35 [build] ✓ Completed in 1.40s.
apps/glfw build:  building client (vite) 
apps/glfw build: 16:53:35 [vite] transforming...
apps/glfw build: 16:53:35 [vite] ✓ 14 modules transformed.
apps/glfw build: 16:53:35 [vite] rendering chunks...
apps/glfw build: 16:53:35 [vite] computing gzip size...
apps/glfw build: 16:53:35 [vite] dist/assets/DocLayout.astro_astro_type_script_index_0_lang.SnA9FtQP.js         0.06 kB │ gzip: 0.08 kB
apps/glfw build: 16:53:35 [vite] dist/assets/MainLayout.astro_astro_type_script_index_0_lang.BrWmbizA.js        0.15 kB │ gzip: 0.15 kB
apps/glfw build: 16:53:35 [vite] dist/assets/Banner.astro_astro_type_script_index_0_lang.JXV-v118.js            0.32 kB │ gzip: 0.24 kB
apps/glfw build: 16:53:35 [vite] dist/assets/ThemeToggle.astro_astro_type_script_index_0_lang.BDHHZQnD.js       0.69 kB │ gzip: 0.36 kB
apps/glfw build: 16:53:35 [vite] dist/assets/VersionDiff.astro_astro_type_script_index_0_lang.DQPfIGNm.js       0.69 kB │ gzip: 0.47 kB
apps/glfw build: 16:53:35 [vite] dist/assets/SidebarPersister.astro_astro_type_script_index_0_lang.1HBmR04Y.js  0.79 kB │ gzip: 0.46 kB
apps/glfw build: 16:53:35 [vite] dist/assets/Sidebar.astro_astro_type_script_index_0_lang.Dr4m1BH4.js           0.90 kB │ gzip: 0.38 kB
apps/glfw build: 16:53:35 [vite] dist/assets/Navigation.astro_astro_type_script_index_0_lang.BxRkvq3w.js        0.97 kB │ gzip: 0.44 kB
apps/glfw build: 16:53:35 [vite] dist/assets/TableOfContents.astro_astro_type_script_index_0_lang.ClgIWJ3a.js   1.05 kB │ gzip: 0.54 kB
apps/glfw build: 16:53:35 [vite] dist/assets/Search.astro_astro_type_script_index_0_lang.DdrK3QWk.js            1.71 kB │ gzip: 0.92 kB
apps/glfw build: 16:53:35 [vite] dist/assets/search-client.8T0gqxS2.js                                          1.97 kB │ gzip: 1.02 kB
apps/glfw build: 16:53:35 [vite] dist/assets/GroupSidebar.astro_astro_type_script_index_0_lang.CHMaUHWQ.js      2.33 kB │ gzip: 1.05 kB
apps/glfw build: 16:53:35 [vite] ✓ built in 47ms
apps/glfw build:  generating static routes 
apps/glfw build: 16:53:35 ▶ src/pages/404.astro
apps/glfw build: 16:53:35   └─ /404.html (+49ms) 
apps/glfw build: 16:53:35 ▶ src/pages/[version]/[lang]/index.astro
apps/glfw build: 16:53:35   ├─ /v3-5-1/en/index.html (+13ms) 
apps/glfw build: 16:53:35   └─ /v3-5-1/ja/index.html (+5ms) 
apps/glfw build: 16:53:35 ▶ src/pages/[version]/index.astro
apps/glfw build: 16:53:35   └─ /v3-5-1/index.html (+1ms) 
apps/glfw build: 16:53:35 ▶ src/pages/index.astro
apps/glfw build: 16:53:35   └─ /index.html (+1ms) 
apps/glfw build: 16:53:35 ▶ src/pages/[version]/[lang]/[...slug].astro
apps/glfw build: 16:53:35   ├─ /v3-5-1/en/01-overview/01-introduction/index.html (+12ms) 
apps/glfw build: 16:53:35   ├─ /v3-5-1/en/05-migration-and-history/02-release-notes/index.html (+8ms) 
apps/glfw build: 16:53:36   ├─ /v3-5-1/en/03-guides/02-context-guide/index.html (+8ms) 
apps/glfw build: 16:53:36   ├─ /v3-5-1/en/02-getting-started/02-compiling-glfw/index.html (+6ms) 
apps/glfw build: 16:53:36   ├─ /v3-5-1/en/03-guides/03-monitor-guide/index.html (+7ms) 
apps/glfw build: 16:53:36   ├─ /v3-5-1/en/03-guides/01-introduction-to-the-api/index.html (+6ms) 
apps/glfw build: 16:53:36   ├─ /v3-5-1/en/02-getting-started/01-getting-started/index.html (+7ms) 
apps/glfw build: 16:53:36   ├─ /v3-5-1/en/05-migration-and-history/01-moving-from-2-to-3/index.html (+8ms) 
apps/glfw build: 16:53:36   ├─ /v3-5-1/en/02-getting-started/03-building-applications/index.html (+5ms) 
apps/glfw build: 16:53:36   ├─ /v3-5-1/en/03-guides/04-window-guide/index.html (+6ms) 
apps/glfw build: 16:53:36   ├─ /v3-5-1/en/03-guides/06-vulkan-guide/index.html (+8ms) 
apps/glfw build: 16:53:36   ├─ /v3-5-1/en/03-guides/07-standards-conformance/index.html (+5ms) 
apps/glfw build: 16:53:36   ├─ /v3-5-1/en/03-guides/08-internal-structure/index.html (+6ms) 
apps/glfw build: 16:53:36   ├─ /v3-5-1/en/03-guides/05-input-guide/index.html (+11ms) 
apps/glfw build: 16:53:36   ├─ /v3-5-1/en/04-reference/01-initialization-version-error/index.html (+7ms) 
apps/glfw build: 16:53:36   ├─ /v3-5-1/en/04-reference/02-error-codes/index.html (+6ms) 
apps/glfw build: 16:53:36   ├─ /v3-5-1/en/04-reference/04-context-reference/index.html (+6ms) 
apps/glfw build: 16:53:36   ├─ /v3-5-1/en/04-reference/05-monitor-reference/index.html (+12ms) 
apps/glfw build: 16:53:36   ├─ /v3-5-1/en/04-reference/06-input-reference/index.html (+12ms) 
apps/glfw build: 16:53:36   ├─ /v3-5-1/en/04-reference/03-window-reference/index.html (+6ms) 
apps/glfw build: 16:53:36   ├─ /v3-5-1/en/04-reference/07-vulkan-support-reference/index.html (+8ms) 
apps/glfw build: 16:53:36   ├─ /v3-5-1/en/04-reference/08-native-access/index.html (+5ms) 
apps/glfw build: 16:53:36   ├─ /v3-5-1/en/04-reference/09-keyboard-key-tokens/index.html (+7ms) 
apps/glfw build: 16:53:36   ├─ /v3-5-1/en/04-reference/10-modifier-key-flags/index.html (+4ms) 
apps/glfw build: 16:53:36   ├─ /v3-5-1/en/04-reference/11-mouse-buttons/index.html (+4ms) 
apps/glfw build: 16:53:36   ├─ /v3-5-1/en/04-reference/12-joysticks/index.html (+7ms) 
apps/glfw build: 16:53:36   ├─ /v3-5-1/en/04-reference/13-joystick-hat-states/index.html (+5ms) 
apps/glfw build: 16:53:36   ├─ /v3-5-1/en/04-reference/14-gamepad-buttons/index.html (+5ms) 
apps/glfw build: 16:53:36   ├─ /v3-5-1/en/04-reference/15-gamepad-axes/index.html (+4ms) 
apps/glfw build: 16:53:36   ├─ /v3-5-1/en/04-reference/16-standard-cursor-shapes/index.html (+6ms) 
apps/glfw build: 16:53:36   ├─ /v3-5-1/en/04-reference/17-glfwallocator/index.html (+5ms) 
apps/glfw build: 16:53:36   ├─ /v3-5-1/en/04-reference/18-glfwgamepadstate/index.html (+4ms) 
apps/glfw build: 16:53:36   ├─ /v3-5-1/en/04-reference/19-glfwgammaramp/index.html (+4ms) 
apps/glfw build: 16:53:36   ├─ /v3-5-1/en/04-reference/20-glfwimage/index.html (+6ms) 
apps/glfw build: 16:53:36   ├─ /v3-5-1/en/04-reference/21-glfwvidmode/index.html (+4ms) 
apps/glfw build: 16:53:36   ├─ /v3-5-1/en/04-reference/22-deprecated-list/index.html (+3ms) 
apps/glfw build: 16:53:36   ├─ /v3-5-1/ja/01-overview/01-introduction/index.html (+4ms) 
apps/glfw build: 16:53:36   ├─ /v3-5-1/ja/02-getting-started/01-getting-started/index.html (+5ms) 
apps/glfw build: 16:53:36   ├─ /v3-5-1/ja/02-getting-started/02-compiling-glfw/index.html (+4ms) 
apps/glfw build: 16:53:36   ├─ /v3-5-1/ja/02-getting-started/03-building-applications/index.html (+4ms) 
apps/glfw build: 16:53:36   ├─ /v3-5-1/ja/03-guides/01-introduction-to-the-api/index.html (+4ms) 
apps/glfw build: 16:53:36   ├─ /v3-5-1/ja/03-guides/02-context-guide/index.html (+4ms) 
apps/glfw build: 16:53:36   ├─ /v3-5-1/ja/03-guides/03-monitor-guide/index.html (+5ms) 
apps/glfw build: 16:53:36   ├─ /v3-5-1/ja/03-guides/06-vulkan-guide/index.html (+4ms) 
apps/glfw build: 16:53:36   ├─ /v3-5-1/ja/03-guides/08-internal-structure/index.html (+4ms) 
apps/glfw build: 16:53:36   ├─ /v3-5-1/ja/03-guides/05-input-guide/index.html (+4ms) 
apps/glfw build: 16:53:36   ├─ /v3-5-1/ja/03-guides/04-window-guide/index.html (+5ms) 
apps/glfw build: 16:53:36   ├─ /v3-5-1/ja/03-guides/07-standards-conformance/index.html (+5ms) 
apps/glfw build: 16:53:36   ├─ /v3-5-1/ja/05-migration-and-history/01-moving-from-2-to-3/index.html (+5ms) 
apps/glfw build: 16:53:36   ├─ /v3-5-1/ja/05-migration-and-history/02-release-notes/index.html (+4ms) 
apps/glfw build: 16:53:36   ├─ /v3-5-1/ja/04-reference/02-error-codes/index.html (+5ms) 
apps/glfw build: 16:53:36   ├─ /v3-5-1/ja/04-reference/01-initialization-version-error/index.html (+5ms) 
apps/glfw build: 16:53:36   ├─ /v3-5-1/ja/04-reference/03-window-reference/index.html (+5ms) 
apps/glfw build: 16:53:36   ├─ /v3-5-1/ja/04-reference/04-context-reference/index.html (+4ms) 
apps/glfw build: 16:53:36   ├─ /v3-5-1/ja/04-reference/05-monitor-reference/index.html (+4ms) 
apps/glfw build: 16:53:36   ├─ /v3-5-1/ja/04-reference/07-vulkan-support-reference/index.html (+5ms) 
apps/glfw build: 16:53:36   ├─ /v3-5-1/ja/04-reference/08-native-access/index.html (+4ms) 
apps/glfw build: 16:53:36   ├─ /v3-5-1/ja/04-reference/06-input-reference/index.html (+5ms) 
apps/glfw build: 16:53:36   ├─ /v3-5-1/ja/04-reference/09-keyboard-key-tokens/index.html (+7ms) 
apps/glfw build: 16:53:36   ├─ /v3-5-1/ja/04-reference/10-modifier-key-flags/index.html (+4ms) 
apps/glfw build: 16:53:36   ├─ /v3-5-1/ja/04-reference/11-mouse-buttons/index.html (+4ms) 
apps/glfw build: 16:53:36   ├─ /v3-5-1/ja/04-reference/13-joystick-hat-states/index.html (+4ms) 
apps/glfw build: 16:53:36   ├─ /v3-5-1/ja/04-reference/14-gamepad-buttons/index.html (+4ms) 
apps/glfw build: 16:53:36   ├─ /v3-5-1/ja/04-reference/15-gamepad-axes/index.html (+4ms) 
apps/glfw build: 16:53:36   ├─ /v3-5-1/ja/04-reference/16-standard-cursor-shapes/index.html (+4ms) 
apps/glfw build: 16:53:36   ├─ /v3-5-1/ja/04-reference/12-joysticks/index.html (+4ms) 
apps/glfw build: 16:53:36   ├─ /v3-5-1/ja/04-reference/17-glfwallocator/index.html (+8ms) 
apps/glfw build: 16:53:36   ├─ /v3-5-1/ja/04-reference/18-glfwgamepadstate/index.html (+4ms) 
apps/glfw build: 16:53:36   ├─ /v3-5-1/ja/04-reference/19-glfwgammaramp/index.html (+4ms) 
apps/glfw build: 16:53:36   ├─ /v3-5-1/ja/04-reference/20-glfwimage/index.html (+5ms) 
apps/glfw build: 16:53:36   ├─ /v3-5-1/ja/04-reference/21-glfwvidmode/index.html (+4ms) 
apps/glfw build: 16:53:36   └─ /v3-5-1/ja/04-reference/22-deprecated-list/index.html (+3ms) 
apps/glfw build: 16:53:36 ✓ Completed in 477ms.
apps/glfw build: 16:53:36 [build] 77 page(s) built in 2.23s
apps/glfw build: 16:53:36 [build] Complete!
apps/glfw build: Done
apps/uthash prebuild$ libx-docs-prepare --projects=uthash && node ../../scripts/importers/build-uthash-search-index.mjs
apps/lua build: 16:53:36 [vite] ✓ built in 1.28s
apps/lua build: 16:53:36 [build] ✓ Completed in 1.30s.
apps/lua build:  building client (vite) 
apps/lua build: 16:53:36 [vite] transforming...
apps/lua build: 16:53:36 [vite] ✓ 14 modules transformed.
apps/lua build: 16:53:36 [vite] rendering chunks...
apps/lua build: 16:53:36 [vite] computing gzip size...
apps/lua build: 16:53:36 [vite] dist/assets/DocLayout.astro_astro_type_script_index_0_lang.SnA9FtQP.js         0.06 kB │ gzip: 0.08 kB
apps/lua build: 16:53:36 [vite] dist/assets/MainLayout.astro_astro_type_script_index_0_lang.BO7OkEWi.js        0.15 kB │ gzip: 0.15 kB
apps/lua build: 16:53:36 [vite] dist/assets/Banner.astro_astro_type_script_index_0_lang.JXV-v118.js            0.32 kB │ gzip: 0.24 kB
apps/lua build: 16:53:36 [vite] dist/assets/ThemeToggle.astro_astro_type_script_index_0_lang.BDHHZQnD.js       0.69 kB │ gzip: 0.36 kB
apps/lua build: 16:53:36 [vite] dist/assets/VersionDiff.astro_astro_type_script_index_0_lang.DQPfIGNm.js       0.69 kB │ gzip: 0.47 kB
apps/lua build: 16:53:36 [vite] dist/assets/SidebarPersister.astro_astro_type_script_index_0_lang.1HBmR04Y.js  0.79 kB │ gzip: 0.46 kB
apps/lua build: 16:53:36 [vite] dist/assets/Sidebar.astro_astro_type_script_index_0_lang.Dr4m1BH4.js           0.90 kB │ gzip: 0.38 kB
apps/lua build: 16:53:36 [vite] dist/assets/Navigation.astro_astro_type_script_index_0_lang.BxRkvq3w.js        0.97 kB │ gzip: 0.44 kB
apps/lua build: 16:53:36 [vite] dist/assets/TableOfContents.astro_astro_type_script_index_0_lang.ClgIWJ3a.js   1.05 kB │ gzip: 0.54 kB
apps/lua build: 16:53:36 [vite] dist/assets/Search.astro_astro_type_script_index_0_lang.D2w-a621.js            1.70 kB │ gzip: 0.92 kB
apps/lua build: 16:53:36 [vite] dist/assets/search-client.8T0gqxS2.js                                          1.97 kB │ gzip: 1.02 kB
apps/lua build: 16:53:36 [vite] dist/assets/GroupSidebar.astro_astro_type_script_index_0_lang.CHMaUHWQ.js      2.33 kB │ gzip: 1.05 kB
apps/lua build: 16:53:36 [vite] ✓ built in 36ms
apps/lua build:  generating static routes 
apps/lua build: 16:53:36 ▶ src/pages/404.astro
apps/lua build: 16:53:36   └─ /404.html (+25ms) 
apps/lua build: 16:53:36 ▶ src/pages/[version]/[lang]/index.astro
apps/lua build: 16:53:36   ├─ /v5-5-1/en/index.html (+7ms) 
apps/lua build: 16:53:36   └─ /v5-5-1/ja/index.html (+5ms) 
apps/lua build: 16:53:36 ▶ src/pages/[version]/index.astro
apps/lua build: 16:53:36   └─ /v5-5-1/index.html (+1ms) 
apps/lua build: 16:53:36 ▶ src/pages/index.astro
apps/lua build: 16:53:36   └─ /index.html (+1ms) 
apps/lua build: 16:53:36 ▶ src/pages/[version]/[lang]/[...slug].astro
apps/uthash prebuild: 【情報】選択的サイドバー生成を開始します...
apps/uthash prebuild: 【情報】指定されたプロジェクト: uthash
apps/pugixml build: 16:53:36 [vite] ✓ built in 1.33s
apps/pugixml build: 16:53:36 [build] ✓ Completed in 1.35s.
apps/pugixml build:  building client (vite) 
apps/lua build: 16:53:36   ├─ /v5-5-1/en/01-overview/01-about/index.html (+12ms) 
apps/pugixml build: 16:53:36 [vite] transforming...
apps/lua build: 16:53:36   ├─ /v5-5-1/en/01-overview/02-installing/index.html (+8ms) 
apps/lua build: 16:53:36   ├─ /v5-5-1/en/01-overview/03-license/index.html (+9ms) 
apps/uthash prebuild: 【情報】プロジェクト uthash の処理を開始します...
apps/pugixml build: 16:53:36 [vite] ✓ 14 modules transformed.
apps/lua build: 16:53:36   ├─ /v5-5-1/en/01-overview/04-introduction/index.html (+5ms) 
apps/uthash prebuild:   - en/v2-4-0 のサイドバーを生成中...
apps/pugixml build: 16:53:36 [vite] rendering chunks...
apps/lua build: 16:53:36   ├─ /v5-5-1/en/02-language/04-metatables-and-metamethods/index.html (+5ms) 
apps/pugixml build: 16:53:36 [vite] computing gzip size...
apps/pugixml build: 16:53:36 [vite] dist/assets/DocLayout.astro_astro_type_script_index_0_lang.SnA9FtQP.js         0.06 kB │ gzip: 0.08 kB
apps/pugixml build: 16:53:36 [vite] dist/assets/MainLayout.astro_astro_type_script_index_0_lang.dhkdvWMA.js        0.16 kB │ gzip: 0.15 kB
apps/pugixml build: 16:53:36 [vite] dist/assets/Banner.astro_astro_type_script_index_0_lang.JXV-v118.js            0.32 kB │ gzip: 0.24 kB
apps/pugixml build: 16:53:36 [vite] dist/assets/ThemeToggle.astro_astro_type_script_index_0_lang.BDHHZQnD.js       0.69 kB │ gzip: 0.36 kB
apps/pugixml build: 16:53:36 [vite] dist/assets/VersionDiff.astro_astro_type_script_index_0_lang.DQPfIGNm.js       0.69 kB │ gzip: 0.47 kB
apps/pugixml build: 16:53:36 [vite] dist/assets/SidebarPersister.astro_astro_type_script_index_0_lang.1HBmR04Y.js  0.79 kB │ gzip: 0.46 kB
apps/pugixml build: 16:53:36 [vite] dist/assets/Sidebar.astro_astro_type_script_index_0_lang.Dr4m1BH4.js           0.90 kB │ gzip: 0.38 kB
apps/pugixml build: 16:53:36 [vite] dist/assets/Navigation.astro_astro_type_script_index_0_lang.BxRkvq3w.js        0.97 kB │ gzip: 0.44 kB
apps/pugixml build: 16:53:36 [vite] dist/assets/TableOfContents.astro_astro_type_script_index_0_lang.ClgIWJ3a.js   1.05 kB │ gzip: 0.54 kB
apps/pugixml build: 16:53:36 [vite] dist/assets/Search.astro_astro_type_script_index_0_lang.DASHXmXZ.js            1.71 kB │ gzip: 0.92 kB
apps/pugixml build: 16:53:36 [vite] dist/assets/search-client.8T0gqxS2.js                                          1.97 kB │ gzip: 1.02 kB
apps/pugixml build: 16:53:36 [vite] dist/assets/GroupSidebar.astro_astro_type_script_index_0_lang.CHMaUHWQ.js      2.33 kB │ gzip: 1.05 kB
apps/pugixml build: 16:53:36 [vite] ✓ built in 33ms
apps/lua build: 16:53:36   ├─ /v5-5-1/en/02-language/03-error-handling/index.html (+5ms) 
apps/uthash prebuild:   - JSONファイルを保存しました: /private/tmp/libx-document-context-validation-20261004/apps/uthash/public/sidebar.prepared-19406/sidebar-en-v2-4-0.json
apps/uthash prebuild:   - ja/v2-4-0 のサイドバーを生成中...
apps/lua build: 16:53:36   ├─ /v5-5-1/en/02-language/02-scopes-variables-and-environments/index.html (+4ms) 
apps/pugixml build:  generating static routes 
apps/lua build: 16:53:36   ├─ /v5-5-1/en/02-language/05-garbage-collection/index.html (+4ms) 
apps/uthash prebuild:   - JSONファイルを保存しました: /private/tmp/libx-document-context-validation-20261004/apps/uthash/public/sidebar.prepared-19406/sidebar-ja-v2-4-0.json
apps/pugixml build: 16:53:36 ▶ src/pages/404.astro
apps/uthash prebuild: 【情報】選択的サイドバー生成が完了しました
apps/uthash prebuild: 【情報】処理したプロジェクト: uthash
apps/lua build: 16:53:36   ├─ /v5-5-1/en/02-language/06-coroutines/index.html (+6ms) 
apps/lua build: 16:53:36   ├─ /v5-5-1/en/02-language/01-values-and-types/index.html (+4ms) 
apps/lua build: 16:53:36   ├─ /v5-5-1/en/02-language/08-variables/index.html (+4ms) 
apps/lua build: 16:53:36   ├─ /v5-5-1/en/02-language/10-expressions/index.html (+4ms) 
apps/lua build: 16:53:36   ├─ /v5-5-1/en/03-c-api/01-overview/index.html (+4ms) 
apps/pugixml build: 16:53:36   └─ /404.html (+21ms) 
apps/pugixml build: 16:53:36 ▶ src/pages/[version]/[lang]/index.astro
apps/lua build: 16:53:36   ├─ /v5-5-1/en/02-language/07-lexical-conventions/index.html (+4ms) 
apps/pugixml build: 16:53:36   ├─ /v1-16/en/index.html (+5ms) 
apps/pugixml build: 16:53:36   └─ /v1-16/ja/index.html (+3ms) 
apps/lua build: 16:53:36   ├─ /v5-5-1/en/02-language/09-statements/index.html (+5ms) 
apps/pugixml build: 16:53:36 ▶ src/pages/[version]/index.astro
apps/pugixml build: 16:53:36   └─ /v1-16/index.html (+1ms) 
apps/pugixml build: 16:53:36 ▶ src/pages/index.astro
apps/pugixml build: 16:53:36   └─ /index.html (+1ms) 
apps/lua build: 16:53:36   ├─ /v5-5-1/en/03-c-api/02-stack/index.html (+4ms) 
apps/pugixml build: 16:53:36 ▶ src/pages/[version]/[lang]/[...slug].astro
apps/lua build: 16:53:36   ├─ /v5-5-1/en/02-language/11-complete-syntax/index.html (+4ms) 
apps/pugixml build: 16:53:36   ├─ /v1-16/en/03-reference/01-changelog/index.html (+7ms) 
apps/lua build: 16:53:36   ├─ /v5-5-1/en/03-c-api/04-registry/index.html (+5ms) 
apps/pugixml build: 16:53:36   ├─ /v1-16/en/02-manual/01-overview/index.html (+4ms) 
apps/lua build: 16:53:36   ├─ /v5-5-1/en/03-c-api/03-c-closures/index.html (+4ms) 
apps/pugixml build: 16:53:36   ├─ /v1-16/en/02-manual/07-saving-documents/index.html (+3ms) 
apps/lua build: 16:53:36   ├─ /v5-5-1/en/03-c-api/05-error-handling-in-c/index.html (+4ms) 
apps/pugixml build: 16:53:36   ├─ /v1-16/en/02-manual/02-installation/index.html (+3ms) 
apps/lua build: 16:53:36   ├─ /v5-5-1/en/03-c-api/06-handling-yields-in-c/index.html (+4ms) 
apps/pugixml build: 16:53:36   ├─ /v1-16/en/02-manual/04-loading-documents/index.html (+4ms) 
apps/lua build: 16:53:36   ├─ /v5-5-1/en/03-c-api/07-functions-and-types-a-c/index.html (+4ms) 
apps/pugixml build: 16:53:36   ├─ /v1-16/en/02-manual/03-document-object-model/index.html (+3ms) 
apps/pugixml build: 16:53:36   ├─ /v1-16/en/01-overview/01-quick-start/index.html (+4ms) 
apps/lua build: 16:53:36   ├─ /v5-5-1/en/03-c-api/08-functions-and-types-concat-gc/index.html (+5ms) 
apps/pugixml build: 16:53:36   ├─ /v1-16/en/02-manual/06-modifying-document-data/index.html (+3ms) 
apps/lua build: 16:53:36   ├─ /v5-5-1/en/03-c-api/09-functions-and-types-get/index.html (+4ms) 
apps/pugixml build: 16:53:36   ├─ /v1-16/en/02-manual/08-xpath/index.html (+6ms) 
apps/lua build: 16:53:36   ├─ /v5-5-1/en/03-c-api/10-functions-and-types-i-l/index.html (+5ms) 
apps/pugixml build: 16:53:36   ├─ /v1-16/en/02-manual/05-accessing-document-data/index.html (+4ms) 
apps/lua build: 16:53:36   ├─ /v5-5-1/en/03-c-api/11-functions-and-types-n-pcall/index.html (+4ms) 
apps/pugixml build: 16:53:36   ├─ /v1-16/en/03-reference/02-api-reference/index.html (+4ms) 
apps/lua build: 16:53:36   ├─ /v5-5-1/en/03-c-api/12-functions-and-types-pop-push/index.html (+6ms) 
apps/pugixml build: 16:53:36   ├─ /v1-16/ja/02-manual/01-overview/index.html (+4ms) 
apps/pugixml build: 16:53:36   ├─ /v1-16/ja/02-manual/02-installation/index.html (+3ms) 
apps/lua build: 16:53:36   ├─ /v5-5-1/en/03-c-api/13-functions-and-types-raw-resume/index.html (+5ms) 
apps/pugixml build: 16:53:36   ├─ /v1-16/ja/01-overview/01-quick-start/index.html (+3ms) 
apps/lua build: 16:53:36   ├─ /v5-5-1/en/03-c-api/14-functions-and-types-set-status/index.html (+4ms) 
apps/pugixml build: 16:53:36   ├─ /v1-16/ja/02-manual/04-loading-documents/index.html (+3ms) 
apps/lua build: 16:53:36   ├─ /v5-5-1/en/03-c-api/15-functions-and-types-to-type/index.html (+4ms) 
apps/pugixml build: 16:53:36   ├─ /v1-16/ja/02-manual/05-accessing-document-data/index.html (+4ms) 
apps/pugixml build: 16:53:36   ├─ /v1-16/en/04-license/01-license/index.html (+2ms) 
apps/lua build: 16:53:36   ├─ /v5-5-1/en/03-c-api/16-functions-and-types-u-y/index.html (+4ms) 
apps/pugixml build: 16:53:36   ├─ /v1-16/ja/02-manual/06-modifying-document-data/index.html (+3ms) 
apps/lua build: 16:53:36   ├─ /v5-5-1/en/03-c-api/17-debug-interface/index.html (+4ms) 
apps/pugixml build: 16:53:36   ├─ /v1-16/ja/02-manual/03-document-object-model/index.html (+3ms) 
apps/lua build: 16:53:36   ├─ /v5-5-1/en/04-auxiliary-library/01-overview/index.html (+4ms) 
apps/pugixml build: 16:53:36   ├─ /v1-16/ja/02-manual/07-saving-documents/index.html (+3ms) 
apps/pugixml build: 16:53:36   ├─ /v1-16/ja/02-manual/08-xpath/index.html (+3ms) 
apps/lua build: 16:53:36   ├─ /v5-5-1/en/04-auxiliary-library/02-functions-and-types-add-buffer/index.html (+5ms) 
apps/pugixml build: 16:53:36   ├─ /v1-16/ja/03-reference/01-changelog/index.html (+3ms) 
apps/lua build: 16:53:36   ├─ /v5-5-1/en/04-auxiliary-library/03-functions-and-types-call-check/index.html (+5ms) 
apps/pugixml build: 16:53:36   ├─ /v1-16/ja/04-license/01-license/index.html (+3ms) 
apps/pugixml build: 16:53:36   └─ /v1-16/ja/03-reference/02-api-reference/index.html (+3ms) 
apps/pugixml build: 16:53:36 ✓ Completed in 128ms.
apps/lua build: 16:53:36   ├─ /v5-5-1/en/04-auxiliary-library/04-functions-and-types-do-load/index.html (+5ms) 
apps/pugixml build: 16:53:36 [build] 29 page(s) built in 1.78s
apps/pugixml build: 16:53:36 [build] Complete!
apps/lua build: 16:53:36   ├─ /v5-5-1/en/04-auxiliary-library/05-functions-and-types-make-push/index.html (+5ms) 
apps/lua build: 16:53:36   ├─ /v5-5-1/en/04-auxiliary-library/06-functions-and-types-ref-where/index.html (+4ms) 
apps/lua build: 16:53:36   ├─ /v5-5-1/en/05-standard-library/01-overview/index.html (+3ms) 
apps/pugixml build: Done
apps/lua build: 16:53:36   ├─ /v5-5-1/en/05-standard-library/02-loading-libraries-in-c/index.html (+4ms) 
apps/fmt prebuild$ libx-docs-prepare --projects=fmt
apps/lua build: 16:53:36   ├─ /v5-5-1/en/05-standard-library/03-basic-functions/index.html (+4ms) 
apps/lua build: 16:53:36   ├─ /v5-5-1/en/05-standard-library/04-coroutine-manipulation/index.html (+4ms) 
apps/lua build: 16:53:36   ├─ /v5-5-1/en/05-standard-library/05-modules/index.html (+5ms) 
apps/lua build: 16:53:36   ├─ /v5-5-1/en/05-standard-library/06-string-manipulation/index.html (+5ms) 
apps/lua build: 16:53:36   ├─ /v5-5-1/en/05-standard-library/07-utf8-support/index.html (+5ms) 
apps/lua build: 16:53:36   ├─ /v5-5-1/en/05-standard-library/09-mathematical-functions/index.html (+5ms) 
apps/lua build: 16:53:36   ├─ /v5-5-1/en/05-standard-library/08-table-manipulation/index.html (+5ms) 
apps/lua build: 16:53:36   ├─ /v5-5-1/en/05-standard-library/10-input-and-output/index.html (+4ms) 
apps/lua build: 16:53:36   ├─ /v5-5-1/en/05-standard-library/11-operating-system/index.html (+4ms) 
apps/lua build: 16:53:36   ├─ /v5-5-1/en/05-standard-library/12-debug-library/index.html (+4ms) 
apps/lua build: 16:53:36   ├─ /v5-5-1/en/06-tools/01-lua-standalone/index.html (+4ms) 
apps/lua build: 16:53:36   ├─ /v5-5-1/en/06-tools/02-lua-command/index.html (+4ms) 
apps/lua build: 16:53:36   ├─ /v5-5-1/en/06-tools/03-luac-command/index.html (+4ms) 
apps/lua build: 16:53:36   ├─ /v5-5-1/en/07-migration-and-known-issues/01-changes-since-5-4/index.html (+5ms) 
apps/lua build: 16:53:36   ├─ /v5-5-1/en/07-migration-and-known-issues/02-incompatibilities/index.html (+4ms) 
apps/lua build: 16:53:36   ├─ /v5-5-1/en/07-migration-and-known-issues/03-known-issues/index.html (+4ms) 
apps/lua build: 16:53:36   ├─ /v5-5-1/en/07-migration-and-known-issues/04-known-issues-2026-10-02/index.html (+5ms) 
apps/lua build: 16:53:36   ├─ /v5-5-1/ja/01-overview/01-about/index.html (+4ms) 
apps/lua build: 16:53:36   ├─ /v5-5-1/ja/01-overview/02-installing/index.html (+4ms) 
apps/lua build: 16:53:36   ├─ /v5-5-1/ja/01-overview/03-license/index.html (+4ms) 
apps/lua build: 16:53:36   ├─ /v5-5-1/ja/01-overview/04-introduction/index.html (+5ms) 
apps/lua build: 16:53:36   ├─ /v5-5-1/ja/02-language/01-values-and-types/index.html (+6ms) 
apps/lua build: 16:53:36   ├─ /v5-5-1/ja/02-language/02-scopes-variables-and-environments/index.html (+6ms) 
apps/lua build: 16:53:36   ├─ /v5-5-1/ja/02-language/03-error-handling/index.html (+4ms) 
apps/lua build: 16:53:36   ├─ /v5-5-1/ja/02-language/04-metatables-and-metamethods/index.html (+4ms) 
apps/lua build: 16:53:36   ├─ /v5-5-1/ja/02-language/05-garbage-collection/index.html (+4ms) 
apps/lua build: 16:53:36   ├─ /v5-5-1/ja/02-language/06-coroutines/index.html (+6ms) 
apps/lua build: 16:53:36   ├─ /v5-5-1/ja/02-language/07-lexical-conventions/index.html (+6ms) 
apps/lua build: 16:53:36   ├─ /v5-5-1/ja/02-language/08-variables/index.html (+4ms) 
apps/lua build: 16:53:36   ├─ /v5-5-1/ja/02-language/09-statements/index.html (+4ms) 
apps/lua build: 16:53:36   ├─ /v5-5-1/ja/02-language/10-expressions/index.html (+5ms) 
apps/lua build: 16:53:36   ├─ /v5-5-1/ja/03-c-api/01-overview/index.html (+5ms) 
apps/fmt prebuild: 【情報】選択的サイドバー生成を開始します...
apps/fmt prebuild: 【情報】指定されたプロジェクト: fmt
apps/lua build: 16:53:36   ├─ /v5-5-1/ja/02-language/11-complete-syntax/index.html (+4ms) 
apps/lua build: 16:53:36   ├─ /v5-5-1/ja/03-c-api/02-stack/index.html (+4ms) 
apps/lua build: 16:53:36   ├─ /v5-5-1/ja/03-c-api/03-c-closures/index.html (+4ms) 
apps/lua build: 16:53:36   ├─ /v5-5-1/ja/03-c-api/04-registry/index.html (+4ms) 
apps/lua build: 16:53:36   ├─ /v5-5-1/ja/03-c-api/05-error-handling-in-c/index.html (+5ms) 
apps/lua build: 16:53:36   ├─ /v5-5-1/ja/03-c-api/06-handling-yields-in-c/index.html (+5ms) 
apps/fmt prebuild: 【情報】プロジェクト fmt の処理を開始します...
apps/lua build: 16:53:36   ├─ /v5-5-1/ja/03-c-api/07-functions-and-types-a-c/index.html (+4ms) 
apps/fmt prebuild:   - en/v12-2-0 のサイドバーを生成中...
apps/lua build: 16:53:36   ├─ /v5-5-1/ja/03-c-api/08-functions-and-types-concat-gc/index.html (+4ms) 
apps/lua build: 16:53:36   ├─ /v5-5-1/ja/03-c-api/09-functions-and-types-get/index.html (+6ms) 
apps/fmt prebuild:   - JSONファイルを保存しました: /private/tmp/libx-document-context-validation-20261004/apps/fmt/public/sidebar.prepared-19434/sidebar-en-v12-2-0.json
apps/fmt prebuild:   - ja/v12-2-0 のサイドバーを生成中...
apps/lua build: 16:53:36   ├─ /v5-5-1/ja/03-c-api/10-functions-and-types-i-l/index.html (+4ms) 
apps/fmt prebuild:   - JSONファイルを保存しました: /private/tmp/libx-document-context-validation-20261004/apps/fmt/public/sidebar.prepared-19434/sidebar-ja-v12-2-0.json
apps/fmt prebuild: 【情報】選択的サイドバー生成が完了しました
apps/fmt prebuild: 【情報】処理したプロジェクト: fmt
apps/lua build: 16:53:36   ├─ /v5-5-1/ja/03-c-api/11-functions-and-types-n-pcall/index.html (+4ms) 
apps/lua build: 16:53:36   ├─ /v5-5-1/ja/03-c-api/12-functions-and-types-pop-push/index.html (+4ms) 
apps/lua build: 16:53:36   ├─ /v5-5-1/ja/03-c-api/13-functions-and-types-raw-resume/index.html (+5ms) 
apps/lua build: 16:53:36   ├─ /v5-5-1/ja/03-c-api/15-functions-and-types-to-type/index.html (+5ms) 
apps/lua build: 16:53:36   ├─ /v5-5-1/ja/03-c-api/14-functions-and-types-set-status/index.html (+6ms) 
apps/lua build: 16:53:36   ├─ /v5-5-1/ja/03-c-api/16-functions-and-types-u-y/index.html (+4ms) 
apps/lua build: 16:53:36   ├─ /v5-5-1/ja/03-c-api/17-debug-interface/index.html (+5ms) 
apps/lua build: 16:53:36   ├─ /v5-5-1/ja/04-auxiliary-library/01-overview/index.html (+6ms) 
apps/lua build: 16:53:36   ├─ /v5-5-1/ja/04-auxiliary-library/02-functions-and-types-add-buffer/index.html (+4ms) 
apps/uthash prebuild: 検索索引 v2-4-0/en: 8ページ、129871 bytes
apps/uthash prebuild: 検索索引 v2-4-0/ja: 8ページ、158829 bytes
apps/uthash prebuild: 検索索引生成: 2件、240ms
apps/lua build: 16:53:36   ├─ /v5-5-1/ja/04-auxiliary-library/03-functions-and-types-call-check/index.html (+5ms) 
apps/lua build: 16:53:36   ├─ /v5-5-1/ja/04-auxiliary-library/04-functions-and-types-do-load/index.html (+5ms) 
apps/lua build: 16:53:36   ├─ /v5-5-1/ja/04-auxiliary-library/05-functions-and-types-make-push/index.html (+4ms) 
apps/lua build: 16:53:36   ├─ /v5-5-1/ja/04-auxiliary-library/06-functions-and-types-ref-where/index.html (+4ms) 
apps/lua build: 16:53:36   ├─ /v5-5-1/ja/06-tools/01-lua-standalone/index.html (+4ms) 
apps/lua build: 16:53:37   ├─ /v5-5-1/ja/06-tools/02-lua-command/index.html (+4ms) 
apps/lua build: 16:53:37   ├─ /v5-5-1/ja/06-tools/03-luac-command/index.html (+3ms) 
apps/lua build: 16:53:37   ├─ /v5-5-1/ja/05-standard-library/01-overview/index.html (+5ms) 
apps/lua build: 16:53:37   ├─ /v5-5-1/ja/05-standard-library/02-loading-libraries-in-c/index.html (+4ms) 
apps/lua build: 16:53:37   ├─ /v5-5-1/ja/05-standard-library/03-basic-functions/index.html (+4ms) 
apps/lua build: 16:53:37   ├─ /v5-5-1/ja/05-standard-library/04-coroutine-manipulation/index.html (+4ms) 
apps/lua build: 16:53:37   ├─ /v5-5-1/ja/05-standard-library/05-modules/index.html (+4ms) 
apps/lua build: 16:53:37   ├─ /v5-5-1/ja/05-standard-library/07-utf8-support/index.html (+4ms) 
apps/lua build: 16:53:37   ├─ /v5-5-1/ja/05-standard-library/06-string-manipulation/index.html (+4ms) 
apps/lua build: 16:53:37   ├─ /v5-5-1/ja/05-standard-library/08-table-manipulation/index.html (+4ms) 
apps/lua build: 16:53:37   ├─ /v5-5-1/ja/05-standard-library/09-mathematical-functions/index.html (+4ms) 
apps/lua build: 16:53:37   ├─ /v5-5-1/ja/05-standard-library/10-input-and-output/index.html (+5ms) 
apps/lua build: 16:53:37   ├─ /v5-5-1/ja/05-standard-library/11-operating-system/index.html (+4ms) 
apps/lua build: 16:53:37   ├─ /v5-5-1/ja/05-standard-library/12-debug-library/index.html (+4ms) 
apps/lua build: 16:53:37   ├─ /v5-5-1/ja/07-migration-and-known-issues/01-changes-since-5-4/index.html (+4ms) 
apps/lua build: 16:53:37   ├─ /v5-5-1/ja/07-migration-and-known-issues/02-incompatibilities/index.html (+4ms) 
apps/lua build: 16:53:37   ├─ /v5-5-1/ja/07-migration-and-known-issues/03-known-issues/index.html (+4ms) 
apps/lua build: 16:53:37   └─ /v5-5-1/ja/07-migration-and-known-issues/04-known-issues-2026-10-02/index.html (+3ms) 
apps/lua build: 16:53:37 ✓ Completed in 572ms.
apps/lua build: 16:53:37 [build] 119 page(s) built in 2.18s
apps/lua build: 16:53:37 [build] Complete!
apps/lua build: Done
apps/ninja prebuild$ libx-docs-prepare --projects=ninja
apps/fmt prebuild: 検索索引 v12-2-0/en: 5ページ、81159 bytes
apps/fmt prebuild: 検索索引 v12-2-0/ja: 5ページ、93428 bytes
apps/fmt prebuild: 検索索引生成: 2件、98ms
apps/ninja prebuild: 【情報】選択的サイドバー生成を開始します...
apps/ninja prebuild: 【情報】指定されたプロジェクト: ninja
apps/fmt prebuild: Done
apps/fmt build$ astro build
apps/ninja prebuild: 【情報】プロジェクト ninja の処理を開始します...
apps/ninja prebuild:   - en/v1-13-2 のサイドバーを生成中...
apps/ninja prebuild:   - JSONファイルを保存しました: /private/tmp/libx-document-context-validation-20261004/apps/ninja/public/sidebar.prepared-19465/sidebar-en-v1-13-2.json
apps/ninja prebuild:   - ja/v1-13-2 のサイドバーを生成中...
apps/ninja prebuild:   - JSONファイルを保存しました: /private/tmp/libx-document-context-validation-20261004/apps/ninja/public/sidebar.prepared-19465/sidebar-ja-v1-13-2.json
apps/ninja prebuild: 【情報】選択的サイドバー生成が完了しました
apps/ninja prebuild: 【情報】処理したプロジェクト: ninja
apps/ninja prebuild: 検索索引 v1-13-2/en: 2ページ、70534 bytes
apps/ninja prebuild: 検索索引 v1-13-2/ja: 2ページ、79985 bytes
apps/ninja prebuild: 検索索引生成: 2件、53ms
apps/uthash prebuild: {"sourceIdSearch":[{"lang":"en","pages":8,"headings":172},{"lang":"ja","pages":8,"headings":172}]}
apps/uthash prebuild: Done
apps/uthash build$ astro build
apps/ninja prebuild: Done
apps/ninja build$ astro build
apps/fmt build: 16:53:38 [content] Syncing content
apps/fmt build: 16:53:38 [content] Synced content
apps/fmt build: 16:53:38 [types] Generated 161ms
apps/fmt build: 16:53:38 [build] output: "static"
apps/fmt build: 16:53:38 [build] mode: "static"
apps/fmt build: 16:53:38 [build] directory: /private/tmp/libx-document-context-validation-20261004/apps/fmt/dist/
apps/fmt build: 16:53:38 [build] Collecting build info...
apps/fmt build: 16:53:38 [build] ✓ Completed in 176ms.
apps/fmt build: 16:53:38 [build] Building static entrypoints...
apps/ninja build: 16:53:38 [content] Syncing content
apps/uthash build: 16:53:38 [content] Syncing content
apps/ninja build: 16:53:38 [content] Synced content
apps/ninja build: 16:53:38 [types] Generated 173ms
apps/ninja build: 16:53:38 [build] output: "static"
apps/ninja build: 16:53:38 [build] mode: "static"
apps/ninja build: 16:53:38 [build] directory: /private/tmp/libx-document-context-validation-20261004/apps/ninja/dist/
apps/ninja build: 16:53:38 [build] Collecting build info...
apps/ninja build: 16:53:38 [build] ✓ Completed in 189ms.
apps/ninja build: 16:53:38 [build] Building static entrypoints...
apps/uthash build: 16:53:38 [content] Synced content
apps/uthash build: 16:53:38 [types] Generated 189ms
apps/uthash build: 16:53:38 [build] output: "static"
apps/uthash build: 16:53:38 [build] mode: "static"
apps/uthash build: 16:53:38 [build] directory: /private/tmp/libx-document-context-validation-20261004/apps/uthash/dist/
apps/uthash build: 16:53:38 [build] Collecting build info...
apps/uthash build: 16:53:38 [build] ✓ Completed in 205ms.
apps/uthash build: 16:53:38 [build] Building static entrypoints...
apps/fmt build: 16:53:39 [vite] ✓ built in 1.18s
apps/fmt build: 16:53:39 [build] ✓ Completed in 1.20s.
apps/fmt build:  building client (vite) 
apps/fmt build: 16:53:39 [vite] transforming...
apps/fmt build: 16:53:39 [vite] ✓ 14 modules transformed.
apps/fmt build: 16:53:39 [vite] rendering chunks...
apps/fmt build: 16:53:39 [vite] computing gzip size...
apps/fmt build: 16:53:39 [vite] dist/assets/DocLayout.astro_astro_type_script_index_0_lang.SnA9FtQP.js         0.06 kB │ gzip: 0.08 kB
apps/fmt build: 16:53:39 [vite] dist/assets/MainLayout.astro_astro_type_script_index_0_lang.DcWlWeZ1.js        0.15 kB │ gzip: 0.15 kB
apps/fmt build: 16:53:39 [vite] dist/assets/Banner.astro_astro_type_script_index_0_lang.JXV-v118.js            0.32 kB │ gzip: 0.24 kB
apps/fmt build: 16:53:39 [vite] dist/assets/ThemeToggle.astro_astro_type_script_index_0_lang.BDHHZQnD.js       0.69 kB │ gzip: 0.36 kB
apps/fmt build: 16:53:39 [vite] dist/assets/VersionDiff.astro_astro_type_script_index_0_lang.DQPfIGNm.js       0.69 kB │ gzip: 0.47 kB
apps/fmt build: 16:53:39 [vite] dist/assets/SidebarPersister.astro_astro_type_script_index_0_lang.1HBmR04Y.js  0.79 kB │ gzip: 0.46 kB
apps/fmt build: 16:53:39 [vite] dist/assets/Sidebar.astro_astro_type_script_index_0_lang.Dr4m1BH4.js           0.90 kB │ gzip: 0.38 kB
apps/fmt build: 16:53:39 [vite] dist/assets/Navigation.astro_astro_type_script_index_0_lang.BxRkvq3w.js        0.97 kB │ gzip: 0.44 kB
apps/fmt build: 16:53:39 [vite] dist/assets/TableOfContents.astro_astro_type_script_index_0_lang.ClgIWJ3a.js   1.05 kB │ gzip: 0.54 kB
apps/fmt build: 16:53:39 [vite] dist/assets/Search.astro_astro_type_script_index_0_lang.-NPUFt0G.js            1.70 kB │ gzip: 0.92 kB
apps/fmt build: 16:53:39 [vite] dist/assets/search-client.8T0gqxS2.js                                          1.97 kB │ gzip: 1.02 kB
apps/fmt build: 16:53:39 [vite] dist/assets/GroupSidebar.astro_astro_type_script_index_0_lang.CHMaUHWQ.js      2.33 kB │ gzip: 1.05 kB
apps/fmt build: 16:53:39 [vite] ✓ built in 38ms
apps/fmt build:  generating static routes 
apps/fmt build: 16:53:39 ▶ src/pages/404.astro
apps/fmt build: 16:53:39   └─ /404.html (+13ms) 
apps/fmt build: 16:53:39 ▶ src/pages/[version]/[lang]/index.astro
apps/fmt build: 16:53:39   ├─ /v12-2-0/en/index.html (+4ms) 
apps/fmt build: 16:53:39   └─ /v12-2-0/ja/index.html (+4ms) 
apps/fmt build: 16:53:39 ▶ src/pages/[version]/index.astro
apps/fmt build: 16:53:39   └─ /v12-2-0/index.html (+1ms) 
apps/fmt build: 16:53:39 ▶ src/pages/index.astro
apps/fmt build: 16:53:39   └─ /index.html (+1ms) 
apps/fmt build: 16:53:39 ▶ src/pages/[version]/[lang]/[...slug].astro
apps/fmt build: 16:53:39   ├─ /v12-2-0/en/01-docs/01-home/index.html (+5ms) 
apps/fmt build: 16:53:39   ├─ /v12-2-0/en/01-docs/02-get-started/index.html (+4ms) 
apps/fmt build: 16:53:39   ├─ /v12-2-0/en/01-docs/04-syntax/index.html (+3ms) 
apps/fmt build: 16:53:39   ├─ /v12-2-0/en/01-docs/03-api/index.html (+4ms) 
apps/fmt build: 16:53:39   ├─ /v12-2-0/ja/01-docs/01-home/index.html (+3ms) 
apps/fmt build: 16:53:39   ├─ /v12-2-0/en/02-license/01-license/index.html (+2ms) 
apps/fmt build: 16:53:39   ├─ /v12-2-0/ja/02-license/01-license/index.html (+2ms) 
apps/fmt build: 16:53:39   ├─ /v12-2-0/ja/01-docs/03-api/index.html (+3ms) 
apps/fmt build: 16:53:39   ├─ /v12-2-0/ja/01-docs/02-get-started/index.html (+3ms) 
apps/fmt build: 16:53:39   └─ /v12-2-0/ja/01-docs/04-syntax/index.html (+2ms) 
apps/fmt build: 16:53:39 ✓ Completed in 68ms.
apps/fmt build: 16:53:39 [build] 15 page(s) built in 1.50s
apps/fmt build: 16:53:39 [build] Complete!
apps/fmt build: Done
apps/toml prebuild$ libx-docs-prepare --projects=toml
apps/toml prebuild: 【情報】選択的サイドバー生成を開始します...
apps/toml prebuild: 【情報】指定されたプロジェクト: toml
apps/ninja build: 16:53:39 [vite] ✓ built in 1.19s
apps/ninja build: 16:53:39 [build] ✓ Completed in 1.21s.
apps/ninja build:  building client (vite) 
apps/ninja build: 16:53:39 [vite] transforming...
apps/toml prebuild: 【情報】プロジェクト toml の処理を開始します...
apps/toml prebuild:   - en/v1-1-0 のサイドバーを生成中...
apps/uthash build: 16:53:39 [vite] ✓ built in 1.21s
apps/uthash build: 16:53:39 [build] ✓ Completed in 1.22s.
apps/uthash build:  building client (vite) 
apps/ninja build: 16:53:39 [vite] ✓ 14 modules transformed.
apps/ninja build: 16:53:39 [vite] rendering chunks...
apps/toml prebuild:   - JSONファイルを保存しました: /private/tmp/libx-document-context-validation-20261004/apps/toml/public/sidebar.prepared-19578/sidebar-en-v1-1-0.json
apps/toml prebuild:   - ja/v1-1-0 のサイドバーを生成中...
apps/uthash build: 16:53:39 [vite] transforming...
apps/ninja build: 16:53:39 [vite] computing gzip size...
apps/ninja build: 16:53:39 [vite] dist/assets/DocLayout.astro_astro_type_script_index_0_lang.SnA9FtQP.js         0.06 kB │ gzip: 0.08 kB
apps/ninja build: 16:53:39 [vite] dist/assets/MainLayout.astro_astro_type_script_index_0_lang.gbydzwz7.js        0.16 kB │ gzip: 0.15 kB
apps/ninja build: 16:53:39 [vite] dist/assets/Banner.astro_astro_type_script_index_0_lang.JXV-v118.js            0.32 kB │ gzip: 0.24 kB
apps/ninja build: 16:53:39 [vite] dist/assets/ThemeToggle.astro_astro_type_script_index_0_lang.BDHHZQnD.js       0.69 kB │ gzip: 0.36 kB
apps/ninja build: 16:53:39 [vite] dist/assets/VersionDiff.astro_astro_type_script_index_0_lang.DQPfIGNm.js       0.69 kB │ gzip: 0.47 kB
apps/ninja build: 16:53:39 [vite] dist/assets/SidebarPersister.astro_astro_type_script_index_0_lang.1HBmR04Y.js  0.79 kB │ gzip: 0.46 kB
apps/ninja build: 16:53:39 [vite] dist/assets/Sidebar.astro_astro_type_script_index_0_lang.Dr4m1BH4.js           0.90 kB │ gzip: 0.38 kB
apps/ninja build: 16:53:39 [vite] dist/assets/Navigation.astro_astro_type_script_index_0_lang.BxRkvq3w.js        0.97 kB │ gzip: 0.44 kB
apps/ninja build: 16:53:39 [vite] dist/assets/TableOfContents.astro_astro_type_script_index_0_lang.ClgIWJ3a.js   1.05 kB │ gzip: 0.54 kB
apps/ninja build: 16:53:39 [vite] dist/assets/Search.astro_astro_type_script_index_0_lang.DbPDrhHN.js            1.71 kB │ gzip: 0.92 kB
apps/ninja build: 16:53:39 [vite] dist/assets/search-client.8T0gqxS2.js                                          1.97 kB │ gzip: 1.02 kB
apps/ninja build: 16:53:39 [vite] dist/assets/GroupSidebar.astro_astro_type_script_index_0_lang.CHMaUHWQ.js      2.33 kB │ gzip: 1.05 kB
apps/ninja build: 16:53:39 [vite] ✓ built in 40ms
apps/toml prebuild:   - JSONファイルを保存しました: /private/tmp/libx-document-context-validation-20261004/apps/toml/public/sidebar.prepared-19578/sidebar-ja-v1-1-0.json
apps/toml prebuild: 【情報】選択的サイドバー生成が完了しました
apps/toml prebuild: 【情報】処理したプロジェクト: toml
apps/ninja build:  generating static routes 
apps/ninja build: 16:53:39 ▶ src/pages/404.astro
apps/uthash build: 16:53:39 [vite] ✓ 14 modules transformed.
apps/uthash build: 16:53:39 [vite] rendering chunks...
apps/uthash build: 16:53:39 [vite] computing gzip size...
apps/ninja build: 16:53:39   └─ /404.html (+13ms) 
apps/uthash build: 16:53:39 [vite] dist/assets/DocLayout.astro_astro_type_script_index_0_lang.SnA9FtQP.js         0.06 kB │ gzip: 0.08 kB
apps/uthash build: 16:53:39 [vite] dist/assets/MainLayout.astro_astro_type_script_index_0_lang.Cu2NfUyR.js        0.16 kB │ gzip: 0.15 kB
apps/uthash build: 16:53:39 [vite] dist/assets/Banner.astro_astro_type_script_index_0_lang.JXV-v118.js            0.32 kB │ gzip: 0.24 kB
apps/uthash build: 16:53:39 [vite] dist/assets/ThemeToggle.astro_astro_type_script_index_0_lang.BDHHZQnD.js       0.69 kB │ gzip: 0.36 kB
apps/uthash build: 16:53:39 [vite] dist/assets/VersionDiff.astro_astro_type_script_index_0_lang.DQPfIGNm.js       0.69 kB │ gzip: 0.47 kB
apps/ninja build: 16:53:39 ▶ src/pages/[version]/[lang]/index.astro
apps/uthash build: 16:53:39 [vite] dist/assets/SidebarPersister.astro_astro_type_script_index_0_lang.1HBmR04Y.js  0.79 kB │ gzip: 0.46 kB
apps/uthash build: 16:53:39 [vite] dist/assets/Sidebar.astro_astro_type_script_index_0_lang.Dr4m1BH4.js           0.90 kB │ gzip: 0.38 kB
apps/uthash build: 16:53:39 [vite] dist/assets/Navigation.astro_astro_type_script_index_0_lang.BxRkvq3w.js        0.97 kB │ gzip: 0.44 kB
apps/uthash build: 16:53:39 [vite] dist/assets/TableOfContents.astro_astro_type_script_index_0_lang.ClgIWJ3a.js   1.05 kB │ gzip: 0.54 kB
apps/uthash build: 16:53:39 [vite] dist/assets/Search.astro_astro_type_script_index_0_lang.Dd3FOJeg.js            1.71 kB │ gzip: 0.92 kB
apps/uthash build: 16:53:39 [vite] dist/assets/search-client.8T0gqxS2.js                                          1.97 kB │ gzip: 1.02 kB
apps/uthash build: 16:53:39 [vite] dist/assets/GroupSidebar.astro_astro_type_script_index_0_lang.CHMaUHWQ.js      2.33 kB │ gzip: 1.05 kB
apps/uthash build: 16:53:39 [vite] ✓ built in 40ms
apps/ninja build: 16:53:39   ├─ /v1-13-2/en/index.html (+4ms) 
apps/uthash build:  generating static routes 
apps/ninja build: 16:53:39   └─ /v1-13-2/ja/index.html (+2ms) 
apps/ninja build: 16:53:39 ▶ src/pages/[version]/index.astro
apps/ninja build: 16:53:39   └─ /v1-13-2/index.html (+1ms) 
apps/ninja build: 16:53:39 ▶ src/pages/index.astro
apps/ninja build: 16:53:39   └─ /index.html (+1ms) 
apps/ninja build: 16:53:39 ▶ src/pages/[version]/[lang]/[...slug].astro
apps/uthash build: 16:53:39 ▶ src/pages/404.astro
apps/ninja build: 16:53:39   ├─ /v1-13-2/en/01-docs/01-manual/index.html (+7ms) 
apps/ninja build: 16:53:39   ├─ /v1-13-2/ja/01-docs/01-manual/index.html (+4ms) 
apps/ninja build: 16:53:39   ├─ /v1-13-2/ja/02-license/01-license/index.html (+3ms) 
apps/ninja build: 16:53:39   └─ /v1-13-2/en/02-license/01-license/index.html (+2ms) 
apps/ninja build: 16:53:39 ✓ Completed in 48ms.
apps/uthash build: 16:53:39   └─ /404.html (+17ms) 
apps/ninja build: 16:53:39 [build] 9 page(s) built in 1.50s
apps/ninja build: 16:53:39 [build] Complete!
apps/uthash build: 16:53:39 ▶ src/pages/[version]/[lang]/index.astro
apps/uthash build: 16:53:39   ├─ /v2-4-0/en/index.html (+5ms) 
apps/uthash build: 16:53:39   └─ /v2-4-0/ja/index.html (+3ms) 
apps/uthash build: 16:53:39 ▶ src/pages/[version]/index.astro
apps/uthash build: 16:53:39   └─ /v2-4-0/index.html (+1ms) 
apps/uthash build: 16:53:39 ▶ src/pages/index.astro
apps/uthash build: 16:53:39   └─ /index.html (+1ms) 
apps/ninja build: Done
apps/uthash build: 16:53:39 ▶ src/pages/[version]/[lang]/[...slug].astro
templates/docs-site prebuild$ libx-docs-prepare --template=docs-site
apps/uthash build: 16:53:39   ├─ /v2-4-0/en/01-guides/07-changelog/index.html (+7ms) 
apps/uthash build: 16:53:39   ├─ /v2-4-0/en/01-guides/05-utstack/index.html (+3ms) 
apps/uthash build: 16:53:39   ├─ /v2-4-0/en/01-guides/02-utlist/index.html (+3ms) 
apps/uthash build: 16:53:39   ├─ /v2-4-0/en/01-guides/04-utringbuffer/index.html (+3ms) 
apps/uthash build: 16:53:39   ├─ /v2-4-0/en/01-guides/06-utstring/index.html (+6ms) 
apps/uthash build: 16:53:39   ├─ /v2-4-0/en/01-guides/03-utarray/index.html (+3ms) 
apps/uthash build: 16:53:39   ├─ /v2-4-0/en/01-guides/01-userguide/index.html (+4ms) 
apps/uthash build: 16:53:39   ├─ /v2-4-0/ja/01-guides/02-utlist/index.html (+3ms) 
apps/uthash build: 16:53:39   ├─ /v2-4-0/ja/01-guides/03-utarray/index.html (+3ms) 
apps/uthash build: 16:53:39   ├─ /v2-4-0/ja/01-guides/01-userguide/index.html (+5ms) 
apps/uthash build: 16:53:39   ├─ /v2-4-0/ja/01-guides/04-utringbuffer/index.html (+3ms) 
apps/uthash build: 16:53:39   ├─ /v2-4-0/ja/01-guides/05-utstack/index.html (+3ms) 
apps/uthash build: 16:53:39   ├─ /v2-4-0/ja/01-guides/06-utstring/index.html (+3ms) 
apps/uthash build: 16:53:39   ├─ /v2-4-0/ja/01-guides/07-changelog/index.html (+3ms) 
apps/uthash build: 16:53:39   ├─ /v2-4-0/en/02-license/01-license/index.html (+3ms) 
apps/uthash build: 16:53:39   └─ /v2-4-0/ja/02-license/01-license/index.html (+2ms) 
apps/uthash build: 16:53:39 ✓ Completed in 97ms.
apps/uthash build: 16:53:39 [build] 21 page(s) built in 1.58s
apps/uthash build: 16:53:39 [build] Complete!
apps/uthash build: Done
templates/docs-site prebuild: 【情報】選択的サイドバー生成を開始します...
templates/docs-site prebuild: 【情報】指定されたテンプレート: docs-site
templates/docs-site prebuild: 【情報】テンプレート docs-site の処理を開始します...
templates/docs-site prebuild:   - en/v1 のサイドバーを生成中...
templates/docs-site prebuild:   - JSONファイルを保存しました: /private/tmp/libx-document-context-validation-20261004/templates/docs-site/public/sidebar.prepared-19606/sidebar-en-v1.json
templates/docs-site prebuild:   - ja/v1 のサイドバーを生成中...
templates/docs-site prebuild:   - JSONファイルを保存しました: /private/tmp/libx-document-context-validation-20261004/templates/docs-site/public/sidebar.prepared-19606/sidebar-ja-v1.json
templates/docs-site prebuild: 【情報】選択的サイドバー生成が完了しました
templates/docs-site prebuild: 【情報】処理したテンプレート: docs-site
apps/toml prebuild: 検索索引 v1-1-0/en: 3ページ、36321 bytes
apps/toml prebuild: 検索索引 v1-1-0/ja: 3ページ、41880 bytes
apps/toml prebuild: 検索索引生成: 2件、63ms
apps/toml prebuild: Done
apps/toml build$ astro build
templates/docs-site prebuild: 検索索引 v1/en: 1ページ、3088 bytes
templates/docs-site prebuild: 検索索引 v1/ja: 1ページ、4062 bytes
templates/docs-site prebuild: 検索索引生成: 2件、18ms
templates/docs-site prebuild: Done
templates/docs-site build$ astro build
apps/toml build: 16:53:41 [content] Syncing content
apps/toml build: 16:53:41 [content] Synced content
apps/toml build: 16:53:41 [types] Generated 147ms
apps/toml build: 16:53:41 [build] output: "static"
apps/toml build: 16:53:41 [build] mode: "static"
apps/toml build: 16:53:41 [build] directory: /private/tmp/libx-document-context-validation-20261004/apps/toml/dist/
apps/toml build: 16:53:41 [build] Collecting build info...
apps/toml build: 16:53:41 [build] ✓ Completed in 162ms.
apps/toml build: 16:53:41 [build] Building static entrypoints...
templates/docs-site build: 16:53:41 [content] Syncing content
templates/docs-site build: 16:53:41 [content] Synced content
templates/docs-site build: 16:53:41 [types] Generated 152ms
templates/docs-site build: 16:53:41 [build] output: "static"
templates/docs-site build: 16:53:41 [build] mode: "static"
templates/docs-site build: 16:53:41 [build] directory: /private/tmp/libx-document-context-validation-20261004/templates/docs-site/dist/
templates/docs-site build: 16:53:41 [build] Collecting build info...
templates/docs-site build: 16:53:41 [build] ✓ Completed in 167ms.
templates/docs-site build: 16:53:41 [build] Building static entrypoints...
apps/toml build: 16:53:42 [vite] ✓ built in 1.13s
apps/toml build: 16:53:42 [build] ✓ Completed in 1.15s.
apps/toml build:  building client (vite) 
apps/toml build: 16:53:42 [vite] transforming...
apps/toml build: 16:53:42 [vite] ✓ 14 modules transformed.
apps/toml build: 16:53:42 [vite] rendering chunks...
apps/toml build: 16:53:42 [vite] computing gzip size...
apps/toml build: 16:53:42 [vite] dist/assets/DocLayout.astro_astro_type_script_index_0_lang.SnA9FtQP.js         0.06 kB │ gzip: 0.08 kB
apps/toml build: 16:53:42 [vite] dist/assets/MainLayout.astro_astro_type_script_index_0_lang.CaRfwu2h.js        0.15 kB │ gzip: 0.15 kB
apps/toml build: 16:53:42 [vite] dist/assets/Banner.astro_astro_type_script_index_0_lang.JXV-v118.js            0.32 kB │ gzip: 0.24 kB
apps/toml build: 16:53:42 [vite] dist/assets/ThemeToggle.astro_astro_type_script_index_0_lang.BDHHZQnD.js       0.69 kB │ gzip: 0.36 kB
apps/toml build: 16:53:42 [vite] dist/assets/VersionDiff.astro_astro_type_script_index_0_lang.DQPfIGNm.js       0.69 kB │ gzip: 0.47 kB
apps/toml build: 16:53:42 [vite] dist/assets/SidebarPersister.astro_astro_type_script_index_0_lang.1HBmR04Y.js  0.79 kB │ gzip: 0.46 kB
apps/toml build: 16:53:42 [vite] dist/assets/Sidebar.astro_astro_type_script_index_0_lang.Dr4m1BH4.js           0.90 kB │ gzip: 0.38 kB
apps/toml build: 16:53:42 [vite] dist/assets/Navigation.astro_astro_type_script_index_0_lang.BxRkvq3w.js        0.97 kB │ gzip: 0.44 kB
apps/toml build: 16:53:42 [vite] dist/assets/TableOfContents.astro_astro_type_script_index_0_lang.ClgIWJ3a.js   1.05 kB │ gzip: 0.54 kB
apps/toml build: 16:53:42 [vite] dist/assets/Search.astro_astro_type_script_index_0_lang.5htYYn96.js            1.71 kB │ gzip: 0.92 kB
apps/toml build: 16:53:42 [vite] dist/assets/search-client.8T0gqxS2.js                                          1.97 kB │ gzip: 1.02 kB
apps/toml build: 16:53:42 [vite] dist/assets/GroupSidebar.astro_astro_type_script_index_0_lang.CHMaUHWQ.js      2.33 kB │ gzip: 1.05 kB
apps/toml build: 16:53:42 [vite] ✓ built in 36ms
apps/toml build:  generating static routes 
apps/toml build: 16:53:42 ▶ src/pages/404.astro
apps/toml build: 16:53:42   └─ /404.html (+12ms) 
apps/toml build: 16:53:42 ▶ src/pages/[version]/[lang]/index.astro
apps/toml build: 16:53:42   ├─ /v1-1-0/en/index.html (+4ms) 
apps/toml build: 16:53:42   └─ /v1-1-0/ja/index.html (+2ms) 
apps/toml build: 16:53:42 ▶ src/pages/[version]/index.astro
apps/toml build: 16:53:42   └─ /v1-1-0/index.html (+1ms) 
apps/toml build: 16:53:42 ▶ src/pages/index.astro
apps/toml build: 16:53:42   └─ /index.html (+1ms) 
apps/toml build: 16:53:42 ▶ src/pages/[version]/[lang]/[...slug].astro
apps/toml build: 16:53:42   ├─ /v1-1-0/en/02-reference/02-abnf/index.html (+6ms) 
apps/toml build: 16:53:42   ├─ /v1-1-0/ja/03-license/01-license/index.html (+3ms) 
apps/toml build: 16:53:42   ├─ /v1-1-0/en/01-specification/01-specification/index.html (+3ms) 
apps/toml build: 16:53:42   ├─ /v1-1-0/ja/01-specification/01-specification/index.html (+3ms) 
apps/toml build: 16:53:42   ├─ /v1-1-0/en/03-license/01-license/index.html (+3ms) 
apps/toml build: 16:53:42   └─ /v1-1-0/ja/02-reference/02-abnf/index.html (+2ms) 
apps/toml build: 16:53:42 ✓ Completed in 53ms.
apps/toml build: 16:53:42 [build] 11 page(s) built in 1.42s
apps/toml build: 16:53:42 [build] Complete!
apps/toml build: Done
templates/docs-site build: 16:53:42 [vite] ✓ built in 1.24s
templates/docs-site build: 16:53:42 [build] ✓ Completed in 1.26s.
templates/docs-site build:  building client (vite) 
templates/docs-site build: 16:53:42 [vite] transforming...
templates/docs-site build: 16:53:42 [vite] ✓ 14 modules transformed.
templates/docs-site build: 16:53:42 [vite] rendering chunks...
templates/docs-site build: 16:53:42 [vite] computing gzip size...
templates/docs-site build: 16:53:42 [vite] dist/assets/DocLayout.astro_astro_type_script_index_0_lang.SnA9FtQP.js         0.06 kB │ gzip: 0.08 kB
templates/docs-site build: 16:53:42 [vite] dist/assets/MainLayout.astro_astro_type_script_index_0_lang.CgtbQ1Lj.js        0.16 kB │ gzip: 0.15 kB
templates/docs-site build: 16:53:42 [vite] dist/assets/Banner.astro_astro_type_script_index_0_lang.JXV-v118.js            0.32 kB │ gzip: 0.24 kB
templates/docs-site build: 16:53:42 [vite] dist/assets/ThemeToggle.astro_astro_type_script_index_0_lang.BDHHZQnD.js       0.69 kB │ gzip: 0.36 kB
templates/docs-site build: 16:53:42 [vite] dist/assets/VersionDiff.astro_astro_type_script_index_0_lang.DQPfIGNm.js       0.69 kB │ gzip: 0.47 kB
templates/docs-site build: 16:53:42 [vite] dist/assets/SidebarPersister.astro_astro_type_script_index_0_lang.1HBmR04Y.js  0.79 kB │ gzip: 0.46 kB
templates/docs-site build: 16:53:42 [vite] dist/assets/Sidebar.astro_astro_type_script_index_0_lang.Dr4m1BH4.js           0.90 kB │ gzip: 0.38 kB
templates/docs-site build: 16:53:42 [vite] dist/assets/Navigation.astro_astro_type_script_index_0_lang.BxRkvq3w.js        0.97 kB │ gzip: 0.44 kB
templates/docs-site build: 16:53:42 [vite] dist/assets/TableOfContents.astro_astro_type_script_index_0_lang.ClgIWJ3a.js   1.05 kB │ gzip: 0.54 kB
templates/docs-site build: 16:53:42 [vite] dist/assets/Search.astro_astro_type_script_index_0_lang.C5Ejufl6.js            1.71 kB │ gzip: 0.92 kB
templates/docs-site build: 16:53:42 [vite] dist/assets/search-client.8T0gqxS2.js                                          1.97 kB │ gzip: 1.02 kB
templates/docs-site build: 16:53:42 [vite] dist/assets/GroupSidebar.astro_astro_type_script_index_0_lang.CHMaUHWQ.js      2.33 kB │ gzip: 1.05 kB
templates/docs-site build: 16:53:42 [vite] ✓ built in 31ms
templates/docs-site build:  generating static routes 
templates/docs-site build: 16:53:42 ▶ src/pages/404.astro
templates/docs-site build: 16:53:42   └─ /404.html (+9ms) 
templates/docs-site build: 16:53:42 ▶ src/pages/[version]/[lang]/index.astro
templates/docs-site build: 16:53:42   ├─ /v1/en/index.html (+3ms) 
templates/docs-site build: 16:53:42   └─ /v1/ja/index.html (+2ms) 
templates/docs-site build: 16:53:42 ▶ src/pages/[version]/index.astro
templates/docs-site build: 16:53:42   └─ /v1/index.html (+1ms) 
templates/docs-site build: 16:53:42 ▶ src/pages/index.astro
templates/docs-site build: 16:53:42   └─ /index.html (+0ms) 
templates/docs-site build: 16:53:42 ▶ src/pages/[version]/[lang]/[...slug].astro
templates/docs-site build: 16:53:42   ├─ /v1/en/01-guide/01-getting-started/index.html (+7ms) 
templates/docs-site build: 16:53:42   └─ /v1/ja/01-guide/01-getting-started/index.html (+4ms) 
templates/docs-site build: 16:53:42 ✓ Completed in 37ms.
templates/docs-site build: 16:53:42 [build] 7 page(s) built in 1.51s
templates/docs-site build: 16:53:42 [build] Complete!
templates/docs-site build: Done
