
> apps-gnu-ed@0.0.1 prebuild /private/tmp/libx-gnu-ed-source-rebuild-935/workspace/apps/gnu-ed
> libx-docs-prepare --projects=gnu-ed

【情報】選択的サイドバー生成を開始します...
【情報】指定されたプロジェクト: gnu-ed
【情報】プロジェクト gnu-ed の処理を開始します...
  - en/v1-22-6 のサイドバーを生成中...
  - JSONファイルを保存しました: /private/tmp/libx-gnu-ed-source-rebuild-935/workspace/apps/gnu-ed/public/sidebar.prepared-25528/sidebar-en-v1-22-6.json
  - ja/v1-22-6 のサイドバーを生成中...
  - JSONファイルを保存しました: /private/tmp/libx-gnu-ed-source-rebuild-935/workspace/apps/gnu-ed/public/sidebar.prepared-25528/sidebar-ja-v1-22-6.json
【情報】選択的サイドバー生成が完了しました
【情報】処理したプロジェクト: gnu-ed
検索索引 v1-22-6/en: 13ページ、70176 bytes
検索索引 v1-22-6/ja: 12ページ、56118 bytes
検索索引生成: 2件、90ms

> apps-gnu-ed@0.0.1 build /private/tmp/libx-gnu-ed-source-rebuild-935/workspace/apps/gnu-ed
> astro build

05:09:44 [content] Syncing content
05:09:44 [content] Synced content
05:09:44 [types] Generated 380ms
05:09:44 [build] output: "static"
05:09:44 [build] mode: "static"
05:09:44 [build] directory: /private/tmp/libx-gnu-ed-source-rebuild-935/workspace/apps/gnu-ed/dist/
05:09:44 [build] Collecting build info...
05:09:44 [build] ✓ Completed in 399ms.
05:09:44 [build] Building static entrypoints...
05:09:45 [vite] ✓ built in 1.17s
05:09:45 [build] ✓ Completed in 1.19s.

 building client (vite) 
05:09:45 [vite] transforming...
05:09:45 [vite] ✓ 14 modules transformed.
05:09:45 [vite] rendering chunks...
05:09:45 [vite] computing gzip size...
05:09:45 [vite] dist/assets/DocLayout.astro_astro_type_script_index_0_lang.SnA9FtQP.js         0.06 kB │ gzip: 0.08 kB
05:09:45 [vite] dist/assets/MainLayout.astro_astro_type_script_index_0_lang.yb-rD50w.js        0.16 kB │ gzip: 0.15 kB
05:09:45 [vite] dist/assets/Banner.astro_astro_type_script_index_0_lang.JXV-v118.js            0.32 kB │ gzip: 0.24 kB
05:09:45 [vite] dist/assets/ThemeToggle.astro_astro_type_script_index_0_lang.BDHHZQnD.js       0.69 kB │ gzip: 0.36 kB
05:09:45 [vite] dist/assets/VersionDiff.astro_astro_type_script_index_0_lang.DQPfIGNm.js       0.69 kB │ gzip: 0.47 kB
05:09:45 [vite] dist/assets/SidebarPersister.astro_astro_type_script_index_0_lang.1HBmR04Y.js  0.79 kB │ gzip: 0.46 kB
05:09:45 [vite] dist/assets/Sidebar.astro_astro_type_script_index_0_lang.Dr4m1BH4.js           0.90 kB │ gzip: 0.38 kB
05:09:45 [vite] dist/assets/Navigation.astro_astro_type_script_index_0_lang.BxRkvq3w.js        0.97 kB │ gzip: 0.44 kB
05:09:45 [vite] dist/assets/TableOfContents.astro_astro_type_script_index_0_lang.ClgIWJ3a.js   1.05 kB │ gzip: 0.54 kB
05:09:45 [vite] dist/assets/Search.astro_astro_type_script_index_0_lang.CcrWn8Z2.js            1.71 kB │ gzip: 0.92 kB
05:09:45 [vite] dist/assets/search-client.8T0gqxS2.js                                          1.97 kB │ gzip: 1.02 kB
05:09:45 [vite] dist/assets/GroupSidebar.astro_astro_type_script_index_0_lang.CHMaUHWQ.js      2.33 kB │ gzip: 1.05 kB
05:09:45 [vite] ✓ built in 34ms

 generating static routes 
05:09:45 ▶ src/pages/404.astro
05:09:45   └─ /404.html (+13ms) 
05:09:45 ▶ src/pages/[version]/[lang]/index.astro
05:09:45   ├─ /v1-22-6/en/index.html (+5ms) 
05:09:45   └─ /v1-22-6/ja/index.html (+3ms) 
05:09:45 ▶ src/pages/[version]/index.astro
05:09:45   └─ /v1-22-6/index.html (+1ms) 
05:09:45 ▶ src/pages/index.astro
05:09:45   └─ /index.html (+1ms) 
05:09:45 ▶ src/pages/[version]/[lang]/[...slug].astro
05:09:45   ├─ /v1-22-6/en/01-guide/01-overview-notice/index.html (+6ms) 
05:09:45   ├─ /v1-22-6/en/01-guide/02-overview/index.html (+3ms) 
05:09:45   ├─ /v1-22-6/en/01-guide/03-introduction-to-line-editing/index.html (+5ms) 
05:09:45   ├─ /v1-22-6/en/01-guide/04-invoking-ed/index.html (+3ms) 
05:09:45   ├─ /v1-22-6/en/01-guide/05-argument-syntax/index.html (+3ms) 
05:09:45   ├─ /v1-22-6/en/01-guide/07-regular-expressions/index.html (+4ms) 
05:09:45   ├─ /v1-22-6/en/01-guide/06-line-addressing/index.html (+3ms) 
05:09:45   ├─ /v1-22-6/en/01-guide/09-the-s-command/index.html (+3ms) 
05:09:45   ├─ /v1-22-6/en/01-guide/08-commands/index.html (+2ms) 
05:09:45   ├─ /v1-22-6/en/01-guide/10-limitations/index.html (+3ms) 
05:09:45   ├─ /v1-22-6/en/01-guide/12-problems/index.html (+2ms) 
05:09:45   ├─ /v1-22-6/en/01-guide/11-diagnostics/index.html (+3ms) 
05:09:45   ├─ /v1-22-6/en/02-reference/01-gfdl/index.html (+3ms) 
05:09:45   ├─ /v1-22-6/ja/01-guide/01-overview-notice/index.html (+3ms) 
05:09:45   ├─ /v1-22-6/ja/01-guide/04-invoking-ed/index.html (+2ms) 
05:09:45   ├─ /v1-22-6/ja/01-guide/03-introduction-to-line-editing/index.html (+3ms) 
05:09:45   ├─ /v1-22-6/ja/01-guide/02-overview/index.html (+5ms) 
05:09:45   ├─ /v1-22-6/ja/01-guide/05-argument-syntax/index.html (+3ms) 
05:09:45   ├─ /v1-22-6/ja/01-guide/06-line-addressing/index.html (+3ms) 
05:09:45   ├─ /v1-22-6/ja/01-guide/07-regular-expressions/index.html (+3ms) 
05:09:45   ├─ /v1-22-6/ja/01-guide/08-commands/index.html (+2ms) 
05:09:45   ├─ /v1-22-6/ja/01-guide/11-diagnostics/index.html (+2ms) 
05:09:45   ├─ /v1-22-6/ja/01-guide/12-problems/index.html (+2ms) 
05:09:45   ├─ /v1-22-6/ja/01-guide/10-limitations/index.html (+3ms) 
05:09:45   └─ /v1-22-6/ja/01-guide/09-the-s-command/index.html (+3ms) 
05:09:45 ✓ Completed in 112ms.

05:09:45 [build] 30 page(s) built in 1.75s
05:09:45 [build] Complete!
