
> libx@ build:selective /private/tmp/libx-diffutils-chapters11-15-formal-946
> node scripts/build-selective.js --projects\=gnu-diffutils\,landing --reuse

【情報】gnu-diffutils: 入力と出力を照合し、検証済み成果物を再利用します
【情報】landing: 再生成します (検証済み成果物目録がありません。再ビルドしてください: landing)
【情報】landing をビルドしています...

> sites-landing@0.0.1 build /private/tmp/libx-diffutils-chapters11-15-formal-946/sites/landing
> astro build

08:06:23 [content] Syncing content
08:06:23 [content] Synced content
08:06:23 [types] Generated 135ms
08:06:23 [build] output: "static"
08:06:23 [build] mode: "static"
08:06:23 [build] directory: /private/tmp/libx-diffutils-chapters11-15-formal-946/sites/landing/dist/
08:06:23 [build] Collecting build info...
08:06:23 [build] ✓ Completed in 156ms.
08:06:23 [build] Building static entrypoints...
08:06:24 [vite] ✓ built in 862ms
08:06:24 [build] ✓ Completed in 882ms.

 building client (vite) 
08:06:24 [vite] transforming...
08:06:24 [vite] ✓ 11 modules transformed.
08:06:24 [vite] rendering chunks...
08:06:24 [vite] computing gzip size...
08:06:24 [vite] dist/assets/Banner.astro_astro_type_script_index_0_lang.JXV-v118.js            0.32 kB │ gzip: 0.24 kB
08:06:24 [vite] dist/assets/ThemeToggle.astro_astro_type_script_index_0_lang.BDHHZQnD.js       0.69 kB │ gzip: 0.36 kB
08:06:24 [vite] dist/assets/SidebarPersister.astro_astro_type_script_index_0_lang.1HBmR04Y.js  0.79 kB │ gzip: 0.46 kB
08:06:24 [vite] dist/assets/Sidebar.astro_astro_type_script_index_0_lang.Dr4m1BH4.js           0.90 kB │ gzip: 0.38 kB
08:06:24 [vite] dist/assets/Navigation.astro_astro_type_script_index_0_lang.BxRkvq3w.js        0.97 kB │ gzip: 0.44 kB
08:06:24 [vite] dist/assets/TableOfContents.astro_astro_type_script_index_0_lang.ClgIWJ3a.js   1.05 kB │ gzip: 0.54 kB
08:06:24 [vite] dist/assets/Search.astro_astro_type_script_index_0_lang.DfbPoSz4.js            1.70 kB │ gzip: 0.91 kB
08:06:24 [vite] dist/assets/search-client.8T0gqxS2.js                                          1.97 kB │ gzip: 1.02 kB
08:06:24 [vite] dist/assets/GroupSidebar.astro_astro_type_script_index_0_lang.CHMaUHWQ.js      2.33 kB │ gzip: 1.05 kB
08:06:24 [vite] ✓ built in 29ms

 generating static routes 
08:06:24 ▶ src/pages/404.astro
08:06:24   └─ /404.html (+1.04s) 
08:06:25 ▶ src/pages/[lang]/index.astro
08:06:25   ├─ /en/index.html (+7ms) 
08:06:25   ├─ /ja/index.html (+5ms) 
08:06:25   ├─ /zh-Hans/index.html (+5ms) 
08:06:25   ├─ /zh-Hant/index.html (+5ms) 
08:06:25   ├─ /es/index.html (+6ms) 
08:06:25   ├─ /pt-BR/index.html (+5ms) 
08:06:25   ├─ /ko/index.html (+5ms) 
08:06:25   ├─ /de/index.html (+5ms) 
08:06:25   ├─ /fr/index.html (+5ms) 
08:06:25   ├─ /ru/index.html (+5ms) 
08:06:25   ├─ /ar/index.html (+5ms) 
08:06:25   ├─ /id/index.html (+5ms) 
08:06:25   ├─ /tr/index.html (+6ms) 
08:06:25   ├─ /hi/index.html (+4ms) 
08:06:25   └─ /vi/index.html (+5ms) 
08:06:25 ▶ src/pages/index.astro
08:06:25   └─ /index.html (+1ms) 
08:06:25 ✓ Completed in 1.13s.

08:06:25 [build] 16 page(s) built in 2.21s
08:06:25 [build] Complete!
【情報】選択的統合ビルド: {"selected":["gnu-diffutils","landing"],"built":["landing"],"reused":["gnu-diffutils"],"groups":[],"removedJavaScriptFiles":27}
