
> libx@ build:selective /private/tmp/libx-gnu-ed-release-936
> node scripts/build-selective.js --projects\=gnu-ed\,landing --reuse

【情報】gnu-ed: 入力と出力を照合し、検証済み成果物を再利用します
【情報】landing: 再生成します (検証済み成果物目録がありません。再ビルドしてください: landing)
【情報】landing をビルドしています...

> sites-landing@0.0.1 build /private/tmp/libx-gnu-ed-release-936/sites/landing
> astro build

05:20:27 [vite] Re-optimizing dependencies because vite config has changed
05:20:28 [content] Syncing content
05:20:28 [content] Synced content
05:20:28 [types] Generated 679ms
05:20:28 [build] output: "static"
05:20:28 [build] mode: "static"
05:20:28 [build] directory: /private/tmp/libx-gnu-ed-release-936/sites/landing/dist/
05:20:28 [build] Collecting build info...
05:20:28 [build] ✓ Completed in 699ms.
05:20:28 [build] Building static entrypoints...
05:20:29 [vite] ✓ built in 876ms
05:20:29 [build] ✓ Completed in 908ms.

 building client (vite) 
05:20:29 [vite] transforming...
05:20:29 [vite] ✓ 11 modules transformed.
05:20:29 [vite] rendering chunks...
05:20:29 [vite] computing gzip size...
05:20:29 [vite] dist/assets/Banner.astro_astro_type_script_index_0_lang.JXV-v118.js            0.32 kB │ gzip: 0.24 kB
05:20:29 [vite] dist/assets/ThemeToggle.astro_astro_type_script_index_0_lang.BDHHZQnD.js       0.69 kB │ gzip: 0.36 kB
05:20:29 [vite] dist/assets/SidebarPersister.astro_astro_type_script_index_0_lang.1HBmR04Y.js  0.79 kB │ gzip: 0.46 kB
05:20:29 [vite] dist/assets/Sidebar.astro_astro_type_script_index_0_lang.Dr4m1BH4.js           0.90 kB │ gzip: 0.38 kB
05:20:29 [vite] dist/assets/Navigation.astro_astro_type_script_index_0_lang.BxRkvq3w.js        0.97 kB │ gzip: 0.44 kB
05:20:29 [vite] dist/assets/TableOfContents.astro_astro_type_script_index_0_lang.ClgIWJ3a.js   1.05 kB │ gzip: 0.54 kB
05:20:29 [vite] dist/assets/Search.astro_astro_type_script_index_0_lang.DfbPoSz4.js            1.70 kB │ gzip: 0.91 kB
05:20:29 [vite] dist/assets/search-client.8T0gqxS2.js                                          1.97 kB │ gzip: 1.02 kB
05:20:29 [vite] dist/assets/GroupSidebar.astro_astro_type_script_index_0_lang.CHMaUHWQ.js      2.33 kB │ gzip: 1.05 kB
05:20:29 [vite] ✓ built in 29ms

 generating static routes 
05:20:29 ▶ src/pages/404.astro
05:20:29   └─ /404.html (+928ms) 
05:20:30 ▶ src/pages/[lang]/index.astro
05:20:30   ├─ /en/index.html (+7ms) 
05:20:30   ├─ /ja/index.html (+5ms) 
05:20:30   ├─ /zh-Hans/index.html (+5ms) 
05:20:30   ├─ /zh-Hant/index.html (+5ms) 
05:20:30   ├─ /es/index.html (+5ms) 
05:20:30   ├─ /pt-BR/index.html (+5ms) 
05:20:30   ├─ /ko/index.html (+5ms) 
05:20:30   ├─ /de/index.html (+6ms) 
05:20:30   ├─ /fr/index.html (+5ms) 
05:20:30   ├─ /ru/index.html (+5ms) 
05:20:30   ├─ /ar/index.html (+5ms) 
05:20:30   ├─ /id/index.html (+5ms) 
05:20:30   ├─ /tr/index.html (+5ms) 
05:20:30   ├─ /hi/index.html (+5ms) 
05:20:30   └─ /vi/index.html (+5ms) 
05:20:30 ▶ src/pages/index.astro
05:20:30   └─ /index.html (+0ms) 
05:20:30 ✓ Completed in 1.02s.

05:20:30 [build] 16 page(s) built in 2.66s
05:20:30 [build] Complete!
【情報】選択的統合ビルド: {"selected":["gnu-ed","landing"],"built":["landing"],"reused":["gnu-ed"],"groups":[],"removedJavaScriptFiles":27}
