03:48:07 [content] Syncing content
03:48:07 [content] Synced content
03:48:07 [types] Generated 393ms
03:48:07 [build] output: "static"
03:48:07 [build] mode: "static"
03:48:07 [build] directory: /private/tmp/libx-libuv-astro-trial-683/apps/libuv-trial/dist/
03:48:07 [build] Collecting build info...
03:48:07 [build] ✓ Completed in 413ms.
03:48:07 [build] Building static entrypoints...
03:48:09 [vite] ✓ built in 1.22s
03:48:09 [build] ✓ Completed in 1.24s.

 building client (vite) 
03:48:09 [vite] transforming...
03:48:09 [vite] ✓ 14 modules transformed.
03:48:09 [vite] rendering chunks...
03:48:09 [vite] computing gzip size...
03:48:09 [vite] dist/assets/DocLayout.astro_astro_type_script_index_0_lang.SnA9FtQP.js         0.06 kB │ gzip: 0.08 kB
03:48:09 [vite] dist/assets/MainLayout.astro_astro_type_script_index_0_lang.CgvjN_OR.js        0.16 kB │ gzip: 0.15 kB
03:48:09 [vite] dist/assets/Banner.astro_astro_type_script_index_0_lang.JXV-v118.js            0.32 kB │ gzip: 0.24 kB
03:48:09 [vite] dist/assets/ThemeToggle.astro_astro_type_script_index_0_lang.BDHHZQnD.js       0.69 kB │ gzip: 0.36 kB
03:48:09 [vite] dist/assets/VersionDiff.astro_astro_type_script_index_0_lang.DQPfIGNm.js       0.69 kB │ gzip: 0.47 kB
03:48:09 [vite] dist/assets/SidebarPersister.astro_astro_type_script_index_0_lang.1HBmR04Y.js  0.79 kB │ gzip: 0.46 kB
03:48:09 [vite] dist/assets/Sidebar.astro_astro_type_script_index_0_lang.Dr4m1BH4.js           0.90 kB │ gzip: 0.38 kB
03:48:09 [vite] dist/assets/Navigation.astro_astro_type_script_index_0_lang.BxRkvq3w.js        0.97 kB │ gzip: 0.44 kB
03:48:09 [vite] dist/assets/TableOfContents.astro_astro_type_script_index_0_lang.ClgIWJ3a.js   1.05 kB │ gzip: 0.54 kB
03:48:09 [vite] dist/assets/Search.astro_astro_type_script_index_0_lang.BwHyTS6a.js            1.71 kB │ gzip: 0.93 kB
03:48:09 [vite] dist/assets/search-client.8T0gqxS2.js                                          1.97 kB │ gzip: 1.02 kB
03:48:09 [vite] dist/assets/GroupSidebar.astro_astro_type_script_index_0_lang.CHMaUHWQ.js      2.33 kB │ gzip: 1.05 kB
03:48:09 [vite] ✓ built in 34ms

 generating static routes 
03:48:09 ▶ src/pages/404.astro
03:48:09   └─ /404.html (+33ms) 
03:48:09 ▶ src/pages/[version]/[lang]/index.astro
03:48:09   └─ /v1-53-0/en/index.html (+6ms) 
03:48:09 ▶ src/pages/[version]/index.astro
03:48:09   └─ /v1-53-0/index.html (+1ms) 
03:48:09 ▶ src/pages/index.astro
03:48:09   └─ /index.html (+2ms) 
03:48:09 ▶ src/pages/[version]/[lang]/[...slug].astro
03:48:09   ├─ /v1-53-0/en/guide/about/index.html (+4ms) 
03:48:09   ├─ /v1-53-0/en/guide/basics/index.html (+2ms) 
03:48:09   ├─ /v1-53-0/en/guide/eventloops/index.html (+3ms) 
03:48:09   ├─ /v1-53-0/en/guide/filesystem/index.html (+2ms) 
03:48:09   ├─ /v1-53-0/en/guide/introduction/index.html (+2ms) 
03:48:09   ├─ /v1-53-0/en/guide/networking/index.html (+2ms) 
03:48:09   ├─ /v1-53-0/en/guide/threads/index.html (+2ms) 
03:48:09   ├─ /v1-53-0/en/guide/processes/index.html (+3ms) 
03:48:09   ├─ /v1-53-0/en/guide/utilities/index.html (+2ms) 
03:48:09   ├─ /v1-53-0/en/reference/api/index.html (+2ms) 
03:48:09   ├─ /v1-53-0/en/reference/async/index.html (+5ms) 
03:48:09   ├─ /v1-53-0/en/reference/check/index.html (+11ms) 
03:48:09   ├─ /v1-53-0/en/reference/design/index.html (+3ms) 
03:48:09   ├─ /v1-53-0/en/reference/dns/index.html (+2ms) 
03:48:09   ├─ /v1-53-0/en/reference/dll/index.html (+2ms) 
03:48:09   ├─ /v1-53-0/en/reference/errors/index.html (+2ms) 
03:48:09   ├─ /v1-53-0/en/reference/fs/index.html (+2ms) 
03:48:09   ├─ /v1-53-0/en/reference/fs_event/index.html (+8ms) 
03:48:09   ├─ /v1-53-0/en/reference/fs_poll/index.html (+2ms) 
03:48:09   ├─ /v1-53-0/en/reference/genindex/index.html (+2ms) 
03:48:09   ├─ /v1-53-0/en/reference/guide/index.html (+2ms) 
03:48:09   ├─ /v1-53-0/en/reference/handle/index.html (+2ms) 
03:48:09   ├─ /v1-53-0/en/reference/idle/index.html (+2ms) 
03:48:09   ├─ /v1-53-0/en/reference/loop/index.html (+2ms) 
03:48:09   ├─ /v1-53-0/en/reference/metrics/index.html (+2ms) 
03:48:09   ├─ /v1-53-0/en/reference/migration_010_100/index.html (+2ms) 
03:48:09   ├─ /v1-53-0/en/reference/misc/index.html (+2ms) 
03:48:09   ├─ /v1-53-0/en/reference/overview/index.html (+2ms) 
03:48:09   ├─ /v1-53-0/en/reference/pipe/index.html (+2ms) 
03:48:09   ├─ /v1-53-0/en/reference/poll/index.html (+1ms) 
03:48:09   ├─ /v1-53-0/en/reference/prepare/index.html (+1ms) 
03:48:09   ├─ /v1-53-0/en/reference/process/index.html (+2ms) 
03:48:09   ├─ /v1-53-0/en/reference/request/index.html (+3ms) 
03:48:09   ├─ /v1-53-0/en/reference/signal/index.html (+2ms) 
03:48:09   ├─ /v1-53-0/en/reference/stream/index.html (+2ms) 
03:48:09   ├─ /v1-53-0/en/reference/tcp/index.html (+2ms) 
03:48:09   ├─ /v1-53-0/en/reference/threadpool/index.html (+2ms) 
03:48:09   ├─ /v1-53-0/en/reference/threading/index.html (+2ms) 
03:48:09   ├─ /v1-53-0/en/reference/timer/index.html (+1ms) 
03:48:09   ├─ /v1-53-0/en/reference/tty/index.html (+1ms) 
03:48:09   ├─ /v1-53-0/en/reference/upgrading/index.html (+1ms) 
03:48:09   ├─ /v1-53-0/en/reference/version/index.html (+2ms) 
03:48:09   └─ /v1-53-0/en/reference/udp/index.html (+2ms) 
03:48:09 ✓ Completed in 167ms.

03:48:09 [build] 47 page(s) built in 1.89s
03:48:09 [build] Complete!
