00:26:45 [content] Syncing content
00:26:45 [content] Synced content
00:26:45 [types] Generated 232ms
00:26:45 [build] output: "static"
00:26:45 [build] mode: "static"
00:26:45 [build] directory: /private/tmp/libx-fmt-import-20261002/apps/fmt/dist/
00:26:45 [build] Collecting build info...
00:26:45 [build] ✓ Completed in 246ms.
00:26:45 [build] Building static entrypoints...
00:26:46 [vite] ✓ built in 1.07s
00:26:46 [build] ✓ Completed in 1.09s.

 building client (vite) 
00:26:46 [vite] transforming...
00:26:46 [vite] ✓ 13 modules transformed.
00:26:46 [vite] rendering chunks...
00:26:46 [vite] computing gzip size...
00:26:46 [vite] dist/assets/MainLayout.astro_astro_type_script_index_0_lang.DcWlWeZ1.js        0.15 kB │ gzip: 0.15 kB
00:26:46 [vite] dist/assets/Banner.astro_astro_type_script_index_0_lang.JXV-v118.js            0.32 kB │ gzip: 0.24 kB
00:26:46 [vite] dist/assets/ThemeToggle.astro_astro_type_script_index_0_lang.BDHHZQnD.js       0.69 kB │ gzip: 0.36 kB
00:26:46 [vite] dist/assets/VersionDiff.astro_astro_type_script_index_0_lang.DQPfIGNm.js       0.69 kB │ gzip: 0.47 kB
00:26:46 [vite] dist/assets/SidebarPersister.astro_astro_type_script_index_0_lang.1HBmR04Y.js  0.79 kB │ gzip: 0.46 kB
00:26:46 [vite] dist/assets/Sidebar.astro_astro_type_script_index_0_lang.Dr4m1BH4.js           0.90 kB │ gzip: 0.38 kB
00:26:46 [vite] dist/assets/Navigation.astro_astro_type_script_index_0_lang.BxRkvq3w.js        0.97 kB │ gzip: 0.44 kB
00:26:46 [vite] dist/assets/TableOfContents.astro_astro_type_script_index_0_lang.ClgIWJ3a.js   1.05 kB │ gzip: 0.54 kB
00:26:46 [vite] dist/assets/Search.astro_astro_type_script_index_0_lang.-NPUFt0G.js            1.70 kB │ gzip: 0.92 kB
00:26:46 [vite] dist/assets/search-client.8T0gqxS2.js                                          1.97 kB │ gzip: 1.02 kB
00:26:46 [vite] dist/assets/GroupSidebar.astro_astro_type_script_index_0_lang.CHMaUHWQ.js      2.33 kB │ gzip: 1.05 kB
00:26:46 [vite] ✓ built in 35ms

 generating static routes 
00:26:46 ▶ src/pages/404.astro
00:26:46   └─ /404.html (+15ms) 
00:26:46 ▶ src/pages/[version]/[lang]/index.astro
00:26:46   ├─ /v12-2-0/en/index.html (+5ms) 
00:26:46   └─ /v12-2-0/ja/index.html (+3ms) 
00:26:46 ▶ src/pages/[version]/index.astro
00:26:46   └─ /v12-2-0/index.html (+1ms) 
00:26:46 ▶ src/pages/index.astro
00:26:46   └─ /index.html (+1ms) 
00:26:46 ▶ src/pages/[version]/[lang]/[...slug].astro
00:26:46   ├─ /v12-2-0/en/01-docs/03-api/index.html (+9ms) 
00:26:46   ├─ /v12-2-0/en/01-docs/02-get-started/index.html (+4ms) 
00:26:46   ├─ /v12-2-0/en/01-docs/04-syntax/index.html (+3ms) 
00:26:46   ├─ /v12-2-0/en/01-docs/01-home/index.html (+3ms) 
00:26:46   ├─ /v12-2-0/en/02-license/01-license/index.html (+2ms) 
00:26:46   ├─ /v12-2-0/ja/01-docs/01-home/index.html (+3ms) 
00:26:46   ├─ /v12-2-0/ja/01-docs/02-get-started/index.html (+2ms) 
00:26:46   └─ /v12-2-0/ja/02-license/01-license/index.html (+2ms) 
00:26:46 ✓ Completed in 67ms.

00:26:46 [build] 13 page(s) built in 1.46s
00:26:46 [build] Complete!
