node:internal/modules/run_main:107
    triggerUncaughtException(
    ^

AssertionError [ERR_ASSERTION]: syntax table cell roles
+ actual - expected
... Skipped lines

  [
    [
      [
        {
          role: 'th',
...
          role: 'th',
+         text: ''
+       },
+       {
+         role: 'th',
+         text: ''
+       }
+     ],
+     [
+       {
+         role: 'td',
          text: 'Type'
        },
        {
+         role: 'td',
-         role: 'th',
          text: 'Meaning'
        }
      ],
      [
        {

    at file:///private/tmp/libx-fmt-import-20261002/scripts/importers/check-fmt-canonical.mjs:63:12
    at ModuleJob.run (node:internal/modules/esm/module_job:439:25)
    at async node:internal/modules/esm/loader:643:26
    at async asyncRunEntryPointWithESMLoader (node:internal/modules/run_main:101:5) {
  generatedMessage: false,
  code: 'ERR_ASSERTION',
  actual: [
    [
      [
        { role: 'th', text: 'Option' },
        { role: 'th', text: 'Effect' }
      ],
      [
        { role: 'td', text: '<' },
        {
          role: 'td',
          text: 'Left-align; pad on the right. Default for non-numeric types.'
        }
      ],
      [
        { role: 'td', text: '>' },
        {
          role: 'td',
          text: 'Right-align; pad on the left. Default for numeric types.'
        }
      ],
      [
        { role: 'td', text: '^' },
        {
          role: 'td',
          text: 'Center the value; if the padding cannot be split evenly, the extra padding character goes on the right.'
        }
      ]
    ],
    [
      [
        { role: 'th', text: 'Option' },
        { role: 'th', text: 'Effect' }
      ],
      [
        { role: 'td', text: '+' },
        {
          role: 'td',
          text: 'Always emit a sign (+ for nonnegative values, - for negative).'
        }
      ],
      [
        { role: 'td', text: '-' },
        {
          role: 'td',
          text: 'Emit - only for negative values. This is the default.'
        }
      ],
      [
        { role: 'td', text: 'space' },
        {
          role: 'td',
          text: 'Emit a leading space for nonnegative values and - for negative ones; useful for aligning columns of signed numbers.'
        }
      ]
    ],
    [
      [
        { role: 'th', text: 'Type' },
        { role: 'th', text: 'Meaning of .precision' }
      ],
      [
        { role: 'td', text: 'e, E, f, F' },
        { role: 'td', text: 'Digits emitted after the decimal point.' }
      ],
      [
        { role: 'td', text: 'g, G' },
        { role: 'td', text: 'Total number of significant digits.' }
      ],
      [
        { role: 'td', text: 'a, A' },
        {
          role: 'td',
          text: 'Digits after the decimal point in the hexadecimal significand. If omitted, just enough digits are emitted to round-trip the value exactly.'
        }
      ],
      [
        { role: 'td', text: 'Strings (s, ?, or default)' },
        {
          role: 'td',
          text: 'Upper bound on the number of code points copied from the value.'
        }
      ]
    ],
    [
      [ { role: 'th', text: 'Type' }, { role: 'th', text: 'Effect' } ],
      [
        { role: 'td', text: 'b' },
        { role: 'td', text: 'Base 2. The # flag adds a 0b prefix.' }
      ],
      [
        { role: 'td', text: 'B' },
        { role: 'td', text: 'Base 2. The # flag adds a 0B prefix.' }
      ],
      [
        { role: 'td', text: 'c' },
        {
          role: 'td',
          text: 'Render the integer as the character with that code point. Not allowed for bool.'
        }
      ],
      [
        { role: 'td', text: 'd' },
        { role: 'td', text: 'Base 10. The default for integer types.' }
      ],
      [ { role: 'td', text: 'o' }, { role: 'td', text: 'Base 8.' } ],
      [
        { role: 'td', text: 'x' },
        {
          role: 'td',
          text: 'Base 16, lower-case digits. The # flag adds a 0x prefix.'
        }
      ],
      [
        { role: 'td', text: 'X' },
        {
          role: 'td',
          text: 'Base 16, upper-case digits. The # flag adds a 0X prefix.'
        }
      ],
      [
        { role: 'td', text: 'none' },
        {
          role: 'td',
          text: 'Same as d for integers, c for characters, and the textual form (true/false) for bool.'
        }
      ]
    ],
    [
      [ { role: 'th', text: 'Type' }, { role: 'th', text: 'Effect' } ],
      [
        { role: 'td', text: 'a' },
        {
          role: 'td',
          text: 'Hexadecimal-significand form (e.g. 1.8p+1). Lower-case digits and a lower-case p for the binary exponent. The # flag adds a 0x prefix.'
        }
      ],
      [
        { role: 'td', text: 'A' },
        { role: 'td', text: 'Same as a, but upper-case throughout.' }
      ],
      [
        { role: 'td', text: 'e' },
        {
          role: 'td',
          text: 'Scientific notation with a lower-case e for the decimal exponent.'
        }
      ],
      [
        { role: 'td', text: 'E' },
        {
          role: 'td',
          text: 'Scientific notation with an upper-case E.'
        }
      ],
      [
        { role: 'td', text: 'f' },
        { role: 'td', text: 'Fixed-point notation.' }
      ],
      [
        { role: 'td', text: 'F' },
        {
          role: 'td',
          text: 'Same as f, but renders nan as NAN and inf as INF.'
        }
      ],
      [
        { role: 'td', text: 'g' },
        {
          role: 'td',
          text: 'General form: scientific notation when the exponent would be less than −4 or not less than the precision, otherwise fixed-point; trailing zeros are removed from the fractional part unless # is set. A precision of 0 is interpreted as 1.'
        }
      ],
      [
        { role: 'td', text: 'G' },
        {
          role: 'td',
          text: 'Same as g, but uses E for the exponent and upper-case INF/NAN.'
        }
      ],
      [
        { role: 'td', text: 'none' },
        {
          role: 'td',
          text: 'Shortest round-trip representation: the formatted value, when parsed back into the same floating-point type, reproduces the input bit for bit.'
        }
      ]
    ],
    [
      [ { role: 'th', text: 'Type' }, { role: 'th', text: 'Effect' } ],
      [
        { role: 'td', text: 's' },
        {
          role: 'td',
          text: 'Plain string output. Default for string types and for bool (which is rendered as true or false).'
        }
      ],
      [
        { role: 'td', text: 'c' },
        {
          role: 'td',
          text: 'Character output. Default for character types. Not allowed for bool.'
        }
      ],
      [
        { role: 'td', text: '?' },
        {
          role: 'td',
          text: 'Debug output: the value is wrapped in single quotes (characters) or double quotes (strings), and non-printable, non-ASCII, and special characters are escaped using C-style escape sequences such as \\n, \\t, \\", and \\u{...}.'
        }
      ],
      [
        { role: 'td', text: 'none' },
        {
          role: 'td',
          text: 'Same as s for strings and bool, and as c for characters.'
        }
      ]
    ],
    [
      [ { role: 'th', text: 'Type' }, { role: 'th', text: 'Effect' } ],
      [
        { role: 'td', text: 'p' },
        {
          role: 'td',
          text: 'Hexadecimal address prefixed by 0x. Default for pointer types.'
        }
      ],
      [
        { role: 'td', text: 'none' },
        { role: 'td', text: 'Same as p.' }
      ]
    ],
    [
      [ { role: 'th', text: '' }, { role: 'th', text: '' } ],
      [ { role: 'td', text: 'Type' }, { role: 'td', text: 'Meaning' } ],
      [
        { role: 'td', text: "'a'" },
        {
          role: 'td',
          text: 'The abbreviated weekday name, e.g. "Sat". If the value does not contain a valid weekday, an exception of type format_error is thrown.'
        }
      ],
      [
        { role: 'td', text: "'A'" },
        {
          role: 'td',
          text: 'The full weekday name, e.g. "Saturday". If the value does not contain a valid weekday, an exception of type format_error is thrown.'
        }
      ],
      [
        { role: 'td', text: "'b'" },
        {
          role: 'td',
          text: 'The abbreviated month name, e.g. "Nov". If the value does not contain a valid month, an exception of type format_error is thrown.'
        }
      ],
      [
        { role: 'td', text: "'B'" },
        {
          role: 'td',
          text: 'The full month name, e.g. "November". If the value does not contain a valid month, an exception of type format_error is thrown.'
        }
      ],
      [
        { role: 'td', text: "'c'" },
        {
          role: 'td',
          text: `The date and time representation, e.g. "Sat Nov 12 22:04:00 1955". The modified command %Ec produces the locale's alternate date and time representation.`
        }
      ],
      [
        { role: 'td', text: "'C'" },
        {
          role: 'td',
          text: `The year divided by 100 using floored division, e.g. "19". If the result is a single decimal digit, it is prefixed with 0. The modified command %EC produces the locale's alternative representation of the century.`
        }
      ],
      [
        { role: 'td', text: "'d'" },
        {
          role: 'td',
          text: "The day of month as a decimal number. If the result is a single decimal digit, it is prefixed with 0. The modified command %Od produces the locale's alternative representation."
        }
      ],
      [
        { role: 'td', text: "'D'" },
        {
          role: 'td',
          text: 'Equivalent to %m/%d/%y, e.g. "11/12/55".'
        }
      ],
      [
        { role: 'td', text: "'e'" },
        {
          role: 'td',
          text: "The day of month as a decimal number. If the result is a single decimal digit, it is prefixed with a space. The modified command %Oe produces the locale's alternative representation."
        }
      ],
      [
        { role: 'td', text: "'F'" },
        {
          role: 'td',
          text: 'Equivalent to %Y-%m-%d, e.g. "1955-11-12".'
        }
      ],
      [
        { role: 'td', text: "'g'" },
        {
          role: 'td',
          text: 'The last two decimal digits of the ISO week-based year. If the result is a single digit it is prefixed by 0.'
        }
      ],
      [
        { role: 'td', text: "'G'" },
        {
          role: 'td',
          text: 'The ISO week-based year as a decimal number. If the result is less than four digits it is left-padded with 0 to four digits.'
        }
      ],
      [
        { role: 'td', text: "'h'" },
        { role: 'td', text: 'Equivalent to %b, e.g. "Nov".' }
      ],
      [
        { role: 'td', text: "'H'" },
        {
          role: 'td',
          text: "The hour (24-hour clock) as a decimal number. If the result is a single digit, it is prefixed with 0. The modified command %OH produces the locale's alternative representation."
        }
      ],
      [
        { role: 'td', text: "'I'" },
        {
          role: 'td',
          text: "The hour (12-hour clock) as a decimal number. If the result is a single digit, it is prefixed with 0. The modified command %OI produces the locale's alternative representation."
        }
      ],
      [
        { role: 'td', text: "'j'" },
        {
          role: 'td',
          text: 'If the type being formatted is a specialization of duration, the decimal number of days without padding. Otherwise, the day of the year as a decimal number. Jan 1 is 001. If the result is less than three digits, it is left-padded with 0 to three digits.'
        }
      ],
      [
        { role: 'td', text: "'m'" },
        {
          role: 'td',
          text: "The month as a decimal number. Jan is 01. If the result is a single digit, it is prefixed with 0. The modified command %Om produces the locale's alternative representation."
        }
      ],
      [
        { role: 'td', text: "'M'" },
        {
          role: 'td',
          text: "The minute as a decimal number. If the result is a single digit, it is prefixed with 0. The modified command %OM produces the locale's alternative representation."
        }
      ],
      [
        { role: 'td', text: "'n'" },
        { role: 'td', text: 'A new-line character.' }
      ],
      [
        { role: 'td', text: "'p'" },
        {
          role: 'td',
          text: 'The AM/PM designations associated with a 12-hour clock.'
        }
      ],
      [
        { role: 'td', text: "'q'" },
        { role: 'td', text: "The duration's unit suffix." }
      ],
      [
        { role: 'td', text: "'Q'" },
        {
          role: 'td',
          text: "The duration's numeric value (as if extracted via .count())."
        }
      ],
      [
        { role: 'td', text: "'r'" },
        {
          role: 'td',
          text: 'The 12-hour clock time, e.g. "10:04:00 PM".'
        }
      ],
      [
        { role: 'td', text: "'R'" },
        { role: 'td', text: 'Equivalent to %H:%M, e.g. "22:04".' }
      ],
      [
        { role: 'td', text: "'S'" },
        {
          role: 'td',
          text: "Seconds as a decimal number. If the number of seconds is less than 10, the result is prefixed with 0. If the precision of the input cannot be exactly represented with seconds, then the format is a decimal floating-point number with a fixed format and a precision matching that of the precision of the input (or to a microseconds precision if the conversion to floating-point decimal seconds cannot be made within 18 fractional digits). The modified command %OS produces the locale's alternative representation."
        }
      ],
      [
        { role: 'td', text: "'t'" },
        { role: 'td', text: 'A horizontal-tab character.' }
      ],
      [
        { role: 'td', text: "'T'" },
        { role: 'td', text: 'Equivalent to %H:%M:%S.' }
      ],
      [
        { role: 'td', text: "'u'" },
        {
          role: 'td',
          text: "The ISO weekday as a decimal number (1-7), where Monday is 1. The modified command %Ou produces the locale's alternative representation."
        }
      ],
      [
        { role: 'td', text: "'U'" },
        {
          role: 'td',
          text: "The week number of the year as a decimal number. The first Sunday of the year is the first day of week 01. Days of the same year prior to that are in week 00. If the result is a single digit, it is prefixed with 0. The modified command %OU produces the locale's alternative representation."
        }
      ],
      [
        { role: 'td', text: "'V'" },
        {
          role: 'td',
          text: "The ISO week-based week number as a decimal number. If the result is a single digit, it is prefixed with 0. The modified command %OV produces the locale's alternative representation."
        }
      ],
      [
        { role: 'td', text: "'w'" },
        {
          role: 'td',
          text: "The weekday as a decimal number (0-6), where Sunday is 0. The modified command %Ow produces the locale's alternative representation."
        }
      ],
      [
        { role: 'td', text: "'W'" },
        {
          role: 'td',
          text: "The week number of the year as a decimal number. The first Monday of the year is the first day of week 01. Days of the same year prior to that are in week 00. If the result is a single digit, it is prefixed with 0. The modified command %OW produces the locale's alternative representation."
        }
      ],
      [
        { role: 'td', text: "'x'" },
        {
          role: 'td',
          text: `The date representation, e.g. "11/12/55". The modified command %Ex produces the locale's alternate date representation.`
        }
      ],
      [
        { role: 'td', text: "'X'" },
        {
          role: 'td',
          text: `The time representation, e.g. "10:04:00". The modified command %EX produces the locale's alternate time representation.`
        }
      ],
      [
        { role: 'td', text: "'y'" },
        {
          role: 'td',
          text: "The last two decimal digits of the year. If the result is a single digit it is prefixed by 0. The modified command %Oy produces the locale's alternative representation. The modified command %Ey produces the locale's alternative representation of offset from %EC (year only)."
        }
      ],
      [
        { role: 'td', text: "'Y'" },
        {
          role: 'td',
          text: "The year as a decimal number. If the result is less than four digits it is left-padded with 0 to four digits. The modified command %EY produces the locale's alternative full year representation."
        }
      ],
      [
        { role: 'td', text: "'z'" },
        {
          role: 'td',
          text: 'The offset from UTC in the ISO 8601:2004 format. For example -0430 refers to 4 hours 30 minutes behind UTC. If the offset is zero, +0000 is used. The modified commands %Ez and %Oz insert a : between the hours and minutes: -04:30. If the offset information is not available, an exception of type format_error is thrown.'
        }
      ],
      [
        { role: 'td', text: "'Z'" },
        {
          role: 'td',
          text: 'The time zone abbreviation. If the time zone abbreviation is not available, an exception of type format_error is thrown.'
        }
      ],
      [
        { role: 'td', text: "'%'" },
        { role: 'td', text: 'A % character.' }
      ]
    ],
    [
      [ { role: 'th', text: 'Type' }, { role: 'th', text: 'Meaning' } ],
      [
        { role: 'td', text: "'_'" },
        { role: 'td', text: 'Pad a numeric result with spaces.' }
      ],
      [
        { role: 'td', text: "'-'" },
        { role: 'td', text: 'Do not pad a numeric result string.' }
      ],
      [
        { role: 'td', text: "'0'" },
        { role: 'td', text: 'Pad a numeric result string with zeros.' }
      ]
    ],
    [
      [ { role: 'th', text: 'Type' }, { role: 'th', text: 'Meaning' } ],
      [
        { role: 'td', text: 'none' },
        { role: 'td', text: 'Default format.' }
      ],
      [
        { role: 'td', text: "'s'" },
        {
          role: 'td',
          text: 'String format. The range is formatted as a string.'
        }
      ],
      [
        { role: 'td', text: "'?⁠s'" },
        {
          role: 'td',
          text: 'Debug format. The range is formatted as an escaped string.'
        }
      ]
    ]
  ],
  expected: [
    [
      [
        { role: 'th', text: 'Option' },
        { role: 'th', text: 'Effect' }
      ],
      [
        { role: 'td', text: '<' },
        {
          role: 'td',
          text: 'Left-align; pad on the right. Default for non-numeric types.'
        }
      ],
      [
        { role: 'td', text: '>' },
        {
          role: 'td',
          text: 'Right-align; pad on the left. Default for numeric types.'
        }
      ],
      [
        { role: 'td', text: '^' },
        {
          role: 'td',
          text: 'Center the value; if the padding cannot be split evenly, the extra padding character goes on the right.'
        }
      ]
    ],
    [
      [
        { role: 'th', text: 'Option' },
        { role: 'th', text: 'Effect' }
      ],
      [
        { role: 'td', text: '+' },
        {
          role: 'td',
          text: 'Always emit a sign (+ for nonnegative values, - for negative).'
        }
      ],
      [
        { role: 'td', text: '-' },
        {
          role: 'td',
          text: 'Emit - only for negative values. This is the default.'
        }
      ],
      [
        { role: 'td', text: 'space' },
        {
          role: 'td',
          text: 'Emit a leading space for nonnegative values and - for negative ones; useful for aligning columns of signed numbers.'
        }
      ]
    ],
    [
      [
        { role: 'th', text: 'Type' },
        { role: 'th', text: 'Meaning of .precision' }
      ],
      [
        { role: 'td', text: 'e, E, f, F' },
        { role: 'td', text: 'Digits emitted after the decimal point.' }
      ],
      [
        { role: 'td', text: 'g, G' },
        { role: 'td', text: 'Total number of significant digits.' }
      ],
      [
        { role: 'td', text: 'a, A' },
        {
          role: 'td',
          text: 'Digits after the decimal point in the hexadecimal significand. If omitted, just enough digits are emitted to round-trip the value exactly.'
        }
      ],
      [
        { role: 'td', text: 'Strings (s, ?, or default)' },
        {
          role: 'td',
          text: 'Upper bound on the number of code points copied from the value.'
        }
      ]
    ],
    [
      [ { role: 'th', text: 'Type' }, { role: 'th', text: 'Effect' } ],
      [
        { role: 'td', text: 'b' },
        { role: 'td', text: 'Base 2. The # flag adds a 0b prefix.' }
      ],
      [
        { role: 'td', text: 'B' },
        { role: 'td', text: 'Base 2. The # flag adds a 0B prefix.' }
      ],
      [
        { role: 'td', text: 'c' },
        {
          role: 'td',
          text: 'Render the integer as the character with that code point. Not allowed for bool.'
        }
      ],
      [
        { role: 'td', text: 'd' },
        { role: 'td', text: 'Base 10. The default for integer types.' }
      ],
      [ { role: 'td', text: 'o' }, { role: 'td', text: 'Base 8.' } ],
      [
        { role: 'td', text: 'x' },
        {
          role: 'td',
          text: 'Base 16, lower-case digits. The # flag adds a 0x prefix.'
        }
      ],
      [
        { role: 'td', text: 'X' },
        {
          role: 'td',
          text: 'Base 16, upper-case digits. The # flag adds a 0X prefix.'
        }
      ],
      [
        { role: 'td', text: 'none' },
        {
          role: 'td',
          text: 'Same as d for integers, c for characters, and the textual form (true/false) for bool.'
        }
      ]
    ],
    [
      [ { role: 'th', text: 'Type' }, { role: 'th', text: 'Effect' } ],
      [
        { role: 'td', text: 'a' },
        {
          role: 'td',
          text: 'Hexadecimal-significand form (e.g. 1.8p+1). Lower-case digits and a lower-case p for the binary exponent. The # flag adds a 0x prefix.'
        }
      ],
      [
        { role: 'td', text: 'A' },
        { role: 'td', text: 'Same as a, but upper-case throughout.' }
      ],
      [
        { role: 'td', text: 'e' },
        {
          role: 'td',
          text: 'Scientific notation with a lower-case e for the decimal exponent.'
        }
      ],
      [
        { role: 'td', text: 'E' },
        {
          role: 'td',
          text: 'Scientific notation with an upper-case E.'
        }
      ],
      [
        { role: 'td', text: 'f' },
        { role: 'td', text: 'Fixed-point notation.' }
      ],
      [
        { role: 'td', text: 'F' },
        {
          role: 'td',
          text: 'Same as f, but renders nan as NAN and inf as INF.'
        }
      ],
      [
        { role: 'td', text: 'g' },
        {
          role: 'td',
          text: 'General form: scientific notation when the exponent would be less than −4 or not less than the precision, otherwise fixed-point; trailing zeros are removed from the fractional part unless # is set. A precision of 0 is interpreted as 1.'
        }
      ],
      [
        { role: 'td', text: 'G' },
        {
          role: 'td',
          text: 'Same as g, but uses E for the exponent and upper-case INF/NAN.'
        }
      ],
      [
        { role: 'td', text: 'none' },
        {
          role: 'td',
          text: 'Shortest round-trip representation: the formatted value, when parsed back into the same floating-point type, reproduces the input bit for bit.'
        }
      ]
    ],
    [
      [ { role: 'th', text: 'Type' }, { role: 'th', text: 'Effect' } ],
      [
        { role: 'td', text: 's' },
        {
          role: 'td',
          text: 'Plain string output. Default for string types and for bool (which is rendered as true or false).'
        }
      ],
      [
        { role: 'td', text: 'c' },
        {
          role: 'td',
          text: 'Character output. Default for character types. Not allowed for bool.'
        }
      ],
      [
        { role: 'td', text: '?' },
        {
          role: 'td',
          text: 'Debug output: the value is wrapped in single quotes (characters) or double quotes (strings), and non-printable, non-ASCII, and special characters are escaped using C-style escape sequences such as \\n, \\t, \\", and \\u{...}.'
        }
      ],
      [
        { role: 'td', text: 'none' },
        {
          role: 'td',
          text: 'Same as s for strings and bool, and as c for characters.'
        }
      ]
    ],
    [
      [ { role: 'th', text: 'Type' }, { role: 'th', text: 'Effect' } ],
      [
        { role: 'td', text: 'p' },
        {
          role: 'td',
          text: 'Hexadecimal address prefixed by 0x. Default for pointer types.'
        }
      ],
      [
        { role: 'td', text: 'none' },
        { role: 'td', text: 'Same as p.' }
      ]
    ],
    [
      [ { role: 'th', text: 'Type' }, { role: 'th', text: 'Meaning' } ],
      [
        { role: 'td', text: "'a'" },
        {
          role: 'td',
          text: 'The abbreviated weekday name, e.g. "Sat". If the value does not contain a valid weekday, an exception of type format_error is thrown.'
        }
      ],
      [
        { role: 'td', text: "'A'" },
        {
          role: 'td',
          text: 'The full weekday name, e.g. "Saturday". If the value does not contain a valid weekday, an exception of type format_error is thrown.'
        }
      ],
      [
        { role: 'td', text: "'b'" },
        {
          role: 'td',
          text: 'The abbreviated month name, e.g. "Nov". If the value does not contain a valid month, an exception of type format_error is thrown.'
        }
      ],
      [
        { role: 'td', text: "'B'" },
        {
          role: 'td',
          text: 'The full month name, e.g. "November". If the value does not contain a valid month, an exception of type format_error is thrown.'
        }
      ],
      [
        { role: 'td', text: "'c'" },
        {
          role: 'td',
          text: `The date and time representation, e.g. "Sat Nov 12 22:04:00 1955". The modified command %Ec produces the locale's alternate date and time representation.`
        }
      ],
      [
        { role: 'td', text: "'C'" },
        {
          role: 'td',
          text: `The year divided by 100 using floored division, e.g. "19". If the result is a single decimal digit, it is prefixed with 0. The modified command %EC produces the locale's alternative representation of the century.`
        }
      ],
      [
        { role: 'td', text: "'d'" },
        {
          role: 'td',
          text: "The day of month as a decimal number. If the result is a single decimal digit, it is prefixed with 0. The modified command %Od produces the locale's alternative representation."
        }
      ],
      [
        { role: 'td', text: "'D'" },
        {
          role: 'td',
          text: 'Equivalent to %m/%d/%y, e.g. "11/12/55".'
        }
      ],
      [
        { role: 'td', text: "'e'" },
        {
          role: 'td',
          text: "The day of month as a decimal number. If the result is a single decimal digit, it is prefixed with a space. The modified command %Oe produces the locale's alternative representation."
        }
      ],
      [
        { role: 'td', text: "'F'" },
        {
          role: 'td',
          text: 'Equivalent to %Y-%m-%d, e.g. "1955-11-12".'
        }
      ],
      [
        { role: 'td', text: "'g'" },
        {
          role: 'td',
          text: 'The last two decimal digits of the ISO week-based year. If the result is a single digit it is prefixed by 0.'
        }
      ],
      [
        { role: 'td', text: "'G'" },
        {
          role: 'td',
          text: 'The ISO week-based year as a decimal number. If the result is less than four digits it is left-padded with 0 to four digits.'
        }
      ],
      [
        { role: 'td', text: "'h'" },
        { role: 'td', text: 'Equivalent to %b, e.g. "Nov".' }
      ],
      [
        { role: 'td', text: "'H'" },
        {
          role: 'td',
          text: "The hour (24-hour clock) as a decimal number. If the result is a single digit, it is prefixed with 0. The modified command %OH produces the locale's alternative representation."
        }
      ],
      [
        { role: 'td', text: "'I'" },
        {
          role: 'td',
          text: "The hour (12-hour clock) as a decimal number. If the result is a single digit, it is prefixed with 0. The modified command %OI produces the locale's alternative representation."
        }
      ],
      [
        { role: 'td', text: "'j'" },
        {
          role: 'td',
          text: 'If the type being formatted is a specialization of duration, the decimal number of days without padding. Otherwise, the day of the year as a decimal number. Jan 1 is 001. If the result is less than three digits, it is left-padded with 0 to three digits.'
        }
      ],
      [
        { role: 'td', text: "'m'" },
        {
          role: 'td',
          text: "The month as a decimal number. Jan is 01. If the result is a single digit, it is prefixed with 0. The modified command %Om produces the locale's alternative representation."
        }
      ],
      [
        { role: 'td', text: "'M'" },
        {
          role: 'td',
          text: "The minute as a decimal number. If the result is a single digit, it is prefixed with 0. The modified command %OM produces the locale's alternative representation."
        }
      ],
      [
        { role: 'td', text: "'n'" },
        { role: 'td', text: 'A new-line character.' }
      ],
      [
        { role: 'td', text: "'p'" },
        {
          role: 'td',
          text: 'The AM/PM designations associated with a 12-hour clock.'
        }
      ],
      [
        { role: 'td', text: "'q'" },
        { role: 'td', text: "The duration's unit suffix." }
      ],
      [
        { role: 'td', text: "'Q'" },
        {
          role: 'td',
          text: "The duration's numeric value (as if extracted via .count())."
        }
      ],
      [
        { role: 'td', text: "'r'" },
        {
          role: 'td',
          text: 'The 12-hour clock time, e.g. "10:04:00 PM".'
        }
      ],
      [
        { role: 'td', text: "'R'" },
        { role: 'td', text: 'Equivalent to %H:%M, e.g. "22:04".' }
      ],
      [
        { role: 'td', text: "'S'" },
        {
          role: 'td',
          text: "Seconds as a decimal number. If the number of seconds is less than 10, the result is prefixed with 0. If the precision of the input cannot be exactly represented with seconds, then the format is a decimal floating-point number with a fixed format and a precision matching that of the precision of the input (or to a microseconds precision if the conversion to floating-point decimal seconds cannot be made within 18 fractional digits). The modified command %OS produces the locale's alternative representation."
        }
      ],
      [
        { role: 'td', text: "'t'" },
        { role: 'td', text: 'A horizontal-tab character.' }
      ],
      [
        { role: 'td', text: "'T'" },
        { role: 'td', text: 'Equivalent to %H:%M:%S.' }
      ],
      [
        { role: 'td', text: "'u'" },
        {
          role: 'td',
          text: "The ISO weekday as a decimal number (1-7), where Monday is 1. The modified command %Ou produces the locale's alternative representation."
        }
      ],
      [
        { role: 'td', text: "'U'" },
        {
          role: 'td',
          text: "The week number of the year as a decimal number. The first Sunday of the year is the first day of week 01. Days of the same year prior to that are in week 00. If the result is a single digit, it is prefixed with 0. The modified command %OU produces the locale's alternative representation."
        }
      ],
      [
        { role: 'td', text: "'V'" },
        {
          role: 'td',
          text: "The ISO week-based week number as a decimal number. If the result is a single digit, it is prefixed with 0. The modified command %OV produces the locale's alternative representation."
        }
      ],
      [
        { role: 'td', text: "'w'" },
        {
          role: 'td',
          text: "The weekday as a decimal number (0-6), where Sunday is 0. The modified command %Ow produces the locale's alternative representation."
        }
      ],
      [
        { role: 'td', text: "'W'" },
        {
          role: 'td',
          text: "The week number of the year as a decimal number. The first Monday of the year is the first day of week 01. Days of the same year prior to that are in week 00. If the result is a single digit, it is prefixed with 0. The modified command %OW produces the locale's alternative representation."
        }
      ],
      [
        { role: 'td', text: "'x'" },
        {
          role: 'td',
          text: `The date representation, e.g. "11/12/55". The modified command %Ex produces the locale's alternate date representation.`
        }
      ],
      [
        { role: 'td', text: "'X'" },
        {
          role: 'td',
          text: `The time representation, e.g. "10:04:00". The modified command %EX produces the locale's alternate time representation.`
        }
      ],
      [
        { role: 'td', text: "'y'" },
        {
          role: 'td',
          text: "The last two decimal digits of the year. If the result is a single digit it is prefixed by 0. The modified command %Oy produces the locale's alternative representation. The modified command %Ey produces the locale's alternative representation of offset from %EC (year only)."
        }
      ],
      [
        { role: 'td', text: "'Y'" },
        {
          role: 'td',
          text: "The year as a decimal number. If the result is less than four digits it is left-padded with 0 to four digits. The modified command %EY produces the locale's alternative full year representation."
        }
      ],
      [
        { role: 'td', text: "'z'" },
        {
          role: 'td',
          text: 'The offset from UTC in the ISO 8601:2004 format. For example -0430 refers to 4 hours 30 minutes behind UTC. If the offset is zero, +0000 is used. The modified commands %Ez and %Oz insert a : between the hours and minutes: -04:30. If the offset information is not available, an exception of type format_error is thrown.'
        }
      ],
      [
        { role: 'td', text: "'Z'" },
        {
          role: 'td',
          text: 'The time zone abbreviation. If the time zone abbreviation is not available, an exception of type format_error is thrown.'
        }
      ],
      [
        { role: 'td', text: "'%'" },
        { role: 'td', text: 'A % character.' }
      ]
    ],
    [
      [ { role: 'th', text: 'Type' }, { role: 'th', text: 'Meaning' } ],
      [
        { role: 'td', text: "'_'" },
        { role: 'td', text: 'Pad a numeric result with spaces.' }
      ],
      [
        { role: 'td', text: "'-'" },
        { role: 'td', text: 'Do not pad a numeric result string.' }
      ],
      [
        { role: 'td', text: "'0'" },
        { role: 'td', text: 'Pad a numeric result string with zeros.' }
      ]
    ],
    [
      [ { role: 'th', text: 'Type' }, { role: 'th', text: 'Meaning' } ],
      [
        { role: 'td', text: 'none' },
        { role: 'td', text: 'Default format.' }
      ],
      [
        { role: 'td', text: "'s'" },
        {
          role: 'td',
          text: 'String format. The range is formatted as a string.'
        }
      ],
      [
        { role: 'td', text: "'?⁠s'" },
        {
          role: 'td',
          text: 'Debug format. The range is formatted as an escaped string.'
        }
      ]
    ]
  ],
  operator: 'deepStrictEqual',
  diff: 'simple'
}

Node.js v24.19.0
