
> libx@ build:selective /private/tmp/libx-gnu-grep-update-formal-940
> node scripts/build-selective.js --projects\=gnu-grep\,landing --reuse

【情報】gnu-grep: 入力と出力を照合し、検証済み成果物を再利用します
【情報】landing: 再生成します (入力が変更されています。再ビルドしてください: landing)
【情報】landing をビルドしています...

> sites-landing@0.0.1 build /private/tmp/libx-gnu-grep-update-formal-940/sites/landing
> astro build

06:39:30 [content] Syncing content
06:39:30 [content] Synced content
06:39:30 [types] Generated 24ms
06:39:30 [build] output: "static"
06:39:30 [build] mode: "static"
06:39:30 [build] directory: /private/tmp/libx-gnu-grep-update-formal-940/sites/landing/dist/
06:39:30 [build] Collecting build info...
06:39:30 [build] ✓ Completed in 37ms.
06:39:30 [build] Building static entrypoints...
06:39:31 [vite] ✓ built in 834ms
06:39:31 [build] ✓ Completed in 852ms.

 building client (vite) 
06:39:31 [vite] transforming...
06:39:31 [vite] ✓ 11 modules transformed.
06:39:31 [vite] rendering chunks...
06:39:31 [vite] computing gzip size...
06:39:31 [vite] dist/assets/Banner.astro_astro_type_script_index_0_lang.JXV-v118.js            0.32 kB │ gzip: 0.24 kB
06:39:31 [vite] dist/assets/ThemeToggle.astro_astro_type_script_index_0_lang.BDHHZQnD.js       0.69 kB │ gzip: 0.36 kB
06:39:31 [vite] dist/assets/SidebarPersister.astro_astro_type_script_index_0_lang.1HBmR04Y.js  0.79 kB │ gzip: 0.46 kB
06:39:31 [vite] dist/assets/Sidebar.astro_astro_type_script_index_0_lang.Dr4m1BH4.js           0.90 kB │ gzip: 0.38 kB
06:39:31 [vite] dist/assets/Navigation.astro_astro_type_script_index_0_lang.BxRkvq3w.js        0.97 kB │ gzip: 0.44 kB
06:39:31 [vite] dist/assets/TableOfContents.astro_astro_type_script_index_0_lang.ClgIWJ3a.js   1.05 kB │ gzip: 0.54 kB
06:39:31 [vite] dist/assets/Search.astro_astro_type_script_index_0_lang.DfbPoSz4.js            1.70 kB │ gzip: 0.91 kB
06:39:31 [vite] dist/assets/search-client.8T0gqxS2.js                                          1.97 kB │ gzip: 1.02 kB
06:39:31 [vite] dist/assets/GroupSidebar.astro_astro_type_script_index_0_lang.CHMaUHWQ.js      2.33 kB │ gzip: 1.05 kB
06:39:31 [vite] ✓ built in 29ms

 generating static routes 
06:39:31 ▶ src/pages/404.astro
06:39:31   └─ /404.html (+906ms) 
06:39:32 ▶ src/pages/[lang]/index.astro
06:39:32   ├─ /en/index.html (+7ms) 
06:39:32   ├─ /ja/index.html (+5ms) 
06:39:32   ├─ /zh-Hans/index.html (+5ms) 
06:39:32   ├─ /zh-Hant/index.html (+5ms) 
06:39:32   ├─ /es/index.html (+5ms) 
06:39:32   ├─ /pt-BR/index.html (+5ms) 
06:39:32   ├─ /ko/index.html (+5ms) 
06:39:32   ├─ /de/index.html (+5ms) 
06:39:32   ├─ /fr/index.html (+6ms) 
06:39:32   ├─ /ru/index.html (+5ms) 
06:39:32   ├─ /ar/index.html (+4ms) 
06:39:32   ├─ /id/index.html (+5ms) 
06:39:32   ├─ /tr/index.html (+5ms) 
06:39:32   ├─ /hi/index.html (+5ms) 
06:39:32   └─ /vi/index.html (+5ms) 
06:39:32 ▶ src/pages/index.astro
06:39:32   └─ /index.html (+0ms) 
06:39:32 ✓ Completed in 991ms.

06:39:32 [build] 16 page(s) built in 1.92s
06:39:32 [build] Complete!
【情報】選択的統合ビルド: {"selected":["gnu-grep","landing"],"built":["landing"],"reused":["gnu-grep"],"groups":[],"removedJavaScriptFiles":27}
