✖ all distributed documentation layouts match the canonical template (105.995167ms)
ℹ tests 1
ℹ suites 0
ℹ pass 0
ℹ fail 1
ℹ cancelled 0
ℹ skipped 0
ℹ todo 0
ℹ duration_ms 168.565

✖ failing tests:

test at tests/runtime/layout-sync.test.js:5:1
✖ all distributed documentation layouts match the canonical template (105.995167ms)
  AssertionError [ERR_ASSERTION]: Expected values to be strictly deep-equal:
  + actual - expected
  
  + [
  +   'apps/gnu-make/src/layouts/DocLayout.astro',
  +   'apps/gnu-make/src/pages/[version]/[lang]/[...slug].astro',
  +   'apps/jq/src/layouts/DocLayout.astro',
  +   'apps/jq/src/pages/[version]/[lang]/[...slug].astro',
  +   'apps/libuv/src/layouts/DocLayout.astro',
  +   'apps/mdbook/src/layouts/DocLayout.astro',
  +   'apps/mdbook/src/pages/[version]/[lang]/[...slug].astro',
  +   'apps/rapidjson/src/layouts/DocLayout.astro',
  +   'apps/rapidjson/src/pages/[version]/[lang]/[...slug].astro',
  +   'apps/sds/src/layouts/DocLayout.astro',
  +   'apps/wren/src/layouts/DocLayout.astro',
  +   'apps/wren/src/pages/[version]/[lang]/[...slug].astro',
  +   'apps/yyjson/src/layouts/DocLayout.astro',
  +   'apps/yyjson/src/pages/[version]/[lang]/[...slug].astro',
  +   'apps/zstd/src/layouts/DocLayout.astro',
  +   'apps/zstd/src/pages/[version]/[lang]/[...slug].astro'
  + ]
  - []
  
      at TestContext.<anonymous> (file:///Users/dolphilia/github/libx/tests/runtime/layout-sync.test.js:6:10)
      at Test.runInAsyncScope (node:async_hooks:227:14)
      at Test.run (node:internal/test_runner/test:1382:25)
      at Test.start (node:internal/test_runner/test:1242:17)
      at startSubtestAfterBootstrap (node:internal/test_runner/harness:387:17) {
    generatedMessage: true,
    code: 'ERR_ASSERTION',
    actual: [ 'apps/gnu-make/src/layouts/DocLayout.astro', 'apps/gnu-make/src/pages/[version]/[lang]/[...slug].astro', 'apps/jq/src/layouts/DocLayout.astro', 'apps/jq/src/pages/[version]/[lang]/[...slug].astro', 'apps/libuv/src/layouts/DocLayout.astro', 'apps/mdbook/src/layouts/DocLayout.astro', 'apps/mdbook/src/pages/[version]/[lang]/[...slug].astro', 'apps/rapidjson/src/layouts/DocLayout.astro', 'apps/rapidjson/src/pages/[version]/[lang]/[...slug].astro', 'apps/sds/src/layouts/DocLayout.astro', 'apps/wren/src/layouts/DocLayout.astro', 'apps/wren/src/pages/[version]/[lang]/[...slug].astro', 'apps/yyjson/src/layouts/DocLayout.astro', 'apps/yyjson/src/pages/[version]/[lang]/[...slug].astro', 'apps/zstd/src/layouts/DocLayout.astro', 'apps/zstd/src/pages/[version]/[lang]/[...slug].astro' ],
    expected: [],
    operator: 'deepStrictEqual',
    diff: 'simple'
  }
