
> apps-gnu-diffutils@0.0.1 prebuild /private/tmp/libx-diffutils-chapters16-18-formal-948/apps/gnu-diffutils
> libx-docs-prepare --projects=gnu-diffutils

【情報】選択的サイドバー生成を開始します...
【情報】指定されたプロジェクト: gnu-diffutils
【情報】プロジェクト gnu-diffutils の処理を開始します...
  - en/v3-12 のサイドバーを生成中...
  - JSONファイルを保存しました: /private/tmp/libx-diffutils-chapters16-18-formal-948/apps/gnu-diffutils/public/sidebar.prepared-8103/sidebar-en-v3-12.json
  - ja/v3-12 のサイドバーを生成中...
  - JSONファイルを保存しました: /private/tmp/libx-diffutils-chapters16-18-formal-948/apps/gnu-diffutils/public/sidebar.prepared-8103/sidebar-ja-v3-12.json
【情報】選択的サイドバー生成が完了しました
【情報】処理したプロジェクト: gnu-diffutils
検索索引 v3-12/en: 110ページ、210487 bytes
検索索引 v3-12/ja: 109ページ、221792 bytes
検索索引生成: 2件、298ms

> apps-gnu-diffutils@0.0.1 build /private/tmp/libx-diffutils-chapters16-18-formal-948/apps/gnu-diffutils
> astro build

09:18:43 [content] Syncing content
09:18:44 [content] Synced content
09:18:44 [types] Generated 605ms
09:18:44 [build] output: "static"
09:18:44 [build] mode: "static"
09:18:44 [build] directory: /private/tmp/libx-diffutils-chapters16-18-formal-948/apps/gnu-diffutils/dist/
09:18:44 [build] Collecting build info...
09:18:44 [build] ✓ Completed in 620ms.
09:18:44 [build] Building static entrypoints...
09:18:45 [vite] ✓ built in 1.19s
09:18:45 [build] ✓ Completed in 1.21s.

 building client (vite) 
09:18:45 [vite] transforming...
09:18:45 [vite] ✓ 14 modules transformed.
09:18:45 [vite] rendering chunks...
09:18:45 [vite] computing gzip size...
09:18:45 [vite] dist/assets/DocLayout.astro_astro_type_script_index_0_lang.SnA9FtQP.js         0.06 kB │ gzip: 0.08 kB
09:18:45 [vite] dist/assets/MainLayout.astro_astro_type_script_index_0_lang.B1BawXRQ.js        0.16 kB │ gzip: 0.15 kB
09:18:45 [vite] dist/assets/Banner.astro_astro_type_script_index_0_lang.JXV-v118.js            0.32 kB │ gzip: 0.24 kB
09:18:45 [vite] dist/assets/ThemeToggle.astro_astro_type_script_index_0_lang.BDHHZQnD.js       0.69 kB │ gzip: 0.36 kB
09:18:45 [vite] dist/assets/VersionDiff.astro_astro_type_script_index_0_lang.DQPfIGNm.js       0.69 kB │ gzip: 0.47 kB
09:18:45 [vite] dist/assets/SidebarPersister.astro_astro_type_script_index_0_lang.1HBmR04Y.js  0.79 kB │ gzip: 0.46 kB
09:18:45 [vite] dist/assets/Sidebar.astro_astro_type_script_index_0_lang.Dr4m1BH4.js           0.90 kB │ gzip: 0.38 kB
09:18:45 [vite] dist/assets/Navigation.astro_astro_type_script_index_0_lang.BxRkvq3w.js        0.97 kB │ gzip: 0.44 kB
09:18:45 [vite] dist/assets/TableOfContents.astro_astro_type_script_index_0_lang.ClgIWJ3a.js   1.05 kB │ gzip: 0.54 kB
09:18:45 [vite] dist/assets/Search.astro_astro_type_script_index_0_lang.M1MkIwDb.js            1.71 kB │ gzip: 0.93 kB
09:18:45 [vite] dist/assets/search-client.8T0gqxS2.js                                          1.97 kB │ gzip: 1.02 kB
09:18:45 [vite] dist/assets/GroupSidebar.astro_astro_type_script_index_0_lang.CHMaUHWQ.js      2.33 kB │ gzip: 1.05 kB
09:18:45 [vite] ✓ built in 32ms

 generating static routes 
09:18:45 ▶ src/pages/404.astro
09:18:45   └─ /404.html (+25ms) 
09:18:45 ▶ src/pages/[version]/[lang]/index.astro
09:18:45   ├─ /v3-12/en/index.html (+16ms) 
09:18:45   └─ /v3-12/ja/index.html (+9ms) 
09:18:45 ▶ src/pages/[version]/index.astro
09:18:45   └─ /v3-12/index.html (+1ms) 
09:18:45 ▶ src/pages/index.astro
09:18:45   └─ /index.html (+3ms) 
09:18:45 ▶ src/pages/[version]/[lang]/[...slug].astro
09:18:45   ├─ /v3-12/en/01-guide/01-overview/index.html (+14ms) 
09:18:45   ├─ /v3-12/en/01-guide/02-comparison/index.html (+7ms) 
09:18:45   ├─ /v3-12/en/01-guide/06-specified-lines/index.html (+6ms) 
09:18:45   ├─ /v3-12/en/01-guide/04-white-space/index.html (+7ms) 
09:18:45   ├─ /v3-12/en/01-guide/05-blank-lines/index.html (+6ms) 
09:18:45   ├─ /v3-12/en/01-guide/03-hunks/index.html (+6ms) 
09:18:45   ├─ /v3-12/en/01-guide/07-case-folding/index.html (+7ms) 
09:18:45   ├─ /v3-12/en/01-guide/08-brief/index.html (+6ms) 
09:18:45   ├─ /v3-12/en/01-guide/10-mutating-files/index.html (+6ms) 
09:18:45   ├─ /v3-12/en/01-guide/09-binary/index.html (+7ms) 
09:18:45   ├─ /v3-12/en/01-guide/100-projects/index.html (+6ms) 
09:18:45   ├─ /v3-12/en/01-guide/102-internationalization/index.html (+6ms) 
09:18:45   ├─ /v3-12/en/01-guide/103-changing-structure/index.html (+6ms) 
09:18:45   ├─ /v3-12/en/01-guide/106-timestamp-order/index.html (+6ms) 
09:18:45   ├─ /v3-12/en/01-guide/105-unusual-file-names/index.html (+6ms) 
09:18:45   ├─ /v3-12/en/01-guide/104-special-files/index.html (+6ms) 
09:18:45   ├─ /v3-12/en/01-guide/107-ignoring-changes/index.html (+6ms) 
09:18:45   ├─ /v3-12/en/01-guide/108-speedups/index.html (+5ms) 
09:18:45   ├─ /v3-12/en/01-guide/101-shortcomings/index.html (+7ms) 
09:18:45   ├─ /v3-12/en/01-guide/109-bugs/index.html (+5ms) 
09:18:45   ├─ /v3-12/en/01-guide/11-output-formats/index.html (+6ms) 
09:18:45   ├─ /v3-12/en/01-guide/12-sample-diff-input/index.html (+6ms) 
09:18:45   ├─ /v3-12/en/01-guide/13-context/index.html (+6ms) 
09:18:45   ├─ /v3-12/en/01-guide/14-context-format/index.html (+5ms) 
09:18:45   ├─ /v3-12/en/01-guide/15-example-context/index.html (+6ms) 
09:18:45   ├─ /v3-12/en/01-guide/16-less-context/index.html (+5ms) 
09:18:45   ├─ /v3-12/en/01-guide/17-detailed-context/index.html (+6ms) 
09:18:45   ├─ /v3-12/en/01-guide/18-unified-format/index.html (+6ms) 
09:18:45   ├─ /v3-12/en/01-guide/19-example-unified/index.html (+6ms) 
09:18:45   ├─ /v3-12/en/01-guide/20-detailed-unified/index.html (+6ms) 
09:18:45   ├─ /v3-12/en/01-guide/21-sections/index.html (+6ms) 
09:18:45   ├─ /v3-12/en/01-guide/22-specified-headings/index.html (+6ms) 
09:18:45   ├─ /v3-12/en/01-guide/23-c-function-headings/index.html (+6ms) 
09:18:45   ├─ /v3-12/en/01-guide/24-alternate-names/index.html (+6ms) 
09:18:45   ├─ /v3-12/en/01-guide/25-side-by-side/index.html (+5ms) 
09:18:45   ├─ /v3-12/en/01-guide/26-side-by-side-format/index.html (+6ms) 
09:18:45   ├─ /v3-12/en/01-guide/27-example-side-by-side/index.html (+6ms) 
09:18:45   ├─ /v3-12/en/01-guide/28-normal/index.html (+5ms) 
09:18:45   ├─ /v3-12/en/01-guide/29-example-normal/index.html (+6ms) 
09:18:45   ├─ /v3-12/en/01-guide/30-detailed-normal/index.html (+6ms) 
09:18:45   ├─ /v3-12/en/01-guide/31-scripts/index.html (+5ms) 
09:18:45   ├─ /v3-12/en/01-guide/32-ed-scripts/index.html (+5ms) 
09:18:45   ├─ /v3-12/en/01-guide/33-example-ed/index.html (+6ms) 
09:18:45   ├─ /v3-12/en/01-guide/34-detailed-ed/index.html (+6ms) 
09:18:45   ├─ /v3-12/en/01-guide/35-forward-ed/index.html (+6ms) 
09:18:45   ├─ /v3-12/en/01-guide/38-line-group-formats/index.html (+7ms) 
09:18:45   ├─ /v3-12/en/01-guide/36-rcs/index.html (+6ms) 
09:18:45   ├─ /v3-12/en/01-guide/37-if-then-else/index.html (+6ms) 
09:18:46   ├─ /v3-12/en/01-guide/39-line-formats/index.html (+6ms) 
09:18:46   ├─ /v3-12/en/01-guide/40-example-if-then-else/index.html (+6ms) 
09:18:46   ├─ /v3-12/en/01-guide/41-detailed-if-then-else/index.html (+5ms) 
09:18:46   ├─ /v3-12/en/01-guide/43-comparing-directories/index.html (+6ms) 
09:18:46   ├─ /v3-12/en/01-guide/42-incomplete-lines/index.html (+6ms) 
09:18:46   ├─ /v3-12/en/01-guide/44-adjusting-output/index.html (+6ms) 
09:18:46   ├─ /v3-12/en/01-guide/45-tabs/index.html (+6ms) 
09:18:46   ├─ /v3-12/en/01-guide/46-trailing-blanks/index.html (+6ms) 
09:18:46   ├─ /v3-12/en/01-guide/48-diff-performance/index.html (+6ms) 
09:18:46   ├─ /v3-12/en/01-guide/47-pagination/index.html (+7ms) 
09:18:46   ├─ /v3-12/en/01-guide/49-comparing-three-files/index.html (+6ms) 
09:18:46   ├─ /v3-12/en/01-guide/50-sample-diff3-input/index.html (+6ms) 
09:18:46   ├─ /v3-12/en/01-guide/51-example-diff3-normal/index.html (+8ms) 
09:18:46   ├─ /v3-12/en/01-guide/52-detailed-diff3-normal/index.html (+6ms) 
09:18:46   ├─ /v3-12/en/01-guide/53-diff3-hunks/index.html (+6ms) 
09:18:46   ├─ /v3-12/en/01-guide/55-which-changes/index.html (+6ms) 
09:18:46   ├─ /v3-12/en/01-guide/54-diff3-merging/index.html (+7ms) 
09:18:46   ├─ /v3-12/en/01-guide/57-bypassing-ed/index.html (+6ms) 
09:18:46   ├─ /v3-12/en/01-guide/58-merging-incomplete-lines/index.html (+7ms) 
09:18:46   ├─ /v3-12/en/01-guide/56-marking-conflicts/index.html (+6ms) 
09:18:46   ├─ /v3-12/en/01-guide/59-saving-the-changed-file/index.html (+6ms) 
09:18:46   ├─ /v3-12/en/01-guide/60-interactive-merging/index.html (+6ms) 
09:18:46   ├─ /v3-12/en/01-guide/61-sdiff-option-summary/index.html (+6ms) 
09:18:46   ├─ /v3-12/en/01-guide/62-merge-commands/index.html (+6ms) 
09:18:46   ├─ /v3-12/en/01-guide/63-merging-with-patch/index.html (+7ms) 
09:18:46   ├─ /v3-12/en/01-guide/64-patch-input/index.html (+6ms) 
09:18:46   ├─ /v3-12/en/01-guide/65-revision-control/index.html (+6ms) 
09:18:46   ├─ /v3-12/en/01-guide/66-imperfect/index.html (+7ms) 
09:18:46   ├─ /v3-12/en/01-guide/67-changed-white-space/index.html (+6ms) 
09:18:46   ├─ /v3-12/en/01-guide/68-reversed-patches/index.html (+6ms) 
09:18:46   ├─ /v3-12/en/01-guide/69-inexact/index.html (+6ms) 
09:18:46   ├─ /v3-12/en/01-guide/70-dry-runs/index.html (+6ms) 
09:18:46   ├─ /v3-12/en/01-guide/71-creating-and-removing/index.html (+6ms) 
09:18:46   ├─ /v3-12/en/01-guide/72-patching-timestamps/index.html (+6ms) 
09:18:46   ├─ /v3-12/en/01-guide/73-multiple-patches/index.html (+6ms) 
09:18:46   ├─ /v3-12/en/01-guide/74-patch-directories/index.html (+6ms) 
09:18:46   ├─ /v3-12/en/01-guide/75-backups/index.html (+6ms) 
09:18:46   ├─ /v3-12/en/01-guide/76-backup-names/index.html (+5ms) 
09:18:46   ├─ /v3-12/en/01-guide/77-reject-names/index.html (+6ms) 
09:18:46   ├─ /v3-12/en/01-guide/78-patch-messages/index.html (+6ms) 
09:18:46   ├─ /v3-12/en/01-guide/79-more-or-fewer-messages/index.html (+6ms) 
09:18:46   ├─ /v3-12/en/01-guide/80-patch-and-keyboard-input/index.html (+6ms) 
09:18:46   ├─ /v3-12/en/01-guide/81-patch-quoting-style/index.html (+6ms) 
09:18:46   ├─ /v3-12/en/01-guide/83-patch-and-tradition/index.html (+6ms) 
09:18:46   ├─ /v3-12/en/01-guide/82-patch-and-posix/index.html (+6ms) 
09:18:46   ├─ /v3-12/en/01-guide/84-making-patches/index.html (+7ms) 
09:18:46   ├─ /v3-12/en/01-guide/85-tips-for-patch-producers/index.html (+6ms) 
09:18:46   ├─ /v3-12/en/01-guide/86-tips-for-patch-consumers/index.html (+6ms) 
09:18:46   ├─ /v3-12/en/01-guide/87-avoiding-common-mistakes/index.html (+7ms) 
09:18:46   ├─ /v3-12/en/01-guide/88-generating-smaller-patches/index.html (+6ms) 
09:18:46   ├─ /v3-12/en/01-guide/89-invoking-cmp/index.html (+6ms) 
09:18:46   ├─ /v3-12/en/01-guide/90-cmp-options/index.html (+7ms) 
09:18:46   ├─ /v3-12/en/01-guide/91-invoking-diff/index.html (+6ms) 
09:18:46   ├─ /v3-12/en/01-guide/92-diff-options/index.html (+6ms) 
09:18:46   ├─ /v3-12/en/01-guide/93-invoking-diff3/index.html (+7ms) 
09:18:46   ├─ /v3-12/en/01-guide/95-invoking-patch/index.html (+5ms) 
09:18:46   ├─ /v3-12/en/01-guide/94-diff3-options/index.html (+6ms) 
09:18:46   ├─ /v3-12/en/01-guide/97-invoking-sdiff/index.html (+6ms) 
09:18:46   ├─ /v3-12/en/01-guide/96-patch-options/index.html (+5ms) 
09:18:46   ├─ /v3-12/en/01-guide/98-sdiff-options/index.html (+5ms) 
09:18:46   ├─ /v3-12/en/01-guide/99-standards-conformance/index.html (+6ms) 
09:18:46   ├─ /v3-12/en/02-reference/01-gfdl/index.html (+5ms) 
09:18:46   ├─ /v3-12/ja/01-guide/01-overview/index.html (+7ms) 
09:18:46   ├─ /v3-12/ja/01-guide/02-comparison/index.html (+6ms) 
09:18:46   ├─ /v3-12/ja/01-guide/03-hunks/index.html (+5ms) 
09:18:46   ├─ /v3-12/ja/01-guide/04-white-space/index.html (+6ms) 
09:18:46   ├─ /v3-12/ja/01-guide/05-blank-lines/index.html (+6ms) 
09:18:46   ├─ /v3-12/ja/01-guide/06-specified-lines/index.html (+5ms) 
09:18:46   ├─ /v3-12/ja/01-guide/07-case-folding/index.html (+5ms) 
09:18:46   ├─ /v3-12/ja/01-guide/08-brief/index.html (+6ms) 
09:18:46   ├─ /v3-12/ja/01-guide/09-binary/index.html (+5ms) 
09:18:46   ├─ /v3-12/ja/01-guide/10-mutating-files/index.html (+5ms) 
09:18:46   ├─ /v3-12/ja/01-guide/100-projects/index.html (+6ms) 
09:18:46   ├─ /v3-12/ja/01-guide/101-shortcomings/index.html (+5ms) 
09:18:46   ├─ /v3-12/ja/01-guide/102-internationalization/index.html (+5ms) 
09:18:46   ├─ /v3-12/ja/01-guide/103-changing-structure/index.html (+6ms) 
09:18:46   ├─ /v3-12/ja/01-guide/104-special-files/index.html (+5ms) 
09:18:46   ├─ /v3-12/ja/01-guide/105-unusual-file-names/index.html (+5ms) 
09:18:46   ├─ /v3-12/ja/01-guide/106-timestamp-order/index.html (+6ms) 
09:18:46   ├─ /v3-12/ja/01-guide/107-ignoring-changes/index.html (+5ms) 
09:18:46   ├─ /v3-12/ja/01-guide/108-speedups/index.html (+5ms) 
09:18:46   ├─ /v3-12/ja/01-guide/109-bugs/index.html (+6ms) 
09:18:46   ├─ /v3-12/ja/01-guide/11-output-formats/index.html (+5ms) 
09:18:46   ├─ /v3-12/ja/01-guide/12-sample-diff-input/index.html (+5ms) 
09:18:46   ├─ /v3-12/ja/01-guide/13-context/index.html (+6ms) 
09:18:46   ├─ /v3-12/ja/01-guide/14-context-format/index.html (+5ms) 
09:18:46   ├─ /v3-12/ja/01-guide/15-example-context/index.html (+6ms) 
09:18:46   ├─ /v3-12/ja/01-guide/16-less-context/index.html (+6ms) 
09:18:46   ├─ /v3-12/ja/01-guide/17-detailed-context/index.html (+5ms) 
09:18:46   ├─ /v3-12/ja/01-guide/18-unified-format/index.html (+5ms) 
09:18:46   ├─ /v3-12/ja/01-guide/19-example-unified/index.html (+6ms) 
09:18:46   ├─ /v3-12/ja/01-guide/20-detailed-unified/index.html (+5ms) 
09:18:46   ├─ /v3-12/ja/01-guide/21-sections/index.html (+5ms) 
09:18:46   ├─ /v3-12/ja/01-guide/22-specified-headings/index.html (+6ms) 
09:18:46   ├─ /v3-12/ja/01-guide/23-c-function-headings/index.html (+5ms) 
09:18:46   ├─ /v3-12/ja/01-guide/24-alternate-names/index.html (+5ms) 
09:18:46   ├─ /v3-12/ja/01-guide/25-side-by-side/index.html (+6ms) 
09:18:46   ├─ /v3-12/ja/01-guide/26-side-by-side-format/index.html (+5ms) 
09:18:46   ├─ /v3-12/ja/01-guide/27-example-side-by-side/index.html (+5ms) 
09:18:46   ├─ /v3-12/ja/01-guide/28-normal/index.html (+6ms) 
09:18:46   ├─ /v3-12/ja/01-guide/29-example-normal/index.html (+5ms) 
09:18:46   ├─ /v3-12/ja/01-guide/30-detailed-normal/index.html (+6ms) 
09:18:46   ├─ /v3-12/ja/01-guide/31-scripts/index.html (+6ms) 
09:18:46   ├─ /v3-12/ja/01-guide/32-ed-scripts/index.html (+6ms) 
09:18:46   ├─ /v3-12/ja/01-guide/33-example-ed/index.html (+5ms) 
09:18:46   ├─ /v3-12/ja/01-guide/34-detailed-ed/index.html (+6ms) 
09:18:46   ├─ /v3-12/ja/01-guide/35-forward-ed/index.html (+5ms) 
09:18:46   ├─ /v3-12/ja/01-guide/36-rcs/index.html (+5ms) 
09:18:46   ├─ /v3-12/ja/01-guide/37-if-then-else/index.html (+6ms) 
09:18:46   ├─ /v3-12/ja/01-guide/38-line-group-formats/index.html (+5ms) 
09:18:46   ├─ /v3-12/ja/01-guide/39-line-formats/index.html (+5ms) 
09:18:46   ├─ /v3-12/ja/01-guide/40-example-if-then-else/index.html (+6ms) 
09:18:46   ├─ /v3-12/ja/01-guide/41-detailed-if-then-else/index.html (+5ms) 
09:18:46   ├─ /v3-12/ja/01-guide/42-incomplete-lines/index.html (+5ms) 
09:18:46   ├─ /v3-12/ja/01-guide/43-comparing-directories/index.html (+6ms) 
09:18:46   ├─ /v3-12/ja/01-guide/44-adjusting-output/index.html (+5ms) 
09:18:46   ├─ /v3-12/ja/01-guide/45-tabs/index.html (+5ms) 
09:18:46   ├─ /v3-12/ja/01-guide/46-trailing-blanks/index.html (+6ms) 
09:18:46   ├─ /v3-12/ja/01-guide/47-pagination/index.html (+5ms) 
09:18:46   ├─ /v3-12/ja/01-guide/48-diff-performance/index.html (+5ms) 
09:18:46   ├─ /v3-12/ja/01-guide/49-comparing-three-files/index.html (+6ms) 
09:18:46   ├─ /v3-12/ja/01-guide/50-sample-diff3-input/index.html (+5ms) 
09:18:46   ├─ /v3-12/ja/01-guide/51-example-diff3-normal/index.html (+5ms) 
09:18:46   ├─ /v3-12/ja/01-guide/52-detailed-diff3-normal/index.html (+6ms) 
09:18:46   ├─ /v3-12/ja/01-guide/53-diff3-hunks/index.html (+5ms) 
09:18:46   ├─ /v3-12/ja/01-guide/54-diff3-merging/index.html (+5ms) 
09:18:46   ├─ /v3-12/ja/01-guide/55-which-changes/index.html (+6ms) 
09:18:46   ├─ /v3-12/ja/01-guide/56-marking-conflicts/index.html (+5ms) 
09:18:46   ├─ /v3-12/ja/01-guide/57-bypassing-ed/index.html (+5ms) 
09:18:46   ├─ /v3-12/ja/01-guide/60-interactive-merging/index.html (+6ms) 
09:18:46   ├─ /v3-12/ja/01-guide/59-saving-the-changed-file/index.html (+5ms) 
09:18:46   ├─ /v3-12/ja/01-guide/58-merging-incomplete-lines/index.html (+5ms) 
09:18:46   ├─ /v3-12/ja/01-guide/61-sdiff-option-summary/index.html (+6ms) 
09:18:46   ├─ /v3-12/ja/01-guide/62-merge-commands/index.html (+5ms) 
09:18:46   ├─ /v3-12/ja/01-guide/63-merging-with-patch/index.html (+5ms) 
09:18:46   ├─ /v3-12/ja/01-guide/64-patch-input/index.html (+6ms) 
09:18:46   ├─ /v3-12/ja/01-guide/65-revision-control/index.html (+5ms) 
09:18:46   ├─ /v3-12/ja/01-guide/66-imperfect/index.html (+5ms) 
09:18:46   ├─ /v3-12/ja/01-guide/67-changed-white-space/index.html (+6ms) 
09:18:46   ├─ /v3-12/ja/01-guide/68-reversed-patches/index.html (+5ms) 
09:18:46   ├─ /v3-12/ja/01-guide/69-inexact/index.html (+5ms) 
09:18:46   ├─ /v3-12/ja/01-guide/70-dry-runs/index.html (+6ms) 
09:18:46   ├─ /v3-12/ja/01-guide/71-creating-and-removing/index.html (+5ms) 
09:18:46   ├─ /v3-12/ja/01-guide/72-patching-timestamps/index.html (+5ms) 
09:18:46   ├─ /v3-12/ja/01-guide/73-multiple-patches/index.html (+6ms) 
09:18:46   ├─ /v3-12/ja/01-guide/74-patch-directories/index.html (+5ms) 
09:18:46   ├─ /v3-12/ja/01-guide/75-backups/index.html (+5ms) 
09:18:46   ├─ /v3-12/ja/01-guide/76-backup-names/index.html (+6ms) 
09:18:46   ├─ /v3-12/ja/01-guide/77-reject-names/index.html (+5ms) 
09:18:46   ├─ /v3-12/ja/01-guide/78-patch-messages/index.html (+5ms) 
09:18:46   ├─ /v3-12/ja/01-guide/79-more-or-fewer-messages/index.html (+6ms) 
09:18:46   ├─ /v3-12/ja/01-guide/80-patch-and-keyboard-input/index.html (+6ms) 
09:18:46   ├─ /v3-12/ja/01-guide/81-patch-quoting-style/index.html (+5ms) 
09:18:46   ├─ /v3-12/ja/01-guide/82-patch-and-posix/index.html (+6ms) 
09:18:46   ├─ /v3-12/ja/01-guide/84-making-patches/index.html (+5ms) 
09:18:46   ├─ /v3-12/ja/01-guide/83-patch-and-tradition/index.html (+5ms) 
09:18:46   ├─ /v3-12/ja/01-guide/85-tips-for-patch-producers/index.html (+6ms) 
09:18:46   ├─ /v3-12/ja/01-guide/86-tips-for-patch-consumers/index.html (+5ms) 
09:18:46   ├─ /v3-12/ja/01-guide/87-avoiding-common-mistakes/index.html (+5ms) 
09:18:46   ├─ /v3-12/ja/01-guide/89-invoking-cmp/index.html (+6ms) 
09:18:46   ├─ /v3-12/ja/01-guide/90-cmp-options/index.html (+5ms) 
09:18:46   ├─ /v3-12/ja/01-guide/91-invoking-diff/index.html (+5ms) 
09:18:46   ├─ /v3-12/ja/01-guide/92-diff-options/index.html (+6ms) 
09:18:46   ├─ /v3-12/ja/01-guide/94-diff3-options/index.html (+5ms) 
09:18:46   ├─ /v3-12/ja/01-guide/88-generating-smaller-patches/index.html (+5ms) 
09:18:46   ├─ /v3-12/ja/01-guide/93-invoking-diff3/index.html (+6ms) 
09:18:46   ├─ /v3-12/ja/01-guide/95-invoking-patch/index.html (+5ms) 
09:18:46   ├─ /v3-12/ja/01-guide/96-patch-options/index.html (+5ms) 
09:18:46   ├─ /v3-12/ja/01-guide/97-invoking-sdiff/index.html (+6ms) 
09:18:46   ├─ /v3-12/ja/01-guide/98-sdiff-options/index.html (+5ms) 
09:18:46   └─ /v3-12/ja/01-guide/99-standards-conformance/index.html (+5ms) 
09:18:46 ✓ Completed in 1.35s.

09:18:46 [build] 224 page(s) built in 3.29s
09:18:46 [build] Complete!
