
> libx@ build:selective /private/tmp/libx-diffutils-chapters16-18-formal-948
> node scripts/build-selective.js --projects\=gnu-diffutils\,landing --reuse

【情報】gnu-diffutils: 入力と出力を照合し、検証済み成果物を再利用します
【情報】landing: 再生成します (検証済み成果物目録がありません。再ビルドしてください: landing)
【情報】landing をビルドしています...

> sites-landing@0.0.1 build /private/tmp/libx-diffutils-chapters16-18-formal-948/sites/landing
> astro build

09:04:01 [vite] Re-optimizing dependencies because vite config has changed
09:04:02 [content] Syncing content
09:04:02 [content] Synced content
09:04:02 [types] Generated 137ms
09:04:02 [build] output: "static"
09:04:02 [build] mode: "static"
09:04:02 [build] directory: /private/tmp/libx-diffutils-chapters16-18-formal-948/sites/landing/dist/
09:04:02 [build] Collecting build info...
09:04:02 [build] ✓ Completed in 151ms.
09:04:02 [build] Building static entrypoints...
09:04:02 [vite] ✓ built in 872ms
09:04:02 [build] ✓ Completed in 890ms.

 building client (vite) 
09:04:03 [vite] transforming...
09:04:03 [vite] ✓ 11 modules transformed.
09:04:03 [vite] rendering chunks...
09:04:03 [vite] computing gzip size...
09:04:03 [vite] dist/assets/Banner.astro_astro_type_script_index_0_lang.JXV-v118.js            0.32 kB │ gzip: 0.24 kB
09:04:03 [vite] dist/assets/ThemeToggle.astro_astro_type_script_index_0_lang.BDHHZQnD.js       0.69 kB │ gzip: 0.36 kB
09:04:03 [vite] dist/assets/SidebarPersister.astro_astro_type_script_index_0_lang.1HBmR04Y.js  0.79 kB │ gzip: 0.46 kB
09:04:03 [vite] dist/assets/Sidebar.astro_astro_type_script_index_0_lang.Dr4m1BH4.js           0.90 kB │ gzip: 0.38 kB
09:04:03 [vite] dist/assets/Navigation.astro_astro_type_script_index_0_lang.BxRkvq3w.js        0.97 kB │ gzip: 0.44 kB
09:04:03 [vite] dist/assets/TableOfContents.astro_astro_type_script_index_0_lang.ClgIWJ3a.js   1.05 kB │ gzip: 0.54 kB
09:04:03 [vite] dist/assets/Search.astro_astro_type_script_index_0_lang.DfbPoSz4.js            1.70 kB │ gzip: 0.91 kB
09:04:03 [vite] dist/assets/search-client.8T0gqxS2.js                                          1.97 kB │ gzip: 1.02 kB
09:04:03 [vite] dist/assets/GroupSidebar.astro_astro_type_script_index_0_lang.CHMaUHWQ.js      2.33 kB │ gzip: 1.05 kB
09:04:03 [vite] ✓ built in 33ms

 generating static routes 
09:04:03 ▶ src/pages/404.astro
09:04:03   └─ /404.html (+992ms) 
09:04:04 ▶ src/pages/[lang]/index.astro
09:04:04   ├─ /en/index.html (+9ms) 
09:04:04   ├─ /ja/index.html (+6ms) 
09:04:04   ├─ /zh-Hans/index.html (+6ms) 
09:04:04   ├─ /zh-Hant/index.html (+6ms) 
09:04:04   ├─ /es/index.html (+5ms) 
09:04:04   ├─ /pt-BR/index.html (+6ms) 
09:04:04   ├─ /ko/index.html (+5ms) 
09:04:04   ├─ /de/index.html (+7ms) 
09:04:04   ├─ /fr/index.html (+6ms) 
09:04:04   ├─ /ru/index.html (+5ms) 
09:04:04   ├─ /ar/index.html (+4ms) 
09:04:04   ├─ /id/index.html (+6ms) 
09:04:04   ├─ /tr/index.html (+6ms) 
09:04:04   ├─ /hi/index.html (+5ms) 
09:04:04   └─ /vi/index.html (+5ms) 
09:04:04 ▶ src/pages/index.astro
09:04:04   └─ /index.html (+0ms) 
09:04:04 ✓ Completed in 1.09s.

09:04:04 [build] 16 page(s) built in 2.17s
09:04:04 [build] Complete!
【情報】選択的統合ビルド: {"selected":["gnu-diffutils","landing"],"built":["landing"],"reused":["gnu-diffutils"],"groups":[],"removedJavaScriptFiles":27}
