
> apps-gnu-sed@0.0.1 prebuild /private/tmp/libx-sed-chapter4-formal-950/apps/gnu-sed
> libx-docs-prepare --projects=gnu-sed

【情報】選択的サイドバー生成を開始します...
【情報】指定されたプロジェクト: gnu-sed
【情報】プロジェクト gnu-sed の処理を開始します...
  - en/v4-10 のサイドバーを生成中...
  - JSONファイルを保存しました: /private/tmp/libx-sed-chapter4-formal-950/apps/gnu-sed/public/sidebar.prepared-34875/sidebar-en-v4-10.json
  - ja/v4-10 のサイドバーを生成中...
  - JSONファイルを保存しました: /private/tmp/libx-sed-chapter4-formal-950/apps/gnu-sed/public/sidebar.prepared-34875/sidebar-ja-v4-10.json
【情報】選択的サイドバー生成が完了しました
【情報】処理したプロジェクト: gnu-sed
検索索引 v4-10/en: 19ページ、86385 bytes
検索索引 v4-10/ja: 18ページ、74320 bytes
検索索引生成: 2件、100ms

> apps-gnu-sed@0.0.1 build /private/tmp/libx-sed-chapter4-formal-950/apps/gnu-sed
> astro build

09:37:40 [content] Syncing content
09:37:40 [content] Synced content
09:37:40 [types] Generated 264ms
09:37:40 [build] output: "static"
09:37:40 [build] mode: "static"
09:37:40 [build] directory: /private/tmp/libx-sed-chapter4-formal-950/apps/gnu-sed/dist/
09:37:40 [build] Collecting build info...
09:37:40 [build] ✓ Completed in 281ms.
09:37:40 [build] Building static entrypoints...
09:37:41 [vite] ✓ built in 1.19s
09:37:41 [build] ✓ Completed in 1.21s.

 building client (vite) 
09:37:41 [vite] transforming...
09:37:41 [vite] ✓ 14 modules transformed.
09:37:41 [vite] rendering chunks...
09:37:41 [vite] computing gzip size...
09:37:41 [vite] dist/assets/DocLayout.astro_astro_type_script_index_0_lang.SnA9FtQP.js         0.06 kB │ gzip: 0.08 kB
09:37:41 [vite] dist/assets/MainLayout.astro_astro_type_script_index_0_lang.BSQScBZF.js        0.16 kB │ gzip: 0.15 kB
09:37:41 [vite] dist/assets/Banner.astro_astro_type_script_index_0_lang.JXV-v118.js            0.32 kB │ gzip: 0.24 kB
09:37:41 [vite] dist/assets/ThemeToggle.astro_astro_type_script_index_0_lang.BDHHZQnD.js       0.69 kB │ gzip: 0.36 kB
09:37:41 [vite] dist/assets/VersionDiff.astro_astro_type_script_index_0_lang.DQPfIGNm.js       0.69 kB │ gzip: 0.47 kB
09:37:41 [vite] dist/assets/SidebarPersister.astro_astro_type_script_index_0_lang.1HBmR04Y.js  0.79 kB │ gzip: 0.46 kB
09:37:41 [vite] dist/assets/Sidebar.astro_astro_type_script_index_0_lang.Dr4m1BH4.js           0.90 kB │ gzip: 0.38 kB
09:37:41 [vite] dist/assets/Navigation.astro_astro_type_script_index_0_lang.BxRkvq3w.js        0.97 kB │ gzip: 0.44 kB
09:37:41 [vite] dist/assets/TableOfContents.astro_astro_type_script_index_0_lang.ClgIWJ3a.js   1.05 kB │ gzip: 0.54 kB
09:37:41 [vite] dist/assets/Search.astro_astro_type_script_index_0_lang.BCjqIuiE.js            1.71 kB │ gzip: 0.92 kB
09:37:41 [vite] dist/assets/search-client.8T0gqxS2.js                                          1.97 kB │ gzip: 1.02 kB
09:37:41 [vite] dist/assets/GroupSidebar.astro_astro_type_script_index_0_lang.CHMaUHWQ.js      2.33 kB │ gzip: 1.05 kB
09:37:41 [vite] ✓ built in 39ms

 generating static routes 
09:37:41 ▶ src/pages/404.astro
09:37:41   └─ /404.html (+17ms) 
09:37:41 ▶ src/pages/[version]/[lang]/index.astro
09:37:41   ├─ /v4-10/en/index.html (+6ms) 
09:37:41   └─ /v4-10/ja/index.html (+4ms) 
09:37:41 ▶ src/pages/[version]/index.astro
09:37:41   └─ /v4-10/index.html (+1ms) 
09:37:41 ▶ src/pages/index.astro
09:37:41   └─ /index.html (+1ms) 
09:37:41 ▶ src/pages/[version]/[lang]/[...slug].astro
09:37:41   ├─ /v4-10/en/01-guide/01-introduction/index.html (+8ms) 
09:37:41   ├─ /v4-10/en/01-guide/04-exit-status/index.html (+5ms) 
09:37:41   ├─ /v4-10/en/01-guide/02-overview/index.html (+4ms) 
09:37:41   ├─ /v4-10/en/01-guide/03-command-line-options/index.html (+9ms) 
09:37:41   ├─ /v4-10/en/01-guide/05-script-overview/index.html (+5ms) 
09:37:41   ├─ /v4-10/en/01-guide/08-often-used-commands/index.html (+3ms) 
09:37:41   ├─ /v4-10/en/01-guide/09-less-frequent-commands/index.html (+4ms) 
09:37:41   ├─ /v4-10/en/01-guide/07-substitution/index.html (+3ms) 
09:37:41   ├─ /v4-10/en/01-guide/06-command-summary/index.html (+3ms) 
09:37:41   ├─ /v4-10/en/01-guide/10-guru-commands/index.html (+3ms) 
09:37:41   ├─ /v4-10/en/01-guide/13-sed-addresses/index.html (+3ms) 
09:37:41   ├─ /v4-10/en/01-guide/11-gnu-commands/index.html (+3ms) 
09:37:41   ├─ /v4-10/en/01-guide/12-multiple-commands/index.html (+3ms) 
09:37:41   ├─ /v4-10/en/01-guide/15-numeric-addresses/index.html (+3ms) 
09:37:41   ├─ /v4-10/en/01-guide/14-addresses-overview/index.html (+6ms) 
09:37:41   ├─ /v4-10/en/01-guide/17-range-addresses/index.html (+5ms) 
09:37:41   ├─ /v4-10/en/01-guide/16-regexp-addresses/index.html (+3ms) 
09:37:41   ├─ /v4-10/en/01-guide/18-zero-address/index.html (+3ms) 
09:37:41   ├─ /v4-10/en/02-reference/01-gfdl/index.html (+2ms) 
09:37:41   ├─ /v4-10/ja/01-guide/01-introduction/index.html (+3ms) 
09:37:41   ├─ /v4-10/ja/01-guide/02-overview/index.html (+3ms) 
09:37:41   ├─ /v4-10/ja/01-guide/03-command-line-options/index.html (+5ms) 
09:37:41   ├─ /v4-10/ja/01-guide/04-exit-status/index.html (+3ms) 
09:37:41   ├─ /v4-10/ja/01-guide/05-script-overview/index.html (+4ms) 
09:37:41   ├─ /v4-10/ja/01-guide/06-command-summary/index.html (+3ms) 
09:37:41   ├─ /v4-10/ja/01-guide/07-substitution/index.html (+3ms) 
09:37:41   ├─ /v4-10/ja/01-guide/08-often-used-commands/index.html (+4ms) 
09:37:41   ├─ /v4-10/ja/01-guide/09-less-frequent-commands/index.html (+3ms) 
09:37:41   ├─ /v4-10/ja/01-guide/10-guru-commands/index.html (+4ms) 
09:37:41   ├─ /v4-10/ja/01-guide/11-gnu-commands/index.html (+4ms) 
09:37:41   ├─ /v4-10/ja/01-guide/13-sed-addresses/index.html (+4ms) 
09:37:41   ├─ /v4-10/ja/01-guide/12-multiple-commands/index.html (+3ms) 
09:37:41   ├─ /v4-10/ja/01-guide/14-addresses-overview/index.html (+3ms) 
09:37:41   ├─ /v4-10/ja/01-guide/17-range-addresses/index.html (+3ms) 
09:37:41   ├─ /v4-10/ja/01-guide/16-regexp-addresses/index.html (+3ms) 
09:37:41   ├─ /v4-10/ja/01-guide/15-numeric-addresses/index.html (+3ms) 
09:37:41   └─ /v4-10/ja/01-guide/18-zero-address/index.html (+2ms) 
09:37:41 ✓ Completed in 182ms.

09:37:41 [build] 42 page(s) built in 1.74s
09:37:41 [build] Complete!
