Scope: all 10 workspace projects
Lockfile is up to date, resolution step is skipped
Progress: resolved 1, reused 0, downloaded 0, added 0
Packages: +754
++++++++++++++++++++++++++++++++++++++++++++++++++++++++++++++++++++++++++++++++
Progress: resolved 754, reused 750, downloaded 0, added 282
Progress: resolved 754, reused 750, downloaded 0, added 551
Progress: resolved 754, reused 750, downloaded 0, added 753
Progress: resolved 754, reused 750, downloaded 0, added 754, done

dependencies:
+ ajv 8.17.1
+ ajv-formats 3.0.1
+ glob 11.0.2
+ gray-matter 4.0.3

devDependencies:
+ @astrojs/starlight 0.34.8
+ @types/node 20.19.25
+ @typescript-eslint/eslint-plugin 6.21.0
+ @typescript-eslint/parser 6.21.0
+ astro 5.7.12
+ astro-eslint-parser 0.16.3
+ chrome-launcher 1.2.1
+ eslint 8.57.1
+ eslint-config-prettier 9.1.2
+ eslint-plugin-astro 0.29.1
+ lighthouse 12.8.2
+ parse5 7.3.0
+ prettier 3.5.3
+ prettier-plugin-astro 0.14.1
+ remark-gfm 4.0.1
+ remark-mdx 3.1.0
+ remark-parse 11.0.0
+ typescript 5.8.3
+ unified 11.0.5
+ unist-util-visit 5.0.0
+ wrangler 4.60.0

Done in 3.5s using pnpm v10.10.0
