
> libx@ build:selective /private/tmp/libx-sed-chapter4-formal-950
> node scripts/build-selective.js --projects\=gnu-sed\,landing --reuse

【情報】gnu-sed: 入力と出力を照合し、検証済み成果物を再利用します
【情報】landing: 再生成します (検証済み成果物目録がありません。再ビルドしてください: landing)
【情報】landing をビルドしています...

> sites-landing@0.0.1 build /private/tmp/libx-sed-chapter4-formal-950/sites/landing
> astro build

10:03:00 [vite] Re-optimizing dependencies because vite config has changed
10:03:00 [content] Syncing content
10:03:00 [content] Synced content
10:03:00 [types] Generated 130ms
10:03:00 [build] output: "static"
10:03:00 [build] mode: "static"
10:03:00 [build] directory: /private/tmp/libx-sed-chapter4-formal-950/sites/landing/dist/
10:03:00 [build] Collecting build info...
10:03:00 [build] ✓ Completed in 144ms.
10:03:00 [build] Building static entrypoints...
10:03:01 [vite] ✓ built in 914ms
10:03:01 [build] ✓ Completed in 934ms.

 building client (vite) 
10:03:01 [vite] transforming...
10:03:01 [vite] ✓ 11 modules transformed.
10:03:01 [vite] rendering chunks...
10:03:01 [vite] computing gzip size...
10:03:01 [vite] dist/assets/Banner.astro_astro_type_script_index_0_lang.JXV-v118.js            0.32 kB │ gzip: 0.24 kB
10:03:01 [vite] dist/assets/ThemeToggle.astro_astro_type_script_index_0_lang.BDHHZQnD.js       0.69 kB │ gzip: 0.36 kB
10:03:01 [vite] dist/assets/SidebarPersister.astro_astro_type_script_index_0_lang.1HBmR04Y.js  0.79 kB │ gzip: 0.46 kB
10:03:01 [vite] dist/assets/Sidebar.astro_astro_type_script_index_0_lang.Dr4m1BH4.js           0.90 kB │ gzip: 0.38 kB
10:03:01 [vite] dist/assets/Navigation.astro_astro_type_script_index_0_lang.BxRkvq3w.js        0.97 kB │ gzip: 0.44 kB
10:03:01 [vite] dist/assets/TableOfContents.astro_astro_type_script_index_0_lang.ClgIWJ3a.js   1.05 kB │ gzip: 0.54 kB
10:03:01 [vite] dist/assets/Search.astro_astro_type_script_index_0_lang.DfbPoSz4.js            1.70 kB │ gzip: 0.91 kB
10:03:01 [vite] dist/assets/search-client.8T0gqxS2.js                                          1.97 kB │ gzip: 1.02 kB
10:03:01 [vite] dist/assets/GroupSidebar.astro_astro_type_script_index_0_lang.CHMaUHWQ.js      2.33 kB │ gzip: 1.05 kB
10:03:01 [vite] ✓ built in 32ms

 generating static routes 
10:03:01 ▶ src/pages/404.astro
10:03:01   └─ /404.html (+1.07s) 
10:03:02 ▶ src/pages/[lang]/index.astro
10:03:02   ├─ /en/index.html (+8ms) 
10:03:02   ├─ /ja/index.html (+6ms) 
10:03:02   ├─ /zh-Hans/index.html (+6ms) 
10:03:02   ├─ /zh-Hant/index.html (+6ms) 
10:03:02   ├─ /es/index.html (+6ms) 
10:03:02   ├─ /pt-BR/index.html (+6ms) 
10:03:02   ├─ /ko/index.html (+6ms) 
10:03:02   ├─ /de/index.html (+7ms) 
10:03:02   ├─ /fr/index.html (+5ms) 
10:03:02   ├─ /ru/index.html (+5ms) 
10:03:02   ├─ /ar/index.html (+5ms) 
10:03:02   ├─ /id/index.html (+6ms) 
10:03:02   ├─ /tr/index.html (+6ms) 
10:03:02   ├─ /hi/index.html (+5ms) 
10:03:02   └─ /vi/index.html (+5ms) 
10:03:02 ▶ src/pages/index.astro
10:03:02   └─ /index.html (+1ms) 
10:03:02 ✓ Completed in 1.17s.

10:03:02 [build] 16 page(s) built in 2.28s
10:03:02 [build] Complete!
【情報】選択的統合ビルド: {"selected":["gnu-sed","landing"],"built":["landing"],"reused":["gnu-sed"],"groups":[],"removedJavaScriptFiles":27}
