node:internal/modules/run_main:107
    triggerUncaughtException(
    ^

AssertionError [ERR_ASSERTION]: 修復範囲が承認済み対応表から変わりました
+ actual - expected
... Skipped lines

  [
    {
      declaration: '\n' +
        'template <typename... T>\n' +
        'void print(FILE* f, format_string<T...> fmt, T&&... args);\n',
...
        'template <typename It, typename Sentinel>\n' +
+       'join_view<It, Sentinel> join(It begin, Sentinel end, string_view sep);\n',
-       'join_view join(It begin, Sentinel end, string_view sep);\n',
      from: 'join',
      kind: 'id',
      page: 'api',
      to: 'join-overload-2'
    },
...
        'template <typename T>\n' +
+       'join_view<const T*, const T*> join(std::initializer_list<T> list, string_view sep);\n',
-       'join_view join(std::initializer_list<T> list, string_view sep);\n',
      from: 'join',
      kind: 'id',
      page: 'api',
      to: 'join-overload-3'
    },

    at repairArticle (file:///private/tmp/libx-fmt-import-20261002/scripts/importers/import-fmt-12.2.0.mjs:104:10)
    at file:///private/tmp/libx-fmt-import-20261002/scripts/importers/import-fmt-12.2.0.mjs:125:9
    at Array.map (<anonymous>)
    at generateCanonicalPages (file:///private/tmp/libx-fmt-import-20261002/scripts/importers/import-fmt-12.2.0.mjs:115:21)
    at importFmt (file:///private/tmp/libx-fmt-import-20261002/scripts/importers/import-fmt-12.2.0.mjs:172:17)
    at file:///private/tmp/libx-fmt-import-20261002/scripts/importers/import-fmt-12.2.0.mjs:190:19
    at ModuleJob.run (node:internal/modules/esm/module_job:439:25)
    at async node:internal/modules/esm/loader:643:26
    at async asyncRunEntryPointWithESMLoader (node:internal/modules/run_main:101:5) {
  generatedMessage: false,
  code: 'ERR_ASSERTION',
  actual: [
    {
      page: 'api',
      kind: 'id',
      from: 'print',
      to: 'print-overload-2',
      declaration: '\n' +
        'template <typename... T>\n' +
        'void print(FILE* f, format_string<T...> fmt, T&&... args);\n'
    },
    {
      page: 'api',
      kind: 'id',
      from: 'println',
      to: 'println-overload-2',
      declaration: '\n' +
        'template <typename... T>\n' +
        'void println(FILE* f, format_string<T...> fmt, T&&... args);\n'
    },
    {
      page: 'api',
      kind: 'id',
      from: 'format',
      to: 'format-overload-2',
      declaration: '\n' +
        'template <typename... T>\n' +
        'std::string format(format_string<T...> fmt, T&&... args);\n'
    },
    {
      page: 'api',
      kind: 'id',
      from: 'operator',
      to: 'operator-literal-a',
      declaration: '\ntemplate <detail::fixed_string S>\nauto operator""_a();\n'
    },
    {
      page: 'api',
      kind: 'id',
      from: 'format',
      to: 'format-overload-3',
      declaration: '\n' +
        'template <typename... T>\n' +
        'std::string format(locale_ref loc, format_string<T...> fmt, T&&... args);\n'
    },
    {
      page: 'api',
      kind: 'id',
      from: 'format_to',
      to: 'format_to-overload-2',
      declaration: '\n' +
        'template <typename OutputIt, typename... T>\n' +
        'OutputIt format_to(OutputIt out, locale_ref loc, format_string<T...> fmt, T&&... args);\n'
    },
    {
      page: 'api',
      kind: 'id',
      from: 'formatted_size',
      to: 'formatted_size-overload-2',
      declaration: '\n' +
        'template <typename... T>\n' +
        'size_t formatted_size(locale_ref loc, format_string<T...> fmt, T&&... args);\n'
    },
    {
      page: 'api',
      kind: 'id',
      from: 'join',
      to: 'join-overload-2',
      declaration: '\n' +
        'template <typename It, typename Sentinel>\n' +
        'join_view<It, Sentinel> join(It begin, Sentinel end, string_view sep);\n'
    },
    {
      page: 'api',
      kind: 'id',
      from: 'join',
      to: 'join-overload-3',
      declaration: '\n' +
        'template <typename T>\n' +
        'join_view<const T*, const T*> join(std::initializer_list<T> list, string_view sep);\n'
    },
    {
      page: 'api',
      kind: 'href',
      from: '../syntax/#chrono-format-specifications',
      to: '../syntax/#chrono-format-spec',
      reason: 'Existing fixed syntax.md anchor at294'
    },
    {
      page: 'api',
      kind: 'id',
      from: 'ptr',
      to: 'ptr-overload-2',
      declaration: '\n' +
        'template <typename T, typename Deleter>\n' +
        'const void* ptr(const std::unique_ptr<T, Deleter>& p);\n'
    },
    {
      page: 'api',
      kind: 'id',
      from: 'ptr',
      to: 'ptr-overload-3',
      declaration: '\ntemplate <typename T>\nconst void* ptr(const std::shared_ptr<T>& p);\n'
    },
    {
      page: 'api',
      kind: 'id',
      from: 'operator',
      to: 'operator-literal-cf',
      declaration: '\ntemplate <detail::fixed_string Str>\nauto operator""_cf();\n'
    },
    {
      page: 'api',
      kind: 'id',
      from: 'print',
      to: 'print-overload-3',
      declaration: '\n' +
        'template <typename... T>\n' +
        'void print(text_style ts, format_string<T...> fmt, T&&... args);\n'
    },
    {
      page: 'api',
      kind: 'href',
      from: 'file::WRONLY',
      to: 'https://github.com/fmtlib/fmt/blob/1be298e1bd68957e4cd352e1f676f00e07dcfb57/include/fmt/os.h#L235',
      reason: 'Official fixed header enumerator',
      sourceLine: '    WRONLY = FMT_POSIX(O_WRONLY),  // Open for writing only.'
    },
    {
      page: 'api',
      kind: 'href',
      from: 'file::CREATE',
      to: 'https://github.com/fmtlib/fmt/blob/1be298e1bd68957e4cd352e1f676f00e07dcfb57/include/fmt/os.h#L237',
      reason: 'Official fixed header enumerator',
      sourceLine: "    CREATE = FMT_POSIX(O_CREAT),   // Create if the file doesn't exist."
    },
    {
      page: 'api',
      kind: 'href',
      from: 'file::TRUNC',
      to: 'https://github.com/fmtlib/fmt/blob/1be298e1bd68957e4cd352e1f676f00e07dcfb57/include/fmt/os.h#L239',
      reason: 'Official fixed header enumerator',
      sourceLine: '    TRUNC = FMT_POSIX(O_TRUNC)     // Truncate the content of the file.'
    },
    {
      page: 'api',
      kind: 'id',
      from: 'print',
      to: 'print-overload-4',
      declaration: '\n' +
        'template <typename... T>\n' +
        'void print(std::ostream& os, format_string<T...> fmt, T&&... args);\n'
    }
  ],
  expected: [
    {
      page: 'api',
      kind: 'id',
      from: 'print',
      to: 'print-overload-2',
      declaration: '\n' +
        'template <typename... T>\n' +
        'void print(FILE* f, format_string<T...> fmt, T&&... args);\n'
    },
    {
      page: 'api',
      kind: 'id',
      from: 'println',
      to: 'println-overload-2',
      declaration: '\n' +
        'template <typename... T>\n' +
        'void println(FILE* f, format_string<T...> fmt, T&&... args);\n'
    },
    {
      page: 'api',
      kind: 'id',
      from: 'format',
      to: 'format-overload-2',
      declaration: '\n' +
        'template <typename... T>\n' +
        'std::string format(format_string<T...> fmt, T&&... args);\n'
    },
    {
      page: 'api',
      kind: 'id',
      from: 'operator',
      to: 'operator-literal-a',
      declaration: '\ntemplate <detail::fixed_string S>\nauto operator""_a();\n'
    },
    {
      page: 'api',
      kind: 'id',
      from: 'format',
      to: 'format-overload-3',
      declaration: '\n' +
        'template <typename... T>\n' +
        'std::string format(locale_ref loc, format_string<T...> fmt, T&&... args);\n'
    },
    {
      page: 'api',
      kind: 'id',
      from: 'format_to',
      to: 'format_to-overload-2',
      declaration: '\n' +
        'template <typename OutputIt, typename... T>\n' +
        'OutputIt format_to(OutputIt out, locale_ref loc, format_string<T...> fmt, T&&... args);\n'
    },
    {
      page: 'api',
      kind: 'id',
      from: 'formatted_size',
      to: 'formatted_size-overload-2',
      declaration: '\n' +
        'template <typename... T>\n' +
        'size_t formatted_size(locale_ref loc, format_string<T...> fmt, T&&... args);\n'
    },
    {
      page: 'api',
      kind: 'id',
      from: 'join',
      to: 'join-overload-2',
      declaration: '\n' +
        'template <typename It, typename Sentinel>\n' +
        'join_view join(It begin, Sentinel end, string_view sep);\n'
    },
    {
      page: 'api',
      kind: 'id',
      from: 'join',
      to: 'join-overload-3',
      declaration: '\n' +
        'template <typename T>\n' +
        'join_view join(std::initializer_list<T> list, string_view sep);\n'
    },
    {
      page: 'api',
      kind: 'href',
      from: '../syntax/#chrono-format-specifications',
      to: '../syntax/#chrono-format-spec',
      reason: 'Existing fixed syntax.md anchor at294'
    },
    {
      page: 'api',
      kind: 'id',
      from: 'ptr',
      to: 'ptr-overload-2',
      declaration: '\n' +
        'template <typename T, typename Deleter>\n' +
        'const void* ptr(const std::unique_ptr<T, Deleter>& p);\n'
    },
    {
      page: 'api',
      kind: 'id',
      from: 'ptr',
      to: 'ptr-overload-3',
      declaration: '\ntemplate <typename T>\nconst void* ptr(const std::shared_ptr<T>& p);\n'
    },
    {
      page: 'api',
      kind: 'id',
      from: 'operator',
      to: 'operator-literal-cf',
      declaration: '\ntemplate <detail::fixed_string Str>\nauto operator""_cf();\n'
    },
    {
      page: 'api',
      kind: 'id',
      from: 'print',
      to: 'print-overload-3',
      declaration: '\n' +
        'template <typename... T>\n' +
        'void print(text_style ts, format_string<T...> fmt, T&&... args);\n'
    },
    {
      page: 'api',
      kind: 'href',
      from: 'file::WRONLY',
      to: 'https://github.com/fmtlib/fmt/blob/1be298e1bd68957e4cd352e1f676f00e07dcfb57/include/fmt/os.h#L235',
      reason: 'Official fixed header enumerator',
      sourceLine: '    WRONLY = FMT_POSIX(O_WRONLY),  // Open for writing only.'
    },
    {
      page: 'api',
      kind: 'href',
      from: 'file::CREATE',
      to: 'https://github.com/fmtlib/fmt/blob/1be298e1bd68957e4cd352e1f676f00e07dcfb57/include/fmt/os.h#L237',
      reason: 'Official fixed header enumerator',
      sourceLine: "    CREATE = FMT_POSIX(O_CREAT),   // Create if the file doesn't exist."
    },
    {
      page: 'api',
      kind: 'href',
      from: 'file::TRUNC',
      to: 'https://github.com/fmtlib/fmt/blob/1be298e1bd68957e4cd352e1f676f00e07dcfb57/include/fmt/os.h#L239',
      reason: 'Official fixed header enumerator',
      sourceLine: '    TRUNC = FMT_POSIX(O_TRUNC)     // Truncate the content of the file.'
    },
    {
      page: 'api',
      kind: 'id',
      from: 'print',
      to: 'print-overload-4',
      declaration: '\n' +
        'template <typename... T>\n' +
        'void print(std::ostream& os, format_string<T...> fmt, T&&... args);\n'
    }
  ],
  operator: 'deepStrictEqual',
  diff: 'simple'
}

Node.js v24.19.0
