
> apps-gnu-gzip@0.0.1 prebuild /private/tmp/libx-gnu-gzip-formal-923/apps/gnu-gzip
> libx-docs-prepare --projects=gnu-gzip

【情報】選択的サイドバー生成を開始します...
【情報】指定されたプロジェクト: gnu-gzip
【情報】プロジェクト gnu-gzip の処理を開始します...
  - en/v1-15 のサイドバーを生成中...
  - JSONファイルを保存しました: /private/tmp/libx-gnu-gzip-formal-923/apps/gnu-gzip/public/sidebar.prepared-93008/sidebar-en-v1-15.json
  - ja/v1-15 のサイドバーを生成中...
  - JSONファイルを保存しました: /private/tmp/libx-gnu-gzip-formal-923/apps/gnu-gzip/public/sidebar.prepared-93008/sidebar-ja-v1-15.json
【情報】選択的サイドバー生成が完了しました
【情報】処理したプロジェクト: gnu-gzip
検索索引 v1-15/en: 9ページ、43349 bytes
検索索引 v1-15/ja: 8ページ、24254 bytes
検索索引生成: 2件、49ms

> apps-gnu-gzip@0.0.1 build /private/tmp/libx-gnu-gzip-formal-923/apps/gnu-gzip
> astro build

21:33:59 [vite] Re-optimizing dependencies because vite config has changed
21:33:59 [content] Syncing content
21:33:59 [content] Synced content
21:33:59 [types] Generated 287ms
21:33:59 [build] output: "static"
21:33:59 [build] mode: "static"
21:33:59 [build] directory: /private/tmp/libx-gnu-gzip-formal-923/apps/gnu-gzip/dist/
21:33:59 [build] Collecting build info...
21:33:59 [build] ✓ Completed in 302ms.
21:33:59 [build] Building static entrypoints...
21:34:00 [vite] ✓ built in 1.02s
21:34:00 [build] ✓ Completed in 1.04s.

 building client (vite) 
21:34:00 [vite] transforming...
21:34:00 [vite] ✓ 14 modules transformed.
21:34:00 [vite] rendering chunks...
21:34:00 [vite] computing gzip size...
21:34:00 [vite] dist/assets/DocLayout.astro_astro_type_script_index_0_lang.SnA9FtQP.js         0.06 kB │ gzip: 0.08 kB
21:34:00 [vite] dist/assets/MainLayout.astro_astro_type_script_index_0_lang.CphobCdj.js        0.16 kB │ gzip: 0.15 kB
21:34:00 [vite] dist/assets/Banner.astro_astro_type_script_index_0_lang.JXV-v118.js            0.32 kB │ gzip: 0.24 kB
21:34:00 [vite] dist/assets/ThemeToggle.astro_astro_type_script_index_0_lang.BDHHZQnD.js       0.69 kB │ gzip: 0.36 kB
21:34:00 [vite] dist/assets/VersionDiff.astro_astro_type_script_index_0_lang.DQPfIGNm.js       0.69 kB │ gzip: 0.47 kB
21:34:00 [vite] dist/assets/SidebarPersister.astro_astro_type_script_index_0_lang.1HBmR04Y.js  0.79 kB │ gzip: 0.46 kB
21:34:00 [vite] dist/assets/Sidebar.astro_astro_type_script_index_0_lang.Dr4m1BH4.js           0.90 kB │ gzip: 0.38 kB
21:34:00 [vite] dist/assets/Navigation.astro_astro_type_script_index_0_lang.BxRkvq3w.js        0.97 kB │ gzip: 0.44 kB
21:34:00 [vite] dist/assets/TableOfContents.astro_astro_type_script_index_0_lang.ClgIWJ3a.js   1.05 kB │ gzip: 0.54 kB
21:34:00 [vite] dist/assets/Search.astro_astro_type_script_index_0_lang.BT8le5kn.js            1.71 kB │ gzip: 0.93 kB
21:34:00 [vite] dist/assets/search-client.8T0gqxS2.js                                          1.97 kB │ gzip: 1.02 kB
21:34:00 [vite] dist/assets/GroupSidebar.astro_astro_type_script_index_0_lang.CHMaUHWQ.js      2.33 kB │ gzip: 1.05 kB
21:34:00 [vite] ✓ built in 31ms

 generating static routes 
21:34:00 ▶ src/pages/404.astro
21:34:00   └─ /404.html (+12ms) 
21:34:00 ▶ src/pages/[version]/[lang]/index.astro
21:34:00   ├─ /v1-15/en/index.html (+4ms) 
21:34:00   └─ /v1-15/ja/index.html (+3ms) 
21:34:00 ▶ src/pages/[version]/index.astro
21:34:00   └─ /v1-15/index.html (+1ms) 
21:34:00 ▶ src/pages/index.astro
21:34:00   └─ /index.html (+1ms) 
21:34:00 ▶ src/pages/[version]/[lang]/[...slug].astro
21:34:00   ├─ /v1-15/en/01-guide/01-overview-notice/index.html (+5ms) 
21:34:00   ├─ /v1-15/en/01-guide/02-overview/index.html (+3ms) 
21:34:00   ├─ /v1-15/en/01-guide/03-sample-output/index.html (+3ms) 
21:34:00   ├─ /v1-15/en/01-guide/04-invoking-gzip/index.html (+3ms) 
21:34:00   ├─ /v1-15/en/01-guide/06-environment/index.html (+3ms) 
21:34:00   ├─ /v1-15/en/01-guide/05-advanced-usage/index.html (+3ms) 
21:34:00   ├─ /v1-15/en/01-guide/07-tapes/index.html (+3ms) 
21:34:00   ├─ /v1-15/en/01-guide/08-reporting-bugs/index.html (+2ms) 
21:34:00   ├─ /v1-15/en/02-reference/01-gfdl/index.html (+2ms) 
21:34:00   ├─ /v1-15/ja/01-guide/01-overview-notice/index.html (+5ms) 
21:34:00   ├─ /v1-15/ja/01-guide/02-overview/index.html (+3ms) 
21:34:00   ├─ /v1-15/ja/01-guide/04-invoking-gzip/index.html (+2ms) 
21:34:00   ├─ /v1-15/ja/01-guide/07-tapes/index.html (+2ms) 
21:34:00   ├─ /v1-15/ja/01-guide/05-advanced-usage/index.html (+2ms) 
21:34:00   ├─ /v1-15/ja/01-guide/06-environment/index.html (+2ms) 
21:34:00   ├─ /v1-15/ja/01-guide/08-reporting-bugs/index.html (+2ms) 
21:34:00   └─ /v1-15/ja/01-guide/03-sample-output/index.html (+2ms) 
21:34:00 ✓ Completed in 79ms.

21:34:00 [build] 22 page(s) built in 1.47s
21:34:00 [build] Complete!
