
> libx@ build:selective /private/tmp/libx-gnu-gzip-formal-923
> node scripts/build-selective.js --projects\=gnu-gzip\,landing --reuse

【情報】gnu-gzip: 入力と出力を照合し、検証済み成果物を再利用します
【情報】landing: 再生成します (検証済み成果物目録がありません。再ビルドしてください: landing)
【情報】landing をビルドしています...

> sites-landing@0.0.1 build /private/tmp/libx-gnu-gzip-formal-923/sites/landing
> astro build

21:35:02 [content] Syncing content
21:35:02 [content] Synced content
21:35:02 [types] Generated 98ms
21:35:02 [build] output: "static"
21:35:02 [build] mode: "static"
21:35:02 [build] directory: /private/tmp/libx-gnu-gzip-formal-923/sites/landing/dist/
21:35:02 [build] Collecting build info...
21:35:02 [build] ✓ Completed in 111ms.
21:35:02 [build] Building static entrypoints...
21:35:03 [vite] ✓ built in 861ms
21:35:03 [build] ✓ Completed in 880ms.

 building client (vite) 
21:35:03 [vite] transforming...
21:35:03 [vite] ✓ 11 modules transformed.
21:35:03 [vite] rendering chunks...
21:35:03 [vite] computing gzip size...
21:35:03 [vite] dist/assets/Banner.astro_astro_type_script_index_0_lang.JXV-v118.js            0.32 kB │ gzip: 0.24 kB
21:35:03 [vite] dist/assets/ThemeToggle.astro_astro_type_script_index_0_lang.BDHHZQnD.js       0.69 kB │ gzip: 0.36 kB
21:35:03 [vite] dist/assets/SidebarPersister.astro_astro_type_script_index_0_lang.1HBmR04Y.js  0.79 kB │ gzip: 0.46 kB
21:35:03 [vite] dist/assets/Sidebar.astro_astro_type_script_index_0_lang.Dr4m1BH4.js           0.90 kB │ gzip: 0.38 kB
21:35:03 [vite] dist/assets/Navigation.astro_astro_type_script_index_0_lang.BxRkvq3w.js        0.97 kB │ gzip: 0.44 kB
21:35:03 [vite] dist/assets/TableOfContents.astro_astro_type_script_index_0_lang.ClgIWJ3a.js   1.05 kB │ gzip: 0.54 kB
21:35:03 [vite] dist/assets/Search.astro_astro_type_script_index_0_lang.DfbPoSz4.js            1.70 kB │ gzip: 0.91 kB
21:35:03 [vite] dist/assets/search-client.8T0gqxS2.js                                          1.97 kB │ gzip: 1.02 kB
21:35:03 [vite] dist/assets/GroupSidebar.astro_astro_type_script_index_0_lang.CHMaUHWQ.js      2.33 kB │ gzip: 1.05 kB
21:35:03 [vite] ✓ built in 30ms

 generating static routes 
21:35:03 ▶ src/pages/404.astro
21:35:03   └─ /404.html (+850ms) 
21:35:04 ▶ src/pages/[lang]/index.astro
21:35:04   ├─ /en/index.html (+7ms) 
21:35:04   ├─ /ja/index.html (+5ms) 
21:35:04   ├─ /zh-Hans/index.html (+5ms) 
21:35:04   ├─ /zh-Hant/index.html (+6ms) 
21:35:04   ├─ /es/index.html (+5ms) 
21:35:04   ├─ /pt-BR/index.html (+5ms) 
21:35:04   ├─ /ko/index.html (+5ms) 
21:35:04   ├─ /de/index.html (+5ms) 
21:35:04   ├─ /fr/index.html (+5ms) 
21:35:04   ├─ /ru/index.html (+4ms) 
21:35:04   ├─ /ar/index.html (+4ms) 
21:35:04   ├─ /id/index.html (+5ms) 
21:35:04   ├─ /tr/index.html (+5ms) 
21:35:04   ├─ /hi/index.html (+5ms) 
21:35:04   └─ /vi/index.html (+5ms) 
21:35:04 ▶ src/pages/index.astro
21:35:04   └─ /index.html (+1ms) 
21:35:04 ✓ Completed in 936ms.

21:35:04 [build] 16 page(s) built in 1.96s
21:35:04 [build] Complete!
【情報】選択的統合ビルド: {"selected":["gnu-gzip","landing"],"built":["landing"],"reused":["gnu-gzip"],"groups":[],"removedJavaScriptFiles":27}
