【作業】新しいドキュメントプロジェクト作成スクリプト

【作業】[1/7] 引数を解析しています...
【情報】プロジェクト名: gnu-time
【情報】英語表示名: GNU Time User Guide
【情報】日本語表示名: GNU Time 利用ガイド
【情報】テンプレート: docs-site

【作業】[2/7] プロジェクト設定を検証しています...
【完了】バリデーション完了

【作業】[3/7] テンプレートプロジェクトをコピーしています...
  - コピー元: /private/tmp/libx-gnu-time-formal-928/templates/docs-site
  - コピー先: /private/tmp/libx-gnu-time-formal-928/apps/gnu-time
  - コピー完了: 24個のファイル/ディレクトリ
【完了】プロジェクトコピー完了

【作業】[4/7] 設定ファイルを更新しています...
  - 設定ファイルを更新しています...
  - package.json更新完了
  - astro.config.mjs更新完了
  - project.config.jsonc更新完了
【情報】バックアップを作成しました: .backups/create-project/2026-10-06T13-25-03-284Z/sites/landing/src/config/projects.config.jsonc
  - landing projects.config.jsonc更新完了（カスタム設定あり）
  - すべての設定ファイルの更新完了！
【完了】設定ファイル更新完了

【作業】[5/7] 依存関係をインストールしています...
【完了】依存関係インストール完了

【作業】[6/7] 動作テストを実行しています...
  - テストをスキップしました
【完了】テスト実行完了

【作業】[7/7] 完了レポートを生成しています...

【完了】新しいドキュメントプロジェクトの作成が完了しました！

【情報】作成されたプロジェクト情報:
  - プロジェクト名: gnu-time
  - プロジェクトパス: /private/tmp/libx-gnu-time-formal-928/apps/gnu-time
  - パッケージ名: apps-gnu-time
  - 英語表示名: GNU Time User Guide
  - 日本語表示名: GNU Time 利用ガイド
  - ベースURL: /docs/gnu-time
  - アイコン: timer
  - タグ: performance, cli, reference

【作業】テスト結果:
  - テストスキップ

【作業】次のステップ:
  1. 開発サーバーを起動:
    pnpm --filter=apps-gnu-time dev
    - または: cd apps/gnu-time && pnpm dev

  2. ブラウザでアクセス:
    http://localhost:4321/docs/gnu-time

  3. 統合ビルドでテスト:
    pnpm build

  4. ドキュメントファイルの編集:
    - apps/gnu-time/src/content/docs/

