
> apps-gnu-time-trial@0.0.1 prebuild /private/tmp/libx-gnu-time-trial-927/apps/gnu-time-trial
> libx-docs-prepare --projects=gnu-time-trial

【情報】選択的サイドバー生成を開始します...
【情報】指定されたプロジェクト: gnu-time-trial
【情報】プロジェクト gnu-time-trial の処理を開始します...
  - en/v1-10 のサイドバーを生成中...
  - JSONファイルを保存しました: /private/tmp/libx-gnu-time-trial-927/apps/gnu-time-trial/public/sidebar.prepared-19760/sidebar-en-v1-10.json
  - ja/v1-10 のサイドバーを生成中...
  - JSONファイルを保存しました: /private/tmp/libx-gnu-time-trial-927/apps/gnu-time-trial/public/sidebar.prepared-19760/sidebar-ja-v1-10.json
【情報】選択的サイドバー生成が完了しました
【情報】処理したプロジェクト: gnu-time-trial
検索索引 v1-10/en: 3ページ、14881 bytes
検索索引 v1-10/ja: 3ページ、18091 bytes
検索索引生成: 2件、42ms

> apps-gnu-time-trial@0.0.1 build /private/tmp/libx-gnu-time-trial-927/apps/gnu-time-trial
> astro build

22:04:12 [vite] Re-optimizing dependencies because vite config has changed
22:04:13 [content] Syncing content
22:04:13 [content] Astro config changed
22:04:13 [content] Clearing content store
22:04:13 [content] Synced content
22:04:13 [types] Generated 460ms
22:04:13 [build] output: "static"
22:04:13 [build] mode: "static"
22:04:13 [build] directory: /private/tmp/libx-gnu-time-trial-927/apps/gnu-time-trial/dist/
22:04:13 [build] Collecting build info...
22:04:13 [build] ✓ Completed in 478ms.
22:04:13 [build] Building static entrypoints...
22:04:14 [vite] ✓ built in 1.26s
22:04:14 [build] ✓ Completed in 1.28s.

 building client (vite) 
22:04:14 [vite] transforming...
22:04:14 [vite] ✓ 14 modules transformed.
22:04:14 [vite] rendering chunks...
22:04:14 [vite] computing gzip size...
22:04:14 [vite] dist/assets/DocLayout.astro_astro_type_script_index_0_lang.SnA9FtQP.js         0.06 kB │ gzip: 0.08 kB
22:04:14 [vite] dist/assets/MainLayout.astro_astro_type_script_index_0_lang.C4LsiW6S.js        0.16 kB │ gzip: 0.15 kB
22:04:14 [vite] dist/assets/Banner.astro_astro_type_script_index_0_lang.JXV-v118.js            0.32 kB │ gzip: 0.24 kB
22:04:14 [vite] dist/assets/ThemeToggle.astro_astro_type_script_index_0_lang.BDHHZQnD.js       0.69 kB │ gzip: 0.36 kB
22:04:14 [vite] dist/assets/VersionDiff.astro_astro_type_script_index_0_lang.DQPfIGNm.js       0.69 kB │ gzip: 0.47 kB
22:04:14 [vite] dist/assets/SidebarPersister.astro_astro_type_script_index_0_lang.1HBmR04Y.js  0.79 kB │ gzip: 0.46 kB
22:04:14 [vite] dist/assets/Sidebar.astro_astro_type_script_index_0_lang.Dr4m1BH4.js           0.90 kB │ gzip: 0.38 kB
22:04:14 [vite] dist/assets/Navigation.astro_astro_type_script_index_0_lang.BxRkvq3w.js        0.97 kB │ gzip: 0.44 kB
22:04:14 [vite] dist/assets/TableOfContents.astro_astro_type_script_index_0_lang.ClgIWJ3a.js   1.05 kB │ gzip: 0.54 kB
22:04:14 [vite] dist/assets/Search.astro_astro_type_script_index_0_lang.DFnWlHxt.js            1.72 kB │ gzip: 0.93 kB
22:04:14 [vite] dist/assets/search-client.8T0gqxS2.js                                          1.97 kB │ gzip: 1.02 kB
22:04:14 [vite] dist/assets/GroupSidebar.astro_astro_type_script_index_0_lang.CHMaUHWQ.js      2.33 kB │ gzip: 1.05 kB
22:04:14 [vite] ✓ built in 41ms

 generating static routes 
22:04:14 ▶ src/pages/404.astro
22:04:14   └─ /404.html (+12ms) 
22:04:14 ▶ src/pages/[version]/[lang]/index.astro
22:04:14   ├─ /v1-10/en/index.html (+4ms) 
22:04:14   └─ /v1-10/ja/index.html (+3ms) 
22:04:14 ▶ src/pages/[version]/index.astro
22:04:14   └─ /v1-10/index.html (+1ms) 
22:04:14 ▶ src/pages/index.astro
22:04:14   └─ /index.html (+1ms) 
22:04:14 ▶ src/pages/[version]/[lang]/[...slug].astro
22:04:14   ├─ /v1-10/en/01-guide/02-resource-measurement/index.html (+5ms) 
22:04:14   ├─ /v1-10/en/01-guide/01-overview-notice/index.html (+2ms) 
22:04:14   ├─ /v1-10/ja/01-guide/03-reporting-bugs/index.html (+3ms) 
22:04:14   ├─ /v1-10/en/01-guide/03-reporting-bugs/index.html (+2ms) 
22:04:14   ├─ /v1-10/ja/01-guide/02-resource-measurement/index.html (+3ms) 
22:04:14   └─ /v1-10/ja/01-guide/01-overview-notice/index.html (+3ms) 
22:04:14 ✓ Completed in 52ms.

22:04:14 [build] 11 page(s) built in 1.86s
22:04:14 [build] Complete!
