
> apps-gnu-grep@0.0.1 prebuild /private/tmp/libx-gnu-grep-update-formal-940/apps/gnu-grep
> libx-docs-prepare --projects=gnu-grep

【情報】選択的サイドバー生成を開始します...
【情報】指定されたプロジェクト: gnu-grep
【情報】プロジェクト gnu-grep の処理を開始します...
  - en/v3-12 のサイドバーを生成中...
  - JSONファイルを保存しました: /private/tmp/libx-gnu-grep-update-formal-940/apps/gnu-grep/public/sidebar.prepared-41985/sidebar-en-v3-12.json
  - ja/v3-12 のサイドバーを生成中...
  - JSONファイルを保存しました: /private/tmp/libx-gnu-grep-update-formal-940/apps/gnu-grep/public/sidebar.prepared-41985/sidebar-ja-v3-12.json
【情報】選択的サイドバー生成が完了しました
【情報】処理したプロジェクト: gnu-grep
検索索引 v3-12/en: 28ページ、103473 bytes
検索索引 v3-12/ja: 27ページ、95782 bytes
検索索引生成: 2件、110ms

> apps-gnu-grep@0.0.1 build /private/tmp/libx-gnu-grep-update-formal-940/apps/gnu-grep
> astro build

06:16:33 [content] Syncing content
06:16:33 [content] Synced content
06:16:33 [types] Generated 414ms
06:16:33 [build] output: "static"
06:16:33 [build] mode: "static"
06:16:33 [build] directory: /private/tmp/libx-gnu-grep-update-formal-940/apps/gnu-grep/dist/
06:16:33 [build] Collecting build info...
06:16:33 [build] ✓ Completed in 428ms.
06:16:33 [build] Building static entrypoints...
06:16:34 [vite] ✓ built in 1.11s
06:16:34 [build] ✓ Completed in 1.13s.

 building client (vite) 
06:16:34 [vite] transforming...
06:16:34 [vite] ✓ 14 modules transformed.
06:16:34 [vite] rendering chunks...
06:16:34 [vite] computing gzip size...
06:16:34 [vite] dist/assets/DocLayout.astro_astro_type_script_index_0_lang.SnA9FtQP.js         0.06 kB │ gzip: 0.08 kB
06:16:34 [vite] dist/assets/MainLayout.astro_astro_type_script_index_0_lang.CEq-SCdx.js        0.16 kB │ gzip: 0.15 kB
06:16:34 [vite] dist/assets/Banner.astro_astro_type_script_index_0_lang.JXV-v118.js            0.32 kB │ gzip: 0.24 kB
06:16:34 [vite] dist/assets/ThemeToggle.astro_astro_type_script_index_0_lang.BDHHZQnD.js       0.69 kB │ gzip: 0.36 kB
06:16:34 [vite] dist/assets/VersionDiff.astro_astro_type_script_index_0_lang.DQPfIGNm.js       0.69 kB │ gzip: 0.47 kB
06:16:34 [vite] dist/assets/SidebarPersister.astro_astro_type_script_index_0_lang.1HBmR04Y.js  0.79 kB │ gzip: 0.46 kB
06:16:34 [vite] dist/assets/Sidebar.astro_astro_type_script_index_0_lang.Dr4m1BH4.js           0.90 kB │ gzip: 0.38 kB
06:16:34 [vite] dist/assets/Navigation.astro_astro_type_script_index_0_lang.BxRkvq3w.js        0.97 kB │ gzip: 0.44 kB
06:16:34 [vite] dist/assets/TableOfContents.astro_astro_type_script_index_0_lang.ClgIWJ3a.js   1.05 kB │ gzip: 0.54 kB
06:16:34 [vite] dist/assets/Search.astro_astro_type_script_index_0_lang.v0OEcw79.js            1.71 kB │ gzip: 0.93 kB
06:16:34 [vite] dist/assets/search-client.8T0gqxS2.js                                          1.97 kB │ gzip: 1.02 kB
06:16:34 [vite] dist/assets/GroupSidebar.astro_astro_type_script_index_0_lang.CHMaUHWQ.js      2.33 kB │ gzip: 1.05 kB
06:16:34 [vite] ✓ built in 31ms

 generating static routes 
06:16:34 ▶ src/pages/404.astro
06:16:34   └─ /404.html (+17ms) 
06:16:34 ▶ src/pages/[version]/[lang]/index.astro
06:16:34   ├─ /v3-12/en/index.html (+6ms) 
06:16:34   └─ /v3-12/ja/index.html (+4ms) 
06:16:34 ▶ src/pages/[version]/index.astro
06:16:34   └─ /v3-12/index.html (+1ms) 
06:16:34 ▶ src/pages/index.astro
06:16:34   └─ /index.html (+1ms) 
06:16:34 ▶ src/pages/[version]/[lang]/[...slug].astro
06:16:34   ├─ /v3-12/en/01-guide/01-introduction/index.html (+8ms) 
06:16:34   ├─ /v3-12/en/01-guide/02-invoking/index.html (+5ms) 
06:16:34   ├─ /v3-12/en/01-guide/03-command-line-options/index.html (+4ms) 
06:16:34   ├─ /v3-12/en/01-guide/06-general-output-control/index.html (+7ms) 
06:16:34   ├─ /v3-12/en/01-guide/05-matching-control/index.html (+4ms) 
06:16:34   ├─ /v3-12/en/01-guide/09-file-directory-selection/index.html (+4ms) 
06:16:34   ├─ /v3-12/en/01-guide/07-output-line-prefix-control/index.html (+3ms) 
06:16:34   ├─ /v3-12/en/01-guide/10-other-options/index.html (+4ms) 
06:16:34   ├─ /v3-12/en/01-guide/08-context-line-control/index.html (+4ms) 
06:16:34   ├─ /v3-12/en/01-guide/04-generic-program-information/index.html (+4ms) 
06:16:34   ├─ /v3-12/en/01-guide/12-exit-status/index.html (+4ms) 
06:16:34   ├─ /v3-12/en/01-guide/11-environment-variables/index.html (+5ms) 
06:16:34   ├─ /v3-12/en/01-guide/15-fundamental-structure/index.html (+4ms) 
06:16:34   ├─ /v3-12/en/01-guide/16-character-classes-bracket-expressions/index.html (+4ms) 
06:16:34   ├─ /v3-12/en/01-guide/17-special-backslash-expressions/index.html (+4ms) 
06:16:34   ├─ /v3-12/en/01-guide/18-anchoring/index.html (+3ms) 
06:16:34   ├─ /v3-12/en/01-guide/14-regular-expressions/index.html (+3ms) 
06:16:34   ├─ /v3-12/en/01-guide/13-grep-programs/index.html (+3ms) 
06:16:34   ├─ /v3-12/en/01-guide/19-back-references-subexpressions/index.html (+3ms) 
06:16:34   ├─ /v3-12/en/01-guide/20-basic-extended-regular-expressions/index.html (+4ms) 
06:16:34   ├─ /v3-12/en/01-guide/22-character-encoding/index.html (+4ms) 
06:16:34   ├─ /v3-12/en/01-guide/21-problematic-regular-expressions/index.html (+4ms) 
06:16:34   ├─ /v3-12/en/01-guide/23-non-ascii-non-printable/index.html (+4ms) 
06:16:34   ├─ /v3-12/en/01-guide/24-usage/index.html (+3ms) 
06:16:34   ├─ /v3-12/en/01-guide/25-performance/index.html (+3ms) 
06:16:34   ├─ /v3-12/ja/01-guide/01-introduction/index.html (+3ms) 
06:16:34   ├─ /v3-12/en/01-guide/27-known-bugs/index.html (+3ms) 
06:16:34   ├─ /v3-12/ja/01-guide/02-invoking/index.html (+4ms) 
06:16:34   ├─ /v3-12/en/01-guide/26-reporting-bugs/index.html (+4ms) 
06:16:34   ├─ /v3-12/ja/01-guide/03-command-line-options/index.html (+3ms) 
06:16:34   ├─ /v3-12/ja/01-guide/04-generic-program-information/index.html (+3ms) 
06:16:34   ├─ /v3-12/ja/01-guide/06-general-output-control/index.html (+4ms) 
06:16:34   ├─ /v3-12/ja/01-guide/05-matching-control/index.html (+4ms) 
06:16:34   ├─ /v3-12/ja/01-guide/08-context-line-control/index.html (+10ms) 
06:16:34   ├─ /v3-12/ja/01-guide/09-file-directory-selection/index.html (+6ms) 
06:16:34   ├─ /v3-12/ja/01-guide/07-output-line-prefix-control/index.html (+4ms) 
06:16:34   ├─ /v3-12/ja/01-guide/11-environment-variables/index.html (+4ms) 
06:16:34   ├─ /v3-12/ja/01-guide/12-exit-status/index.html (+31ms) 
06:16:35   ├─ /v3-12/ja/01-guide/10-other-options/index.html (+6ms) 
06:16:35   ├─ /v3-12/ja/01-guide/13-grep-programs/index.html (+5ms) 
06:16:35   ├─ /v3-12/ja/01-guide/14-regular-expressions/index.html (+5ms) 
06:16:35   ├─ /v3-12/ja/01-guide/15-fundamental-structure/index.html (+70ms) 
06:16:35   ├─ /v3-12/ja/01-guide/16-character-classes-bracket-expressions/index.html (+46ms) 
06:16:35   ├─ /v3-12/ja/01-guide/17-special-backslash-expressions/index.html (+7ms) 
06:16:35   ├─ /v3-12/ja/01-guide/18-anchoring/index.html (+9ms) 
06:16:35   ├─ /v3-12/ja/01-guide/19-back-references-subexpressions/index.html (+10ms) 
06:16:35   ├─ /v3-12/ja/01-guide/21-problematic-regular-expressions/index.html (+146ms) 
06:16:35   ├─ /v3-12/ja/01-guide/20-basic-extended-regular-expressions/index.html (+15ms) 
06:16:35   ├─ /v3-12/ja/01-guide/22-character-encoding/index.html (+14ms) 
06:16:35   ├─ /v3-12/ja/01-guide/23-non-ascii-non-printable/index.html (+13ms) 
06:16:35   ├─ /v3-12/ja/01-guide/24-usage/index.html (+5ms) 
06:16:35   ├─ /v3-12/ja/01-guide/25-performance/index.html (+3ms) 
06:16:35   ├─ /v3-12/ja/01-guide/26-reporting-bugs/index.html (+4ms) 
06:16:35   ├─ /v3-12/en/02-reference/01-gfdl/index.html (+5ms) 
06:16:35   └─ /v3-12/ja/01-guide/27-known-bugs/index.html (+8ms) 
06:16:35 ✓ Completed in 602ms.

06:16:35 [build] 60 page(s) built in 2.21s
06:16:35 [build] Complete!
