
> libx@ build:selective /private/tmp/libx-yyjson-formal-874
> node scripts/build-selective.js --projects\=yyjson

【情報】yyjson をビルドしています...

> apps-yyjson@0.0.1 prebuild /private/tmp/libx-yyjson-formal-874/apps/yyjson
> libx-docs-prepare --projects=yyjson

【情報】選択的サイドバー生成を開始します...
【情報】指定されたプロジェクト: yyjson
【情報】プロジェクト yyjson の処理を開始します...
  - en/v0-13-0 のサイドバーを生成中...
  - JSONファイルを保存しました: /private/tmp/libx-yyjson-formal-874/apps/yyjson/public/sidebar.prepared-86031/sidebar-en-v0-13-0.json
  - ja/v0-13-0 のサイドバーを生成中...
  - JSONファイルを保存しました: /private/tmp/libx-yyjson-formal-874/apps/yyjson/public/sidebar.prepared-86031/sidebar-ja-v0-13-0.json
【情報】選択的サイドバー生成が完了しました
【情報】処理したプロジェクト: yyjson
検索索引 v0-13-0/en: 19ページ、114953 bytes
検索索引 v0-13-0/ja: 4ページ、48299 bytes
検索索引生成: 2件、115ms

> apps-yyjson@0.0.1 build /private/tmp/libx-yyjson-formal-874/apps/yyjson
> astro build

08:32:09 [content] Syncing content
08:32:10 [content] Synced content
08:32:10 [types] Generated 468ms
08:32:10 [build] output: "static"
08:32:10 [build] mode: "static"
08:32:10 [build] directory: /private/tmp/libx-yyjson-formal-874/apps/yyjson/dist/
08:32:10 [build] Collecting build info...
08:32:10 [build] ✓ Completed in 484ms.
08:32:10 [build] Building static entrypoints...
08:32:11 [vite] ✓ built in 1.09s
08:32:11 [build] ✓ Completed in 1.11s.

 building client (vite) 
08:32:11 [vite] transforming...
08:32:11 [vite] ✓ 14 modules transformed.
08:32:11 [vite] rendering chunks...
08:32:11 [vite] computing gzip size...
08:32:11 [vite] dist/assets/DocLayout.astro_astro_type_script_index_0_lang.SnA9FtQP.js         0.06 kB │ gzip: 0.08 kB
08:32:11 [vite] dist/assets/MainLayout.astro_astro_type_script_index_0_lang.CUoZhbpp.js        0.16 kB │ gzip: 0.15 kB
08:32:11 [vite] dist/assets/Banner.astro_astro_type_script_index_0_lang.JXV-v118.js            0.32 kB │ gzip: 0.24 kB
08:32:11 [vite] dist/assets/ThemeToggle.astro_astro_type_script_index_0_lang.BDHHZQnD.js       0.69 kB │ gzip: 0.36 kB
08:32:11 [vite] dist/assets/VersionDiff.astro_astro_type_script_index_0_lang.DQPfIGNm.js       0.69 kB │ gzip: 0.47 kB
08:32:11 [vite] dist/assets/SidebarPersister.astro_astro_type_script_index_0_lang.1HBmR04Y.js  0.79 kB │ gzip: 0.46 kB
08:32:11 [vite] dist/assets/Sidebar.astro_astro_type_script_index_0_lang.Dr4m1BH4.js           0.90 kB │ gzip: 0.38 kB
08:32:11 [vite] dist/assets/Navigation.astro_astro_type_script_index_0_lang.BxRkvq3w.js        0.97 kB │ gzip: 0.44 kB
08:32:11 [vite] dist/assets/TableOfContents.astro_astro_type_script_index_0_lang.ClgIWJ3a.js   1.05 kB │ gzip: 0.54 kB
08:32:11 [vite] dist/assets/Search.astro_astro_type_script_index_0_lang.oFyNi-ug.js            1.71 kB │ gzip: 0.92 kB
08:32:11 [vite] dist/assets/search-client.8T0gqxS2.js                                          1.97 kB │ gzip: 1.02 kB
08:32:11 [vite] dist/assets/GroupSidebar.astro_astro_type_script_index_0_lang.CHMaUHWQ.js      2.33 kB │ gzip: 1.05 kB
08:32:11 [vite] ✓ built in 32ms

 generating static routes 
08:32:11 ▶ src/pages/404.astro
08:32:11   └─ /404.html (+16ms) 
08:32:11 ▶ src/pages/[version]/[lang]/index.astro
08:32:11   ├─ /v0-13-0/en/index.html (+5ms) 
08:32:11   └─ /v0-13-0/ja/index.html (+3ms) 
08:32:11 ▶ src/pages/[version]/index.astro
08:32:11   └─ /v0-13-0/index.html (+1ms) 
08:32:11 ▶ src/pages/index.astro
08:32:11   └─ /index.html (+1ms) 
08:32:11 ▶ src/pages/[version]/[lang]/[...slug].astro
08:32:11   ├─ /v0-13-0/en/01-guide/08-number-processing/index.html (+7ms) 
08:32:11   ├─ /v0-13-0/en/01-guide/09-text-processing/index.html (+4ms) 
08:32:11   ├─ /v0-13-0/en/01-guide/01-introduction/index.html (+3ms) 
08:32:11   ├─ /v0-13-0/en/01-guide/02-api-design/index.html (+3ms) 
08:32:11   ├─ /v0-13-0/en/01-guide/06-creating-document/index.html (+7ms) 
08:32:11   ├─ /v0-13-0/en/01-guide/05-accessing-document/index.html (+3ms) 
08:32:11   ├─ /v0-13-0/en/01-guide/03-reading-json/index.html (+3ms) 
08:32:11   ├─ /v0-13-0/en/01-guide/07-pointer-and-patch/index.html (+3ms) 
08:32:11   ├─ /v0-13-0/en/01-guide/04-writing-json/index.html (+3ms) 
08:32:11   ├─ /v0-13-0/en/01-guide/10-memory-allocator/index.html (+3ms) 
08:32:11   ├─ /v0-13-0/en/01-guide/11-stack-memory/index.html (+2ms) 
08:32:11   ├─ /v0-13-0/en/01-guide/13-thread-safety/index.html (+2ms) 
08:32:11   ├─ /v0-13-0/en/01-guide/14-locale-independence/index.html (+2ms) 
08:32:11   ├─ /v0-13-0/en/01-guide/16-data-structures/index.html (+2ms) 
08:32:11   ├─ /v0-13-0/en/01-guide/15-build-and-test/index.html (+2ms) 
08:32:11   ├─ /v0-13-0/en/02-reference/01-changelog/index.html (+3ms) 
08:32:11   ├─ /v0-13-0/en/02-reference/02-performance-todo/index.html (+3ms) 
08:32:11   ├─ /v0-13-0/en/02-reference/03-license/index.html (+4ms) 
08:32:11   ├─ /v0-13-0/en/01-guide/12-null-check/index.html (+3ms) 
08:32:11   ├─ /v0-13-0/ja/01-guide/01-introduction/index.html (+3ms) 
08:32:11   ├─ /v0-13-0/ja/01-guide/02-api-design/index.html (+3ms) 
08:32:11   ├─ /v0-13-0/ja/01-guide/03-reading-json/index.html (+3ms) 
08:32:11   └─ /v0-13-0/ja/01-guide/04-writing-json/index.html (+3ms) 
08:32:11 ✓ Completed in 113ms.

08:32:11 [build] 28 page(s) built in 1.76s
08:32:11 [build] Complete!
【情報】選択的統合ビルド: {"selected":["yyjson"],"built":["yyjson"],"reused":[],"groups":[],"removedJavaScriptFiles":15}
