
> apps-fmt@0.0.1 prebuild /private/tmp/libx-fmt-import-20261002/apps/fmt
> libx-docs-prepare --projects=fmt

【情報】選択的サイドバー生成を開始します...
【情報】指定されたプロジェクト: fmt
【情報】プロジェクト fmt の処理を開始します...
  - en/v12-2-0 のサイドバーを生成中...
  - JSONファイルを保存しました: /private/tmp/libx-fmt-import-20261002/apps/fmt/public/sidebar.prepared-94927/sidebar-en-v12-2-0.json
  - ja/v12-2-0 のサイドバーを生成中...
  - JSONファイルを保存しました: /private/tmp/libx-fmt-import-20261002/apps/fmt/public/sidebar.prepared-94927/sidebar-ja-v12-2-0.json
【情報】選択的サイドバー生成が完了しました
【情報】処理したプロジェクト: fmt
検索索引 v12-2-0/en: 5ページ、81580 bytes
検索索引 v12-2-0/ja: 5ページ、93964 bytes
検索索引生成: 2件、281ms

> apps-fmt@0.0.1 build /private/tmp/libx-fmt-import-20261002/apps/fmt
> astro build

02:26:49 [content] Syncing content
02:26:50 [content] Synced content
02:26:50 [types] Generated 1.14s
02:26:50 [build] output: "static"
02:26:50 [build] mode: "static"
02:26:50 [build] directory: /private/tmp/libx-fmt-import-20261002/apps/fmt/dist/
02:26:50 [build] Collecting build info...
02:26:50 [build] ✓ Completed in 1.17s.
02:26:50 [build] Building static entrypoints...
02:26:53 [vite] ✓ built in 3.15s
02:26:53 [build] ✓ Completed in 3.19s.

 building client (vite) 
02:26:53 [vite] transforming...
02:26:53 [vite] ✓ 13 modules transformed.
02:26:53 [vite] rendering chunks...
02:26:53 [vite] computing gzip size...
02:26:53 [vite] dist/assets/MainLayout.astro_astro_type_script_index_0_lang.DcWlWeZ1.js        0.15 kB │ gzip: 0.15 kB
02:26:53 [vite] dist/assets/Banner.astro_astro_type_script_index_0_lang.JXV-v118.js            0.32 kB │ gzip: 0.24 kB
02:26:53 [vite] dist/assets/ThemeToggle.astro_astro_type_script_index_0_lang.BDHHZQnD.js       0.69 kB │ gzip: 0.36 kB
02:26:53 [vite] dist/assets/VersionDiff.astro_astro_type_script_index_0_lang.DQPfIGNm.js       0.69 kB │ gzip: 0.47 kB
02:26:53 [vite] dist/assets/SidebarPersister.astro_astro_type_script_index_0_lang.1HBmR04Y.js  0.79 kB │ gzip: 0.46 kB
02:26:53 [vite] dist/assets/Sidebar.astro_astro_type_script_index_0_lang.Dr4m1BH4.js           0.90 kB │ gzip: 0.38 kB
02:26:53 [vite] dist/assets/Navigation.astro_astro_type_script_index_0_lang.BxRkvq3w.js        0.97 kB │ gzip: 0.44 kB
02:26:53 [vite] dist/assets/TableOfContents.astro_astro_type_script_index_0_lang.ClgIWJ3a.js   1.05 kB │ gzip: 0.54 kB
02:26:53 [vite] dist/assets/Search.astro_astro_type_script_index_0_lang.-NPUFt0G.js            1.70 kB │ gzip: 0.92 kB
02:26:53 [vite] dist/assets/search-client.8T0gqxS2.js                                          1.97 kB │ gzip: 1.02 kB
02:26:53 [vite] dist/assets/GroupSidebar.astro_astro_type_script_index_0_lang.CHMaUHWQ.js      2.33 kB │ gzip: 1.05 kB
02:26:53 [vite] ✓ built in 59ms

 generating static routes 
02:26:53 ▶ src/pages/404.astro
02:26:53   └─ /404.html (+39ms) 
02:26:53 ▶ src/pages/[version]/[lang]/index.astro
02:26:53   ├─ /v12-2-0/en/index.html (+9ms) 
02:26:53   └─ /v12-2-0/ja/index.html (+8ms) 
02:26:53 ▶ src/pages/[version]/index.astro
02:26:53   └─ /v12-2-0/index.html (+1ms) 
02:26:53 ▶ src/pages/index.astro
02:26:53   └─ /index.html (+1ms) 
02:26:53 ▶ src/pages/[version]/[lang]/[...slug].astro
02:26:53   ├─ /v12-2-0/en/01-docs/01-home/index.html (+11ms) 
02:26:53   ├─ /v12-2-0/en/01-docs/03-api/index.html (+6ms) 
02:26:53   ├─ /v12-2-0/en/01-docs/04-syntax/index.html (+6ms) 
02:26:53   ├─ /v12-2-0/en/01-docs/02-get-started/index.html (+7ms) 
02:26:53   ├─ /v12-2-0/ja/01-docs/01-home/index.html (+22ms) 
02:26:53   ├─ /v12-2-0/ja/01-docs/02-get-started/index.html (+10ms) 
02:26:53   ├─ /v12-2-0/ja/01-docs/04-syntax/index.html (+5ms) 
02:26:53   ├─ /v12-2-0/ja/01-docs/03-api/index.html (+7ms) 
02:26:53   ├─ /v12-2-0/en/02-license/01-license/index.html (+5ms) 
02:26:53   └─ /v12-2-0/ja/02-license/01-license/index.html (+4ms) 
02:26:54 ✓ Completed in 162ms.

02:26:54 [build] 15 page(s) built in 4.65s
02:26:54 [build] Complete!
