
> libx@ build /private/tmp/libx-fmt-import-20261002
> node scripts/build-integrated.js -- --confirm --reuse

【情報】バックアップを作成しました: .backups/build-integrated/2026-10-02T17-27-45-215Z/dist
【情報】awesome/overview: 入力と出力を照合し、検証済み成果物を再利用します
【情報】awesome/web: 入力と出力を照合し、検証済み成果物を再利用します
【情報】awesome/languages: 入力と出力を照合し、検証済み成果物を再利用します
【情報】awesome/systems: 入力と出力を照合し、検証済み成果物を再利用します
【情報】awesome/science: 入力と出力を照合し、検証済み成果物を再利用します
【情報】awesome/creative: 入力と出力を照合し、検証済み成果物を再利用します
【情報】awesome/community: 入力と出力を照合し、検証済み成果物を再利用します
【情報】fmt: 再生成します (生成物が欠損・変更されています: fmt/assets/_astro_assets.B-OO-yDU.js)
【情報】fmt をビルドしています...

> apps-fmt@0.0.1 prebuild /private/tmp/libx-fmt-import-20261002/apps/fmt
> libx-docs-prepare --projects=fmt

【情報】選択的サイドバー生成を開始します...
【情報】指定されたプロジェクト: fmt
【情報】プロジェクト fmt の処理を開始します...
  - en/v12-2-0 のサイドバーを生成中...
  - JSONファイルを保存しました: /private/tmp/libx-fmt-import-20261002/apps/fmt/public/sidebar.prepared-96895/sidebar-en-v12-2-0.json
  - ja/v12-2-0 のサイドバーを生成中...
  - JSONファイルを保存しました: /private/tmp/libx-fmt-import-20261002/apps/fmt/public/sidebar.prepared-96895/sidebar-ja-v12-2-0.json
【情報】選択的サイドバー生成が完了しました
【情報】処理したプロジェクト: fmt
検索索引 v12-2-0/en: 5ページ、81580 bytes
検索索引 v12-2-0/ja: 5ページ、93964 bytes
検索索引生成: 2件、101ms

> apps-fmt@0.0.1 build /private/tmp/libx-fmt-import-20261002/apps/fmt
> astro build

02:27:58 [content] Syncing content
02:27:58 [content] Synced content
02:27:58 [types] Generated 175ms
02:27:58 [build] output: "static"
02:27:58 [build] mode: "static"
02:27:58 [build] directory: /private/tmp/libx-fmt-import-20261002/apps/fmt/dist/
02:27:58 [build] Collecting build info...
02:27:58 [build] ✓ Completed in 193ms.
02:27:58 [build] Building static entrypoints...
02:27:59 [vite] ✓ built in 1.29s
02:27:59 [build] ✓ Completed in 1.32s.

 building client (vite) 
02:27:59 [vite] transforming...
02:27:59 [vite] ✓ 13 modules transformed.
02:27:59 [vite] rendering chunks...
02:27:59 [vite] computing gzip size...
02:27:59 [vite] dist/assets/MainLayout.astro_astro_type_script_index_0_lang.DcWlWeZ1.js        0.15 kB │ gzip: 0.15 kB
02:27:59 [vite] dist/assets/Banner.astro_astro_type_script_index_0_lang.JXV-v118.js            0.32 kB │ gzip: 0.24 kB
02:27:59 [vite] dist/assets/ThemeToggle.astro_astro_type_script_index_0_lang.BDHHZQnD.js       0.69 kB │ gzip: 0.36 kB
02:27:59 [vite] dist/assets/VersionDiff.astro_astro_type_script_index_0_lang.DQPfIGNm.js       0.69 kB │ gzip: 0.47 kB
02:27:59 [vite] dist/assets/SidebarPersister.astro_astro_type_script_index_0_lang.1HBmR04Y.js  0.79 kB │ gzip: 0.46 kB
02:27:59 [vite] dist/assets/Sidebar.astro_astro_type_script_index_0_lang.Dr4m1BH4.js           0.90 kB │ gzip: 0.38 kB
02:27:59 [vite] dist/assets/Navigation.astro_astro_type_script_index_0_lang.BxRkvq3w.js        0.97 kB │ gzip: 0.44 kB
02:27:59 [vite] dist/assets/TableOfContents.astro_astro_type_script_index_0_lang.ClgIWJ3a.js   1.05 kB │ gzip: 0.54 kB
02:27:59 [vite] dist/assets/Search.astro_astro_type_script_index_0_lang.-NPUFt0G.js            1.70 kB │ gzip: 0.92 kB
02:27:59 [vite] dist/assets/search-client.8T0gqxS2.js                                          1.97 kB │ gzip: 1.02 kB
02:27:59 [vite] dist/assets/GroupSidebar.astro_astro_type_script_index_0_lang.CHMaUHWQ.js      2.33 kB │ gzip: 1.05 kB
02:27:59 [vite] ✓ built in 31ms

 generating static routes 
02:27:59 ▶ src/pages/404.astro
02:27:59   └─ /404.html (+13ms) 
02:27:59 ▶ src/pages/[version]/[lang]/index.astro
02:27:59   ├─ /v12-2-0/en/index.html (+4ms) 
02:27:59   └─ /v12-2-0/ja/index.html (+3ms) 
02:27:59 ▶ src/pages/[version]/index.astro
02:27:59   └─ /v12-2-0/index.html (+1ms) 
02:27:59 ▶ src/pages/index.astro
02:27:59   └─ /index.html (+1ms) 
02:27:59 ▶ src/pages/[version]/[lang]/[...slug].astro
02:27:59   ├─ /v12-2-0/en/01-docs/01-home/index.html (+5ms) 
02:27:59   ├─ /v12-2-0/en/01-docs/03-api/index.html (+4ms) 
02:27:59   ├─ /v12-2-0/en/01-docs/04-syntax/index.html (+3ms) 
02:27:59   ├─ /v12-2-0/en/01-docs/02-get-started/index.html (+3ms) 
02:27:59   ├─ /v12-2-0/ja/01-docs/01-home/index.html (+3ms) 
02:27:59   ├─ /v12-2-0/ja/01-docs/02-get-started/index.html (+3ms) 
02:27:59   ├─ /v12-2-0/ja/01-docs/04-syntax/index.html (+4ms) 
02:27:59   ├─ /v12-2-0/ja/01-docs/03-api/index.html (+4ms) 
02:27:59   ├─ /v12-2-0/en/02-license/01-license/index.html (+4ms) 
02:27:59   └─ /v12-2-0/ja/02-license/01-license/index.html (+3ms) 
02:27:59 ✓ Completed in 71ms.

02:27:59 [build] 15 page(s) built in 1.64s
02:27:59 [build] Complete!
【情報】glfw: 入力と出力を照合し、検証済み成果物を再利用します
【情報】lua: 入力と出力を照合し、検証済み成果物を再利用します
【情報】pugixml: 入力と出力を照合し、検証済み成果物を再利用します
【情報】sample-docs: 入力と出力を照合し、検証済み成果物を再利用します
【情報】test-verification: 入力と出力を照合し、検証済み成果物を再利用します
【情報】toml: 入力と出力を照合し、検証済み成果物を再利用します
【情報】uthash: 入力と出力を照合し、検証済み成果物を再利用します
【情報】landing: 入力と出力を照合し、検証済み成果物を再利用します
【情報】統合ビルド: {"selected":["awesome/overview","awesome/web","awesome/languages","awesome/systems","awesome/science","awesome/creative","awesome/community","fmt","glfw","lua","pugixml","sample-docs","test-verification","toml","uthash","landing"],"built":["fmt"],"reused":["awesome/overview","awesome/web","awesome/languages","awesome/systems","awesome/science","awesome/creative","awesome/community","glfw","lua","pugixml","sample-docs","test-verification","toml","uthash","landing"],"groups":["awesome"],"removedJavaScriptFiles":257}
【情報】移行前出力のバックアップ: /private/tmp/libx-fmt-import-20261002/.backups/build-integrated/2026-10-02T17-27-45-215Z/dist
