
> libx@ test:smoke /private/tmp/libx-fmt-import-20261002
> node --test tests/smoke/*.test.js

✔ document app root redirects point to generated pages (4.060917ms)
✔ built HTML has no unresolved parent segments or duplicate documentation base path (26.789792ms)
✔ sidebar JSON links point to generated pages (3.514209ms)
✔ missing locale-version combinations are not requested or offered (0.481417ms)
✔ zero, partial, and complete translations expose only valid language page links (1.122083ms)
✔ integrated output provides an accessible multilingual 404 page (0.357292ms)
✔ landing pages link Awesome directly to the localized overview (0.368917ms)
✔ Awesome generic entry points resolve to the latest snapshot (0.656167ms)
✔ Awesome Japanese pages include localized sidebar navigation and search data (1.022667ms)
✔ Awesome overview links included lists to the matching localized pages (1.643209ms)
✔ Awesome overview exposes its matching language and snapshot selectors (0.597ms)
✔ Awesome overview starts with a localized title and summary without sponsor promotion (1.065917ms)
✔ Awesome sidebar uses curated list names and localized Japanese categories (0.850208ms)
ℹ tests 13
ℹ suites 0
ℹ pass 13
ℹ fail 0
ℹ cancelled 0
ℹ skipped 0
ℹ todo 0
ℹ duration_ms 96.1495
