
> libx@ build:selective /private/tmp/libx-commonmark-formal-887
> node scripts/build-selective.js --projects\=commonmark\,landing --reuse

【情報】commonmark: 入力と出力を照合し、検証済み成果物を再利用します
【情報】landing: 再生成します (検証済み成果物目録がありません。再ビルドしてください: landing)
【情報】landing をビルドしています...

> sites-landing@0.0.1 build /private/tmp/libx-commonmark-formal-887/sites/landing
> astro build

12:14:09 [content] Syncing content
12:14:09 [content] Synced content
12:14:09 [types] Generated 203ms
12:14:09 [build] output: "static"
12:14:09 [build] mode: "static"
12:14:09 [build] directory: /private/tmp/libx-commonmark-formal-887/sites/landing/dist/
12:14:09 [build] Collecting build info...
12:14:09 [build] ✓ Completed in 219ms.
12:14:09 [build] Building static entrypoints...
12:14:10 [vite] ✓ built in 916ms
12:14:10 [build] ✓ Completed in 936ms.

 building client (vite) 
12:14:10 [vite] transforming...
12:14:10 [vite] ✓ 11 modules transformed.
12:14:10 [vite] rendering chunks...
12:14:10 [vite] computing gzip size...
12:14:10 [vite] dist/assets/Banner.astro_astro_type_script_index_0_lang.JXV-v118.js            0.32 kB │ gzip: 0.24 kB
12:14:10 [vite] dist/assets/ThemeToggle.astro_astro_type_script_index_0_lang.BDHHZQnD.js       0.69 kB │ gzip: 0.36 kB
12:14:10 [vite] dist/assets/SidebarPersister.astro_astro_type_script_index_0_lang.1HBmR04Y.js  0.79 kB │ gzip: 0.46 kB
12:14:10 [vite] dist/assets/Sidebar.astro_astro_type_script_index_0_lang.Dr4m1BH4.js           0.90 kB │ gzip: 0.38 kB
12:14:10 [vite] dist/assets/Navigation.astro_astro_type_script_index_0_lang.BxRkvq3w.js        0.97 kB │ gzip: 0.44 kB
12:14:10 [vite] dist/assets/TableOfContents.astro_astro_type_script_index_0_lang.ClgIWJ3a.js   1.05 kB │ gzip: 0.54 kB
12:14:10 [vite] dist/assets/Search.astro_astro_type_script_index_0_lang.DfbPoSz4.js            1.70 kB │ gzip: 0.91 kB
12:14:10 [vite] dist/assets/search-client.8T0gqxS2.js                                          1.97 kB │ gzip: 1.02 kB
12:14:10 [vite] dist/assets/GroupSidebar.astro_astro_type_script_index_0_lang.CHMaUHWQ.js      2.33 kB │ gzip: 1.05 kB
12:14:10 [vite] ✓ built in 50ms

 generating static routes 
12:14:10 ▶ src/pages/404.astro
12:14:10   └─ /404.html (+649ms) 
12:14:10 ▶ src/pages/[lang]/index.astro
12:14:10   ├─ /en/index.html (+6ms) 
12:14:10   ├─ /ja/index.html (+5ms) 
12:14:10   ├─ /zh-Hans/index.html (+4ms) 
12:14:10   ├─ /zh-Hant/index.html (+5ms) 
12:14:10   ├─ /es/index.html (+4ms) 
12:14:10   ├─ /pt-BR/index.html (+4ms) 
12:14:10   ├─ /ko/index.html (+4ms) 
12:14:10   ├─ /de/index.html (+4ms) 
12:14:10   ├─ /fr/index.html (+4ms) 
12:14:10   ├─ /ru/index.html (+4ms) 
12:14:10   ├─ /ar/index.html (+5ms) 
12:14:10   ├─ /id/index.html (+3ms) 
12:14:10   ├─ /tr/index.html (+4ms) 
12:14:10   ├─ /hi/index.html (+3ms) 
12:14:10   └─ /vi/index.html (+4ms) 
12:14:10 ▶ src/pages/index.astro
12:14:10   └─ /index.html (+0ms) 
12:14:10 ✓ Completed in 722ms.

12:14:10 [build] 16 page(s) built in 1.94s
12:14:10 [build] Complete!
【情報】選択的統合ビルド: {"selected":["commonmark","landing"],"built":["landing"],"reused":["commonmark"],"groups":[],"removedJavaScriptFiles":27}
