
> apps-commonmark@0.0.1 prebuild /private/tmp/libx-commonmark-source-rebuild-890/workspace/apps/commonmark
> libx-docs-prepare --projects=commonmark

【情報】選択的サイドバー生成を開始します...
【情報】指定されたプロジェクト: commonmark
【情報】プロジェクト commonmark の処理を開始します...
  - en/v0-31-2 のサイドバーを生成中...
  - JSONファイルを保存しました: /private/tmp/libx-commonmark-source-rebuild-890/workspace/apps/commonmark/public/sidebar.prepared-68750/sidebar-en-v0-31-2.json
  - ja/v0-31-2 のサイドバーを生成中...
  - JSONファイルを保存しました: /private/tmp/libx-commonmark-source-rebuild-890/workspace/apps/commonmark/public/sidebar.prepared-68750/sidebar-ja-v0-31-2.json
【情報】選択的サイドバー生成が完了しました
【情報】処理したプロジェクト: commonmark
検索索引 v0-31-2/en: 14ページ、61097 bytes
検索索引 v0-31-2/ja: 14ページ、71020 bytes
検索索引生成: 2件、92ms

> apps-commonmark@0.0.1 build /private/tmp/libx-commonmark-source-rebuild-890/workspace/apps/commonmark
> astro build

12:12:05 [content] Syncing content
12:12:05 [content] Synced content
12:12:05 [types] Generated 409ms
12:12:05 [build] output: "static"
12:12:05 [build] mode: "static"
12:12:05 [build] directory: /private/tmp/libx-commonmark-source-rebuild-890/workspace/apps/commonmark/dist/
12:12:05 [build] Collecting build info...
12:12:05 [build] ✓ Completed in 425ms.
12:12:05 [build] Building static entrypoints...
12:12:07 [vite] ✓ built in 1.07s
12:12:07 [build] ✓ Completed in 1.09s.

 building client (vite) 
12:12:07 [vite] transforming...
12:12:07 [vite] ✓ 14 modules transformed.
12:12:07 [vite] rendering chunks...
12:12:07 [vite] computing gzip size...
12:12:07 [vite] dist/assets/DocLayout.astro_astro_type_script_index_0_lang.SnA9FtQP.js         0.06 kB │ gzip: 0.08 kB
12:12:07 [vite] dist/assets/MainLayout.astro_astro_type_script_index_0_lang.CRIyKPYC.js        0.16 kB │ gzip: 0.15 kB
12:12:07 [vite] dist/assets/Banner.astro_astro_type_script_index_0_lang.JXV-v118.js            0.32 kB │ gzip: 0.24 kB
12:12:07 [vite] dist/assets/ThemeToggle.astro_astro_type_script_index_0_lang.BDHHZQnD.js       0.69 kB │ gzip: 0.36 kB
12:12:07 [vite] dist/assets/VersionDiff.astro_astro_type_script_index_0_lang.DQPfIGNm.js       0.69 kB │ gzip: 0.47 kB
12:12:07 [vite] dist/assets/SidebarPersister.astro_astro_type_script_index_0_lang.1HBmR04Y.js  0.79 kB │ gzip: 0.46 kB
12:12:07 [vite] dist/assets/Sidebar.astro_astro_type_script_index_0_lang.Dr4m1BH4.js           0.90 kB │ gzip: 0.38 kB
12:12:07 [vite] dist/assets/Navigation.astro_astro_type_script_index_0_lang.BxRkvq3w.js        0.97 kB │ gzip: 0.44 kB
12:12:07 [vite] dist/assets/TableOfContents.astro_astro_type_script_index_0_lang.ClgIWJ3a.js   1.05 kB │ gzip: 0.54 kB
12:12:07 [vite] dist/assets/Search.astro_astro_type_script_index_0_lang.CztvVJew.js            1.71 kB │ gzip: 0.93 kB
12:12:07 [vite] dist/assets/search-client.8T0gqxS2.js                                          1.97 kB │ gzip: 1.02 kB
12:12:07 [vite] dist/assets/GroupSidebar.astro_astro_type_script_index_0_lang.CHMaUHWQ.js      2.33 kB │ gzip: 1.05 kB
12:12:07 [vite] ✓ built in 32ms

 generating static routes 
12:12:07 ▶ src/pages/404.astro
12:12:07   └─ /404.html (+15ms) 
12:12:07 ▶ src/pages/[version]/[lang]/index.astro
12:12:07   ├─ /v0-31-2/en/index.html (+4ms) 
12:12:07   └─ /v0-31-2/ja/index.html (+3ms) 
12:12:07 ▶ src/pages/[version]/index.astro
12:12:07   └─ /v0-31-2/index.html (+1ms) 
12:12:07 ▶ src/pages/index.astro
12:12:07   └─ /index.html (+1ms) 
12:12:07 ▶ src/pages/[version]/[lang]/[...slug].astro
12:12:07   ├─ /v0-31-2/en/01-guide/01-introduction/index.html (+6ms) 
12:12:07   ├─ /v0-31-2/en/01-guide/02-characters-and-lines/index.html (+3ms) 
12:12:07   ├─ /v0-31-2/en/01-guide/03-tabs/index.html (+2ms) 
12:12:07   ├─ /v0-31-2/en/01-guide/04-backslash-escapes/index.html (+3ms) 
12:12:07   ├─ /v0-31-2/en/01-guide/05-character-references/index.html (+2ms) 
12:12:07   ├─ /v0-31-2/en/01-guide/06-blocks-and-inlines/index.html (+2ms) 
12:12:07   ├─ /v0-31-2/en/01-guide/07-thematic-breaks/index.html (+5ms) 
12:12:07   ├─ /v0-31-2/en/01-guide/08-atx-headings/index.html (+3ms) 
12:12:07   ├─ /v0-31-2/en/01-guide/09-setext-headings/index.html (+3ms) 
12:12:07   ├─ /v0-31-2/en/01-guide/10-indented-code-blocks/index.html (+2ms) 
12:12:07   ├─ /v0-31-2/en/01-guide/12-html-blocks/index.html (+2ms) 
12:12:07   ├─ /v0-31-2/ja/01-guide/02-characters-and-lines/index.html (+3ms) 
12:12:07   ├─ /v0-31-2/en/01-guide/11-fenced-code-blocks/index.html (+3ms) 
12:12:07   ├─ /v0-31-2/ja/01-guide/05-character-references/index.html (+2ms) 
12:12:07   ├─ /v0-31-2/ja/01-guide/04-backslash-escapes/index.html (+2ms) 
12:12:07   ├─ /v0-31-2/en/01-guide/13-link-reference-definitions/index.html (+2ms) 
12:12:07   ├─ /v0-31-2/en/01-guide/14-paragraphs-and-blank-lines/index.html (+2ms) 
12:12:07   ├─ /v0-31-2/ja/01-guide/03-tabs/index.html (+2ms) 
12:12:07   ├─ /v0-31-2/ja/01-guide/01-introduction/index.html (+2ms) 
12:12:07   ├─ /v0-31-2/ja/01-guide/06-blocks-and-inlines/index.html (+2ms) 
12:12:07   ├─ /v0-31-2/ja/01-guide/07-thematic-breaks/index.html (+2ms) 
12:12:07   ├─ /v0-31-2/ja/01-guide/08-atx-headings/index.html (+2ms) 
12:12:07   ├─ /v0-31-2/ja/01-guide/10-indented-code-blocks/index.html (+2ms) 
12:12:07   ├─ /v0-31-2/ja/01-guide/09-setext-headings/index.html (+2ms) 
12:12:07   ├─ /v0-31-2/ja/01-guide/11-fenced-code-blocks/index.html (+2ms) 
12:12:07   ├─ /v0-31-2/ja/01-guide/14-paragraphs-and-blank-lines/index.html (+2ms) 
12:12:07   ├─ /v0-31-2/ja/01-guide/12-html-blocks/index.html (+5ms) 
12:12:07   └─ /v0-31-2/ja/01-guide/13-link-reference-definitions/index.html (+3ms) 
12:12:07 ✓ Completed in 111ms.

12:12:07 [build] 33 page(s) built in 1.67s
12:12:07 [build] Complete!
