
> libx@ build:selective /private/tmp/libx-sed-chapter5-formal-951
> node scripts/build-selective.js --projects\=gnu-sed\,landing --reuse

【情報】gnu-sed: 再生成します (検証済み成果物目録がありません。再ビルドしてください: gnu-sed)
【情報】gnu-sed をビルドしています...

> apps-gnu-sed@0.0.1 prebuild /private/tmp/libx-sed-chapter5-formal-951/apps/gnu-sed
> libx-docs-prepare --projects=gnu-sed

【情報】選択的サイドバー生成を開始します...
【情報】指定されたプロジェクト: gnu-sed
【情報】プロジェクト gnu-sed の処理を開始します...
  - en/v4-10 のサイドバーを生成中...
  - JSONファイルを保存しました: /private/tmp/libx-sed-chapter5-formal-951/apps/gnu-sed/public/sidebar.prepared-6411/sidebar-en-v4-10.json
  - ja/v4-10 のサイドバーを生成中...
  - JSONファイルを保存しました: /private/tmp/libx-sed-chapter5-formal-951/apps/gnu-sed/public/sidebar.prepared-6411/sidebar-ja-v4-10.json
【情報】選択的サイドバー生成が完了しました
【情報】処理したプロジェクト: gnu-sed
検索索引 v4-10/en: 33ページ、117650 bytes
検索索引 v4-10/ja: 32ページ、109393 bytes
検索索引生成: 2件、244ms

> apps-gnu-sed@0.0.1 build /private/tmp/libx-sed-chapter5-formal-951/apps/gnu-sed
> astro build

10:52:50 [content] Syncing content
10:52:50 [content] Synced content
10:52:50 [types] Generated 268ms
10:52:50 [build] output: "static"
10:52:50 [build] mode: "static"
10:52:50 [build] directory: /private/tmp/libx-sed-chapter5-formal-951/apps/gnu-sed/dist/
10:52:50 [build] Collecting build info...
10:52:50 [build] ✓ Completed in 285ms.
10:52:50 [build] Building static entrypoints...
10:52:52 [vite] ✓ built in 1.82s
10:52:52 [build] ✓ Completed in 1.85s.

 building client (vite) 
10:52:52 [vite] transforming...
10:52:52 [vite] ✓ 14 modules transformed.
10:52:52 [vite] rendering chunks...
10:52:52 [vite] computing gzip size...
10:52:52 [vite] dist/assets/DocLayout.astro_astro_type_script_index_0_lang.SnA9FtQP.js         0.06 kB │ gzip: 0.08 kB
10:52:52 [vite] dist/assets/MainLayout.astro_astro_type_script_index_0_lang.BSQScBZF.js        0.16 kB │ gzip: 0.15 kB
10:52:52 [vite] dist/assets/Banner.astro_astro_type_script_index_0_lang.JXV-v118.js            0.32 kB │ gzip: 0.24 kB
10:52:52 [vite] dist/assets/ThemeToggle.astro_astro_type_script_index_0_lang.BDHHZQnD.js       0.69 kB │ gzip: 0.36 kB
10:52:52 [vite] dist/assets/VersionDiff.astro_astro_type_script_index_0_lang.DQPfIGNm.js       0.69 kB │ gzip: 0.47 kB
10:52:52 [vite] dist/assets/SidebarPersister.astro_astro_type_script_index_0_lang.1HBmR04Y.js  0.79 kB │ gzip: 0.46 kB
10:52:52 [vite] dist/assets/Sidebar.astro_astro_type_script_index_0_lang.Dr4m1BH4.js           0.90 kB │ gzip: 0.38 kB
10:52:52 [vite] dist/assets/Navigation.astro_astro_type_script_index_0_lang.BxRkvq3w.js        0.97 kB │ gzip: 0.44 kB
10:52:52 [vite] dist/assets/TableOfContents.astro_astro_type_script_index_0_lang.ClgIWJ3a.js   1.05 kB │ gzip: 0.54 kB
10:52:52 [vite] dist/assets/Search.astro_astro_type_script_index_0_lang.BCjqIuiE.js            1.71 kB │ gzip: 0.92 kB
10:52:52 [vite] dist/assets/search-client.8T0gqxS2.js                                          1.97 kB │ gzip: 1.02 kB
10:52:52 [vite] dist/assets/GroupSidebar.astro_astro_type_script_index_0_lang.CHMaUHWQ.js      2.33 kB │ gzip: 1.05 kB
10:52:52 [vite] ✓ built in 53ms

 generating static routes 
10:52:52 ▶ src/pages/404.astro
10:52:52   └─ /404.html (+26ms) 
10:52:52 ▶ src/pages/[version]/[lang]/index.astro
10:52:52   ├─ /v4-10/en/index.html (+12ms) 
10:52:52   └─ /v4-10/ja/index.html (+15ms) 
10:52:52 ▶ src/pages/[version]/index.astro
10:52:52   └─ /v4-10/index.html (+2ms) 
10:52:52 ▶ src/pages/index.astro
10:52:52   └─ /index.html (+2ms) 
10:52:52 ▶ src/pages/[version]/[lang]/[...slug].astro
10:52:52   ├─ /v4-10/en/01-guide/01-introduction/index.html (+29ms) 
10:52:52   ├─ /v4-10/en/01-guide/04-exit-status/index.html (+6ms) 
10:52:52   ├─ /v4-10/en/01-guide/02-overview/index.html (+8ms) 
10:52:52   ├─ /v4-10/en/01-guide/03-command-line-options/index.html (+9ms) 
10:52:52   ├─ /v4-10/en/01-guide/05-script-overview/index.html (+9ms) 
10:52:52   ├─ /v4-10/en/01-guide/08-often-used-commands/index.html (+9ms) 
10:52:52   ├─ /v4-10/en/01-guide/09-less-frequent-commands/index.html (+10ms) 
10:52:52   ├─ /v4-10/en/01-guide/07-substitution/index.html (+19ms) 
10:52:52   ├─ /v4-10/en/01-guide/06-command-summary/index.html (+6ms) 
10:52:52   ├─ /v4-10/en/01-guide/10-guru-commands/index.html (+5ms) 
10:52:52   ├─ /v4-10/en/01-guide/13-sed-addresses/index.html (+6ms) 
10:52:52   ├─ /v4-10/en/01-guide/11-gnu-commands/index.html (+6ms) 
10:52:52   ├─ /v4-10/en/01-guide/12-multiple-commands/index.html (+8ms) 
10:52:52   ├─ /v4-10/en/01-guide/15-numeric-addresses/index.html (+8ms) 
10:52:52   ├─ /v4-10/en/01-guide/14-addresses-overview/index.html (+12ms) 
10:52:52   ├─ /v4-10/en/01-guide/17-range-addresses/index.html (+7ms) 
10:52:52   ├─ /v4-10/en/01-guide/16-regexp-addresses/index.html (+8ms) 
10:52:52   ├─ /v4-10/en/01-guide/18-zero-address/index.html (+6ms) 
10:52:52   ├─ /v4-10/en/02-reference/01-gfdl/index.html (+4ms) 
10:52:52   ├─ /v4-10/ja/01-guide/01-introduction/index.html (+5ms) 
10:52:52   ├─ /v4-10/ja/01-guide/02-overview/index.html (+6ms) 
10:52:52   ├─ /v4-10/ja/01-guide/03-command-line-options/index.html (+5ms) 
10:52:52   ├─ /v4-10/ja/01-guide/04-exit-status/index.html (+11ms) 
10:52:52   ├─ /v4-10/ja/01-guide/05-script-overview/index.html (+5ms) 
10:52:52   ├─ /v4-10/ja/01-guide/06-command-summary/index.html (+5ms) 
10:52:52   ├─ /v4-10/ja/01-guide/07-substitution/index.html (+8ms) 
10:52:52   ├─ /v4-10/ja/01-guide/08-often-used-commands/index.html (+14ms) 
10:52:52   ├─ /v4-10/ja/01-guide/09-less-frequent-commands/index.html (+8ms) 
10:52:52   ├─ /v4-10/ja/01-guide/10-guru-commands/index.html (+5ms) 
10:52:52   ├─ /v4-10/ja/01-guide/11-gnu-commands/index.html (+10ms) 
10:52:52   ├─ /v4-10/ja/01-guide/13-sed-addresses/index.html (+7ms) 
10:52:52   ├─ /v4-10/ja/01-guide/12-multiple-commands/index.html (+9ms) 
10:52:52   ├─ /v4-10/ja/01-guide/14-addresses-overview/index.html (+9ms) 
10:52:52   ├─ /v4-10/ja/01-guide/17-range-addresses/index.html (+8ms) 
10:52:52   ├─ /v4-10/ja/01-guide/16-regexp-addresses/index.html (+13ms) 
10:52:52   ├─ /v4-10/ja/01-guide/15-numeric-addresses/index.html (+6ms) 
10:52:52   ├─ /v4-10/ja/01-guide/18-zero-address/index.html (+6ms) 
10:52:52   ├─ /v4-10/en/01-guide/19-sed-regular-expressions/index.html (+5ms) 
10:52:52   ├─ /v4-10/en/01-guide/20-regular-expressions-overview/index.html (+5ms) 
10:52:52   ├─ /v4-10/en/01-guide/22-bre-syntax/index.html (+4ms) 
10:52:52   ├─ /v4-10/en/01-guide/21-bre-vs-ere/index.html (+6ms) 
10:52:52   ├─ /v4-10/en/01-guide/23-ere-syntax/index.html (+5ms) 
10:52:52   ├─ /v4-10/en/01-guide/24-character-classes-and-bracket-expressions/index.html (+8ms) 
10:52:52   ├─ /v4-10/en/01-guide/25-regexp-extensions/index.html (+9ms) 
10:52:52   ├─ /v4-10/en/01-guide/26-back_002dreferences-and-subexpressions/index.html (+7ms) 
10:52:52   ├─ /v4-10/en/01-guide/28-escaping-precedence/index.html (+5ms) 
10:52:52   ├─ /v4-10/en/01-guide/27-escapes/index.html (+5ms) 
10:52:52   ├─ /v4-10/en/01-guide/30-invalid-multibyte-characters/index.html (+5ms) 
10:52:52   ├─ /v4-10/en/01-guide/29-locale-considerations/index.html (+7ms) 
10:52:52   ├─ /v4-10/en/01-guide/31-upper_002flower-case-conversion/index.html (+5ms) 
10:52:52   ├─ /v4-10/en/01-guide/32-multibyte-regexp-character-classes/index.html (+4ms) 
10:52:52   ├─ /v4-10/ja/01-guide/21-bre-vs-ere/index.html (+10ms) 
10:52:52   ├─ /v4-10/ja/01-guide/20-regular-expressions-overview/index.html (+5ms) 
10:52:52   ├─ /v4-10/ja/01-guide/22-bre-syntax/index.html (+6ms) 
10:52:52   ├─ /v4-10/ja/01-guide/19-sed-regular-expressions/index.html (+4ms) 
10:52:52   ├─ /v4-10/ja/01-guide/23-ere-syntax/index.html (+5ms) 
10:52:53   ├─ /v4-10/ja/01-guide/25-regexp-extensions/index.html (+5ms) 
10:52:53   ├─ /v4-10/ja/01-guide/24-character-classes-and-bracket-expressions/index.html (+7ms) 
10:52:53   ├─ /v4-10/ja/01-guide/26-back_002dreferences-and-subexpressions/index.html (+6ms) 
10:52:53   ├─ /v4-10/ja/01-guide/27-escapes/index.html (+5ms) 
10:52:53   ├─ /v4-10/ja/01-guide/29-locale-considerations/index.html (+4ms) 
10:52:53   ├─ /v4-10/ja/01-guide/30-invalid-multibyte-characters/index.html (+9ms) 
10:52:53   ├─ /v4-10/ja/01-guide/28-escaping-precedence/index.html (+5ms) 
10:52:53   ├─ /v4-10/ja/01-guide/31-upper_002flower-case-conversion/index.html (+6ms) 
10:52:53   └─ /v4-10/ja/01-guide/32-multibyte-regexp-character-classes/index.html (+6ms) 
10:52:53 ✓ Completed in 554ms.

10:52:53 [build] 70 page(s) built in 2.79s
10:52:53 [build] Complete!
【情報】landing: 再生成します (検証済み成果物目録がありません。再ビルドしてください: landing)
【情報】landing をビルドしています...

> sites-landing@0.0.1 build /private/tmp/libx-sed-chapter5-formal-951/sites/landing
> astro build

10:52:55 [vite] Re-optimizing dependencies because vite config has changed
10:52:55 [content] Syncing content
10:52:55 [content] Synced content
10:52:55 [types] Generated 142ms
10:52:55 [build] output: "static"
10:52:55 [build] mode: "static"
10:52:55 [build] directory: /private/tmp/libx-sed-chapter5-formal-951/sites/landing/dist/
10:52:55 [build] Collecting build info...
10:52:55 [build] ✓ Completed in 157ms.
10:52:55 [build] Building static entrypoints...
10:52:56 [vite] ✓ built in 992ms
10:52:56 [build] ✓ Completed in 1.01s.

 building client (vite) 
10:52:56 [vite] transforming...
10:52:56 [vite] ✓ 11 modules transformed.
10:52:56 [vite] rendering chunks...
10:52:56 [vite] computing gzip size...
10:52:56 [vite] dist/assets/Banner.astro_astro_type_script_index_0_lang.JXV-v118.js            0.32 kB │ gzip: 0.24 kB
10:52:56 [vite] dist/assets/ThemeToggle.astro_astro_type_script_index_0_lang.BDHHZQnD.js       0.69 kB │ gzip: 0.36 kB
10:52:56 [vite] dist/assets/SidebarPersister.astro_astro_type_script_index_0_lang.1HBmR04Y.js  0.79 kB │ gzip: 0.46 kB
10:52:56 [vite] dist/assets/Sidebar.astro_astro_type_script_index_0_lang.Dr4m1BH4.js           0.90 kB │ gzip: 0.38 kB
10:52:56 [vite] dist/assets/Navigation.astro_astro_type_script_index_0_lang.BxRkvq3w.js        0.97 kB │ gzip: 0.44 kB
10:52:56 [vite] dist/assets/TableOfContents.astro_astro_type_script_index_0_lang.ClgIWJ3a.js   1.05 kB │ gzip: 0.54 kB
10:52:56 [vite] dist/assets/Search.astro_astro_type_script_index_0_lang.DfbPoSz4.js            1.70 kB │ gzip: 0.91 kB
10:52:56 [vite] dist/assets/search-client.8T0gqxS2.js                                          1.97 kB │ gzip: 1.02 kB
10:52:56 [vite] dist/assets/GroupSidebar.astro_astro_type_script_index_0_lang.CHMaUHWQ.js      2.33 kB │ gzip: 1.05 kB
10:52:56 [vite] ✓ built in 46ms

 generating static routes 
10:52:56 ▶ src/pages/404.astro
10:52:56   └─ /404.html (+981ms) 
10:52:57 ▶ src/pages/[lang]/index.astro
10:52:57   ├─ /en/index.html (+7ms) 
10:52:57   ├─ /ja/index.html (+6ms) 
10:52:57   ├─ /zh-Hans/index.html (+6ms) 
10:52:57   ├─ /zh-Hant/index.html (+6ms) 
10:52:57   ├─ /es/index.html (+6ms) 
10:52:57   ├─ /pt-BR/index.html (+6ms) 
10:52:57   ├─ /ko/index.html (+6ms) 
10:52:57   ├─ /de/index.html (+6ms) 
10:52:57   ├─ /fr/index.html (+6ms) 
10:52:57   ├─ /ru/index.html (+5ms) 
10:52:57   ├─ /ar/index.html (+6ms) 
10:52:57   ├─ /id/index.html (+7ms) 
10:52:57   ├─ /tr/index.html (+7ms) 
10:52:57   ├─ /hi/index.html (+5ms) 
10:52:57   └─ /vi/index.html (+7ms) 
10:52:57 ▶ src/pages/index.astro
10:52:57   └─ /index.html (+1ms) 
10:52:57 ✓ Completed in 1.08s.

10:52:57 [build] 16 page(s) built in 2.31s
10:52:57 [build] Complete!
【情報】選択的統合ビルド: {"selected":["gnu-sed","landing"],"built":["gnu-sed","landing"],"reused":[],"groups":[],"removedJavaScriptFiles":27}
