
> libx@ format:check /private/tmp/libx-fmt-import-20261002
> prettier --check .

Checking formatting...
[warn] apps/fmt/astro.config.mjs
[warn] apps/fmt/src/config/project.config.jsonc
[warn] apps/fmt/src/plugins/rehype-explicit-headings.mjs
[warn] apps/fmt/src/styles/global.css
[warn] apps/fmt/tsconfig.json
[error] docs/notes/document-import/fmt/v12-2-0/generated-source/api.html: SyntaxError: Unexpected closing tag "p". It may happen when the tag has already been closed by another tag. For more info see https://www.w3.org/TR/html5/syntax.html#closing-elements-that-have-implied-end-tags (903:15)
[error]   901 | <p>Formats <code>args</code> according to specifications in <code>fmt</code> and writes the output to <code>stdout</code>.</p>
[error]   902 | <p><b>Example</b>: <pre><code class="language-cpp">fmt::print("The answer is {}.", 42);
[error] > 903 | </code> </pre></p>
[error]       |               ^^^^
[error]   904 |         </div>
[error]   905 | </div>
[error]   906 | <div class="docblock">
[warn] docs/notes/document-import/fmt/v12-2-0/generated-source/get-started.html
[error] docs/notes/document-import/fmt/v12-2-0/generated-source/index.html: SyntaxError: Unexpected closing tag "p". It may happen when the tag has already been closed by another tag. For more info see https://www.w3.org/TR/html5/syntax.html#closing-elements-that-have-implied-end-tags (473:1)
[error]   471 |   <code>fmt::format</code></a> <b>prevent buffer overflow errors</b> via
[error]   472 |   automatic memory management.
[error] > 473 | </p>
[error]       | ^^^^
[error]   474 | <a href="api#compile-time-checks">→ Learn more</a>
[error]   475 | </div>
[error]   476 |
[warn] docs/notes/document-import/fmt/v12-2-0/generated-source/syntax.html
[warn] docs/notes/document-import/fmt/v12-2-0/generated/API_ASSEMBLY_SOURCE.html
[warn] docs/notes/document-import/fmt/v12-2-0/REVIEW_MANIFEST.json
[warn] docs/notes/document-import/fmt/v12-2-0/source/.clang-format
[warn] docs/notes/document-import/fmt/v12-2-0/source/.github/dependabot.yml
[warn] docs/notes/document-import/fmt/v12-2-0/source/.github/workflows/codeql.yml
[warn] docs/notes/document-import/fmt/v12-2-0/source/.github/workflows/doc.yml
[warn] docs/notes/document-import/fmt/v12-2-0/source/.github/workflows/fuzz.yml
[warn] docs/notes/document-import/fmt/v12-2-0/source/.github/workflows/lint.yml
[warn] docs/notes/document-import/fmt/v12-2-0/source/.github/workflows/linux.yml
[warn] docs/notes/document-import/fmt/v12-2-0/source/.github/workflows/macos.yml
[warn] docs/notes/document-import/fmt/v12-2-0/source/.github/workflows/release.yml
[warn] docs/notes/document-import/fmt/v12-2-0/source/.github/workflows/windows.yml
[warn] docs/notes/document-import/fmt/v12-2-0/source/doc/fmt.css
[warn] docs/notes/document-import/fmt/v12-2-0/source/doc/fmt.js
[warn] docs/notes/document-import/fmt/v12-2-0/source/support/C++.sublime-syntax
[warn] docs/notes/document-import/fmt/v12-2-0/source/support/README
[warn] scripts/importers/check-fmt-api-assembly.mjs
[warn] scripts/importers/check-fmt-api-translation.mjs
[warn] scripts/importers/check-fmt-canonical.mjs
[warn] scripts/importers/check-fmt-content.mjs
[warn] scripts/importers/import-fmt-12.2.0.mjs
[warn] sites/landing/src/config/projects.config.jsonc
[warn] Code style issues found in 29 files. Run Prettier with --write to fix.
 ELIFECYCLE  Command failed with exit code 2.
