Scope: all 26 workspace projects
Progress: resolved 0, reused 0, downloaded 1, added 0
 WARN  deprecated glob@11.0.2: Old versions of glob are not supported, and contain widely publicized security vulnerabilities, which have been fixed in the current version. Please update. Support for old versions may be purchased (at exorbitant rates) by contacting i@izs.me
Progress: resolved 23, reused 0, downloaded 22, added 0
 WARN  deprecated eslint@8.57.1: This version is no longer supported. Please see https://eslint.org/version-support for other options.
Progress: resolved 28, reused 0, downloaded 28, added 0
Progress: resolved 29, reused 0, downloaded 29, added 0
Progress: resolved 73, reused 0, downloaded 61, added 0
Progress: resolved 188, reused 0, downloaded 176, added 0
Progress: resolved 250, reused 0, downloaded 248, added 0
Progress: resolved 374, reused 0, downloaded 370, added 0
Progress: resolved 396, reused 0, downloaded 392, added 0
Progress: resolved 442, reused 0, downloaded 441, added 0
Progress: resolved 559, reused 0, downloaded 507, added 0
Progress: resolved 632, reused 0, downloaded 563, added 0
Progress: resolved 674, reused 0, downloaded 575, added 0
Progress: resolved 712, reused 0, downloaded 589, added 0
Progress: resolved 718, reused 0, downloaded 596, added 0
Progress: resolved 727, reused 0, downloaded 604, added 0
Progress: resolved 753, reused 0, downloaded 628, added 0
Progress: resolved 781, reused 0, downloaded 660, added 0
Progress: resolved 786, reused 0, downloaded 666, added 0
Progress: resolved 787, reused 0, downloaded 668, added 0
Progress: resolved 800, reused 0, downloaded 681, added 0
Progress: resolved 821, reused 0, downloaded 703, added 0
Progress: resolved 856, reused 0, downloaded 738, added 0
Progress: resolved 857, reused 0, downloaded 739, added 0
Progress: resolved 857, reused 0, downloaded 740, added 0
Progress: resolved 861, reused 0, downloaded 743, added 0
Progress: resolved 869, reused 0, downloaded 749, added 0
 WARN  6 deprecated subdependencies found: @humanwhocodes/config-array@0.13.0, @humanwhocodes/object-schema@2.0.3, glob@7.2.3, inflight@1.0.6, rimraf@3.0.2, tsconfck@3.1.5
Packages: +755
++++++++++++++++++++++++++++++++++++++++++++++++++++++++++++++++++++++++++++++++
Progress: resolved 869, reused 0, downloaded 751, added 239
Progress: resolved 869, reused 0, downloaded 751, added 567
Progress: resolved 869, reused 0, downloaded 752, added 755, done

dependencies:
+ ajv 8.17.1
+ ajv-formats 3.0.1
+ glob 11.0.2 deprecated
+ gray-matter 4.0.3

devDependencies:
+ @astrojs/starlight 0.34.8
+ @types/node 20.19.25
+ @typescript-eslint/eslint-plugin 6.21.0
+ @typescript-eslint/parser 6.21.0
+ astro 5.7.12 (7.3.5 is available)
+ astro-eslint-parser 0.16.3
+ chrome-launcher 1.2.1
+ eslint 8.57.1 deprecated
+ eslint-config-prettier 9.1.2
+ eslint-plugin-astro 0.29.1
+ lighthouse 12.8.2
+ parse5 7.3.0
+ prettier 3.5.3
+ prettier-plugin-astro 0.14.1
+ remark-gfm 4.0.1
+ remark-mdx 3.1.0
+ remark-parse 11.0.0
+ typescript 5.8.3 (7.0.2 is available)
+ unified 11.0.5
+ unist-util-visit 5.0.0 (5.1.0 is available)
+ wrangler 4.60.0

╭ Warning ─────────────────────────────────────────────────────────────────────╮
│                                                                              │
│   Ignored build scripts: esbuild, sharp, workerd.                            │
│   Run "pnpm approve-builds" to pick which dependencies should be allowed     │
│   to run scripts.                                                            │
│                                                                              │
╰──────────────────────────────────────────────────────────────────────────────╯

Done in 32.3s using pnpm v10.10.0
