
> apps-gnu-ed-trial@0.0.1 prebuild /private/tmp/libx-gnu-ed-trial-932/apps/gnu-ed-trial
> libx-docs-prepare --projects=gnu-ed-trial

【情報】選択的サイドバー生成を開始します...
【情報】指定されたプロジェクト: gnu-ed-trial
【情報】プロジェクト gnu-ed-trial の処理を開始します...
  - en/v1-22-6 のサイドバーを生成中...
  - JSONファイルを保存しました: /private/tmp/libx-gnu-ed-trial-932/apps/gnu-ed-trial/public/sidebar.prepared-73352/sidebar-en-v1-22-6.json
【情報】選択的サイドバー生成が完了しました
【情報】処理したプロジェクト: gnu-ed-trial
検索索引 v1-22-6/en: 13ページ、70481 bytes
検索索引生成: 1件、48ms

> apps-gnu-ed-trial@0.0.1 build /private/tmp/libx-gnu-ed-trial-932/apps/gnu-ed-trial
> astro build

04:33:09 [vite] Re-optimizing dependencies because lockfile has changed
04:33:10 [content] Syncing content
04:33:10 [content] Astro config changed
04:33:10 [content] Clearing content store
04:33:10 [content] Synced content
04:33:10 [types] Generated 385ms
04:33:10 [build] output: "static"
04:33:10 [build] mode: "static"
04:33:10 [build] directory: /private/tmp/libx-gnu-ed-trial-932/apps/gnu-ed-trial/dist/
04:33:10 [build] Collecting build info...
04:33:10 [build] ✓ Completed in 405ms.
04:33:10 [build] Building static entrypoints...
04:33:11 [vite] ✓ built in 1.11s
04:33:11 [build] ✓ Completed in 1.14s.

 building client (vite) 
04:33:11 [vite] transforming...
04:33:11 [vite] ✓ 14 modules transformed.
04:33:11 [vite] rendering chunks...
04:33:11 [vite] computing gzip size...
04:33:11 [vite] dist/assets/DocLayout.astro_astro_type_script_index_0_lang.SnA9FtQP.js         0.06 kB │ gzip: 0.08 kB
04:33:11 [vite] dist/assets/MainLayout.astro_astro_type_script_index_0_lang.rZnyf9eE.js        0.16 kB │ gzip: 0.15 kB
04:33:11 [vite] dist/assets/Banner.astro_astro_type_script_index_0_lang.JXV-v118.js            0.32 kB │ gzip: 0.24 kB
04:33:11 [vite] dist/assets/ThemeToggle.astro_astro_type_script_index_0_lang.BDHHZQnD.js       0.69 kB │ gzip: 0.36 kB
04:33:11 [vite] dist/assets/VersionDiff.astro_astro_type_script_index_0_lang.DQPfIGNm.js       0.69 kB │ gzip: 0.47 kB
04:33:11 [vite] dist/assets/SidebarPersister.astro_astro_type_script_index_0_lang.1HBmR04Y.js  0.79 kB │ gzip: 0.46 kB
04:33:11 [vite] dist/assets/Sidebar.astro_astro_type_script_index_0_lang.Dr4m1BH4.js           0.90 kB │ gzip: 0.38 kB
04:33:11 [vite] dist/assets/Navigation.astro_astro_type_script_index_0_lang.BxRkvq3w.js        0.97 kB │ gzip: 0.44 kB
04:33:11 [vite] dist/assets/TableOfContents.astro_astro_type_script_index_0_lang.ClgIWJ3a.js   1.05 kB │ gzip: 0.54 kB
04:33:11 [vite] dist/assets/Search.astro_astro_type_script_index_0_lang.CLkosvz4.js            1.71 kB │ gzip: 0.93 kB
04:33:11 [vite] dist/assets/search-client.8T0gqxS2.js                                          1.97 kB │ gzip: 1.02 kB
04:33:11 [vite] dist/assets/GroupSidebar.astro_astro_type_script_index_0_lang.CHMaUHWQ.js      2.33 kB │ gzip: 1.05 kB
04:33:11 [vite] ✓ built in 36ms

 generating static routes 
04:33:11 ▶ src/pages/404.astro
04:33:11   └─ /404.html (+12ms) 
04:33:11 ▶ src/pages/[version]/[lang]/index.astro
04:33:11   └─ /v1-22-6/en/index.html (+4ms) 
04:33:11 ▶ src/pages/[version]/index.astro
04:33:11   └─ /v1-22-6/index.html (+1ms) 
04:33:11 ▶ src/pages/index.astro
04:33:11   └─ /index.html (+1ms) 
04:33:11 ▶ src/pages/[version]/[lang]/[...slug].astro
04:33:11   ├─ /v1-22-6/en/01-guide/01-overview-notice/index.html (+6ms) 
04:33:11   ├─ /v1-22-6/en/01-guide/02-overview/index.html (+4ms) 
04:33:11   ├─ /v1-22-6/en/01-guide/03-introduction-to-line-editing/index.html (+3ms) 
04:33:11   ├─ /v1-22-6/en/01-guide/04-invoking-ed/index.html (+2ms) 
04:33:11   ├─ /v1-22-6/en/01-guide/05-argument-syntax/index.html (+3ms) 
04:33:11   ├─ /v1-22-6/en/01-guide/06-line-addressing/index.html (+3ms) 
04:33:11   ├─ /v1-22-6/en/01-guide/09-the-s-command/index.html (+3ms) 
04:33:11   ├─ /v1-22-6/en/01-guide/08-commands/index.html (+2ms) 
04:33:11   ├─ /v1-22-6/en/01-guide/10-limitations/index.html (+2ms) 
04:33:11   ├─ /v1-22-6/en/01-guide/07-regular-expressions/index.html (+2ms) 
04:33:11   ├─ /v1-22-6/en/01-guide/11-diagnostics/index.html (+2ms) 
04:33:11   ├─ /v1-22-6/en/01-guide/12-problems/index.html (+2ms) 
04:33:11   └─ /v1-22-6/en/01-guide/13-gfdl/index.html (+2ms) 
04:33:11 ✓ Completed in 78ms.

04:33:11 [build] 17 page(s) built in 1.66s
04:33:11 [build] Complete!
